Java maximum available memory: 91932480 KB.
Reading content roads-network









16.053: [GC [PSYoungGen: 2815808K->469231K(3285056K)] 2815808K->1107365K(10793728K), 0.7889530 secs] [Times: user=9.22 sys=0.85, real=0.79 secs] 
May 31, 2013 9:01:03 PM org.geotools.data.shapefile.ShpFiles logCurrentLockers
SEVERE: The following locker still has a lock: read on file:/home/arne/git/project/../../data/de/roads-network.dbf by org.geotools.data.shapefile.dbf.IndexedDbaseFileReader
May 31, 2013 9:01:03 PM org.geotools.data.shapefile.ShpFiles logCurrentLockers
SEVERE: The following locker still has a lock: read on file:/home/arne/git/project/../../data/de/roads-network.shp by org.geotools.data.shapefile.shp.ShapefileReader
May 31, 2013 9:01:03 PM org.geotools.data.shapefile.ShpFiles logCurrentLockers
SEVERE: The following locker still has a lock: read on file:/home/arne/git/project/../../data/de/roads-network.shx by org.geotools.data.shapefile.shp.IndexFile
Features read from Shapefile: 929130
20.337: [GC [PSYoungGen: 3285039K->469247K(6100864K)] 3923173K->2675421K(13609536K), 1.1556710 secs] [Times: user=13.51 sys=1.44, real=1.15 secs] 
30.111: [GC [PSYoungGen: 6100863K->469248K(6100864K)] 8307037K->6407264K(13609536K), 1.9606450 secs] [Times: user=22.31 sys=2.96, real=1.96 secs] 
32.072: [Full GC [PSYoungGen: 469248K->0K(6100864K)] [ParOldGen: 5938016K->6363151K(15046592K)] 6407264K->6363151K(21147456K) [PSPermGen: 23973K->23952K(48192K)], 10.0556880 secs] [Times: user=112.07 sys=0.82, real=10.06 secs] 
51.256: [GC [PSYoungGen: 5631616K->469248K(8172736K)] 11994767K->9976471K(23219328K), 1.5749930 secs] [Times: user=17.70 sys=2.70, real=1.58 secs] 
Java using 13211778 KB of 23219328 KB.
Total segment count: 7606864
107.368: [GC [PSYoungGen: 8172736K->469248K(10697792K)] 17679959K->14356343K(25744384K), 2.8096470 secs] [Times: user=31.51 sys=4.66, real=2.81 secs] 
110.178: [Full GC [PSYoungGen: 469248K->0K(10697792K)] [ParOldGen: 13887095K->14299555K(27256128K)] 14356343K->14299555K(37953920K) [PSPermGen: 24110K->24110K(54336K)], 15.1156810 secs] [Times: user=166.21 sys=9.15, real=15.12 secs] 
Regionalisation done; on average 11 close segments, 4 close false parallels.
Java using 17930104 KB of 37953920 KB.
190.506: [GC [PSYoungGen: 10228544K->2514304K(16558336K)] 24528099K->16813859K(43814464K), 2.7409090 secs] [Times: user=18.63 sys=16.83, real=2.74 secs] 
221.832: [GC [PSYoungGen: 13045952K->2807072K(16255232K)] 27345507K->17106627K(43511360K), 2.0026520 secs] [Times: user=16.32 sys=9.60, real=2.00 secs] 
254.815: [GC [PSYoungGen: 13338720K->2850688K(17868288K)] 27638275K->17150243K(45124416K), 1.1720940 secs] [Times: user=13.27 sys=1.90, real=1.17 secs] 
295.615: [GC [PSYoungGen: 16156160K->2862240K(18456768K)] 30455715K->17161795K(45712896K), 0.9494800 secs] [Times: user=10.44 sys=1.82, real=0.95 secs] 
337.887: [GC [PSYoungGen: 16167712K->2949600K(19215232K)] 30467267K->17249155K(46471360K), 0.9237560 secs] [Times: user=11.25 sys=0.68, real=0.93 secs] 
385.999: [GC [PSYoungGen: 17841504K->3038880K(19641792K)] 32141059K->17338435K(46897920K), 0.9416480 secs] [Times: user=12.04 sys=0.09, real=0.94 secs] 
434.446: [GC [PSYoungGen: 17930784K->3144256K(20480960K)] 32230339K->17443811K(47737088K), 1.0019460 secs] [Times: user=12.08 sys=0.87, real=1.00 secs] 
487.922: [GC [PSYoungGen: 19408896K->3258304K(20756800K)] 33708451K->17557859K(48012928K), 1.0167510 secs] [Times: user=12.92 sys=0.22, real=1.02 secs] 
543.774: [GC [PSYoungGen: 19522944K->3364768K(21749056K)] 33822499K->17664323K(49005184K), 1.0430250 secs] [Times: user=12.70 sys=0.77, real=1.05 secs] 
Splitting done.
Java using 18719805 KB of 49005184 KB.
624.865: [GC [PSYoungGen: 20837280K->3499040K(21894208K)] 35136835K->17798595K(49150336K), 5.4485100 secs] [Times: user=25.49 sys=45.06, real=5.45 secs] 
707.155: [GC [PSYoungGen: 20971552K->3618912K(23289792K)] 35271107K->17918467K(50545920K), 1.4667220 secs] [Times: user=17.78 sys=1.18, real=1.46 secs] 
Analysis done.
Java using 32385411 KB of 50545920 KB.
Node Correlation done.
Java using 35428538 KB of 50545920 KB.
798.269: [GC [PSYoungGen: 22526688K->4503417K(23411200K)] 36826243K->19839013K(50667328K), 9.3351240 secs] [Times: user=51.90 sys=69.01, real=9.33 secs] 
Done.
Processing time: 767756 ms
Java using 37857211 KB of 50667328 KB.
Writing results...
Skipped writeAllNodes (Writer creation failed for path: ).
Skipped writeAllSegments (Writer creation failed for path: ).
Skipped writeMidPointConnectors (Writer creation failed for path: ).
831.494: [GC [PSYoungGen: 23411193K->5250409K(23291008K)] 38746789K->25414237K(50547136K), 12.6900340 secs] [Times: user=68.70 sys=95.71, real=12.69 secs] 
Output: 788672 lines.
Java using 28637699 KB of 50547136 KB.
855.884: [GC [PSYoungGen: 8834691K->3359385K(25578432K)] 28998518K->25426986K(52834560K), 7.0298000 secs] [Times: user=36.65 sys=54.40, real=7.03 secs] 
862.914: [Full GC (System) [PSYoungGen: 3359385K->0K(25578432K)] [ParOldGen: 22067601K->24924686K(27256128K)] 25426986K->24924686K(52834560K) [PSPermGen: 25403K->25312K(53248K)], 39.6610680 secs] [Times: user=459.80 sys=19.62, real=39.67 secs] 
Java using 24924686 KB of 52834560 KB.
Heap
 PSYoungGen      total 25578432K, used 1440605K [0x00007fb2d8d60000, 0x00007fbb11000000, 0x00007fbb11000000)
  eden space 18040576K, 7% used [0x00007fb2d8d60000,0x00007fb330c37660,0x00007fb725f20000)
  from space 7537856K, 0% used [0x00007fb725f20000,0x00007fb725f20000,0x00007fb8f2050000)
  to   space 7310016K, 0% used [0x00007fb952d50000,0x00007fb952d50000,0x00007fbb11000000)
 ParOldGen       total 27256128K, used 24924686K [0x00007fa268800000, 0x00007fa8e8150000, 0x00007fb2d8d60000)
  object space 27256128K, 91% used [0x00007fa268800000,0x00007fa859c83b30,0x00007fa8e8150000)
 PSPermGen       total 53248K, used 25329K [0x00007fa25e200000, 0x00007fa261600000, 0x00007fa268800000)
  object space 53248K, 47% used [0x00007fa25e200000,0x00007fa25fabc418,0x00007fa261600000)



Fri May 31 21:15:56 CEST 2013



