Java maximum available memory: 91932480 KB.
Reading content roads-network-nolinks
10.537: [GC [PSYoungGen: 2815808K->469235K(3285056K)] 2815808K->1291977K(10793728K), 1.1686290 secs] [Times: user=8.83 sys=0.96, real=1.16 secs] 
May 31, 2013 6:15:26 PM org.geotools.data.shapefile.ShpFiles logCurrentLockers
SEVERE: The following locker still has a lock: read on file:/home/arne/git/project/../../data/de/roads-network-nolinks.dbf by org.geotools.data.shapefile.dbf.IndexedDbaseFileReader
May 31, 2013 6:15:26 PM org.geotools.data.shapefile.ShpFiles logCurrentLockers
SEVERE: The following locker still has a lock: read on file:/home/arne/git/project/../../data/de/roads-network-nolinks.shp by org.geotools.data.shapefile.shp.ShapefileReader
May 31, 2013 6:15:26 PM org.geotools.data.shapefile.ShpFiles logCurrentLockers
SEVERE: The following locker still has a lock: read on file:/home/arne/git/project/../../data/de/roads-network-nolinks.shx by org.geotools.data.shapefile.shp.IndexFile
Features read from Shapefile: 867319
16.289: [GC [PSYoungGen: 3285043K->469219K(6100864K)] 4107785K->2996041K(13609536K), 1.5734590 secs] [Times: user=11.52 sys=1.75, real=1.57 secs] 
29.211: [GC [PSYoungGen: 6100835K->469248K(6100864K)] 8627657K->6713725K(13609536K), 2.7462370 secs] [Times: user=20.45 sys=3.05, real=2.75 secs] 
31.957: [Full GC [PSYoungGen: 469248K->0K(6100864K)] [ParOldGen: 6244477K->6667081K(15436416K)] 6713725K->6667081K(21537280K) [PSPermGen: 23832K->23812K(47680K)], 15.6986110 secs] [Times: user=126.59 sys=0.71, real=15.70 secs] 
58.084: [GC [PSYoungGen: 5631616K->469248K(7926528K)] 12298697K->10272369K(23362944K), 2.3432850 secs] [Times: user=16.75 sys=2.54, real=2.34 secs] 
Java using 12062029 KB of 23362944 KB.
	arne     28190  364 11.6 109833484 17284660 pts/0 Sl 18:15   3:57 
Total segment count: 7228935
140.286: [GC [PSYoungGen: 7926528K->469248K(10037760K)] 17729649K->14780849K(25474176K), 3.8905250 secs] [Times: user=28.12 sys=4.54, real=3.90 secs] 
144.177: [Full GC [PSYoungGen: 469248K->0K(10037760K)] [ParOldGen: 14311601K->14724489K(28037632K)] 14780849K->14724489K(38075392K) [PSPermGen: 23994K->23993K(54016K)], 28.4851660 secs] [Times: user=193.49 sys=6.92, real=28.48 secs] 
Regionalisation done; on average 9 close segments, 4 close false parallels.
Java using 16045262 KB of 38075392 KB.
	arne     28190  298 16.1 109833484 24038776 pts/0 Sl 18:15   9:26 
221.312: [GC [PSYoungGen: 9568512K->1013280K(15472640K)] 24293001K->15737769K(43510272K), 1.5758200 secs] [Times: user=8.61 sys=3.87, real=1.57 secs] 
255.889: [GC [PSYoungGen: 10481696K->1175616K(15572736K)] 25206185K->15900105K(43610368K), 1.0103710 secs] [Times: user=7.83 sys=0.73, real=1.02 secs] 
292.444: [GC [PSYoungGen: 10644032K->1193760K(16861440K)] 25368521K->15918249K(44899072K), 0.9837140 secs] [Times: user=8.09 sys=0.86, real=0.99 secs] 
337.301: [GC [PSYoungGen: 12563424K->1329408K(17281152K)] 27287913K->16053897K(45318784K), 1.3392700 secs] [Times: user=9.75 sys=2.00, real=1.34 secs] 
382.638: [GC [PSYoungGen: 12699072K->1436192K(17591296K)] 27423561K->16160681K(45628928K), 0.8061740 secs] [Times: user=9.76 sys=0.60, real=0.81 secs] 
433.211: [GC [PSYoungGen: 13833760K->1530688K(17955584K)] 28558249K->16255177K(45993216K), 1.4125220 secs] [Times: user=11.27 sys=0.92, real=1.41 secs] 
Splitting done.
Java using 19999745 KB of 45993216 KB.
	arne     28190  196 21.9 109833484 32633156 pts/0 Sl 18:15  14:44 
501.204: [GC [PSYoungGen: 13928256K->1635872K(18310080K)] 28652745K->16360361K(46347712K), 3.0272830 secs] [Times: user=16.46 sys=9.25, real=3.02 secs] 
580.692: [GC [PSYoungGen: 15045088K->1735072K(18536256K)] 29769577K->16459561K(46573888K), 1.4540570 secs] [Times: user=11.28 sys=0.85, real=1.45 secs] 
Analysis done.
Java using 21589470 KB of 46573888 KB.
	arne     28190  176 23.2 109833484 34491440 pts/0 Sl 18:15  17:55 
Node Correlation done.
Java using 24017624 KB of 46573888 KB.
	arne     28190  173 23.2 109833484 34495348 pts/0 Sl 18:15  18:19 
643.473: [GC [PSYoungGen: 15144288K->4704134K(18571776K)] 29868777K->19428623K(46609408K), 5.8532620 secs] [Times: user=32.74 sys=14.91, real=5.85 secs] 
Done.
Processing time: 600980 ms
Java using 31919831 KB of 46609408 KB.
	arne     28190  176 25.6 109833484 38065360 pts/0 Sl 18:15  19:33 
Writing results...
Skipped writeAllNodes (Writer creation failed for path: ).
Skipped writeAllSegments (Writer creation failed for path: ).
Skipped writeMidPointConnectors (Writer creation failed for path: ).
672.065: [GC [PSYoungGen: 18381958K->5581094K(19258944K)] 33106447K->23355919K(47296576K), 12.8726580 secs] [Times: user=59.75 sys=49.09, real=12.87 secs] 
Output: 652132 lines.
Java using 26071399 KB of 47296576 KB.
	arne     28190  186 28.7 109833484 42669444 pts/0 Sl 18:15  21:39 
697.963: [GC [PSYoungGen: 8570138K->5581286K(23338496K)] 26344964K->23356111K(51376128K), 6.7265510 secs] [Times: user=35.57 sys=23.33, real=6.73 secs] 
704.690: [Full GC (System) [PSYoungGen: 5581286K->0K(23338496K)] [ParOldGen: 17774825K->22910858K(28037632K)] 23356111K->22910858K(51376128K) [PSPermGen: 25264K->25161K(52928K)], 59.8791340 secs] [Times: user=365.98 sys=17.41, real=59.89 secs] 
Java using 22910858 KB of 51376128 KB.
	arne     28190  227 36.1 109833484 53716264 pts/0 Sl 18:15  29:02 
Heap
 PSYoungGen      total 23338496K, used 1258208K [0x00007f45b8d60000, 0x00007f4d74210000, 0x00007f4df1000000)
  eden space 15756416K, 7% used [0x00007f45b8d60000,0x00007f4605a18080,0x00007f497a880000)
  from space 7582080K, 0% used [0x00007f4b67fd0000,0x00007f4b67fd0000,0x00007f4d36c30000)
  to   space 8084800K, 0% used [0x00007f497a880000,0x00007f497a880000,0x00007f4b67fd0000)
 ParOldGen       total 28037632K, used 22910858K [0x00007f3548800000, 0x00007f3bf7c80000, 0x00007f45b8d60000)
  object space 28037632K, 81% used [0x00007f3548800000,0x00007f3abede2880,0x00007f3bf7c80000)
 PSPermGen       total 52928K, used 25178K [0x00007f353e200000, 0x00007f35415b0000, 0x00007f3548800000)
  object space 52928K, 47% used [0x00007f353e200000,0x00007f353fa968d8,0x00007f35415b0000)



Fri May 31 18:28:07 CEST 2013



