Java maximum available memory: 91932480 KB.
Reading content roads-mtp-nolinks
Features read from Shapefile: 158702
Java using 2703180 KB of 10793728 KB.
	arne     11252  117  1.8 109833484 2802892 pts/0 Sl 18:06   0:09 
Total segment count: 965638
7.481: [GC [PSYoungGen: 2815808K->469220K(3285056K)] 2815808K->1639459K(10793728K), 1.5931070 secs] [Times: user=11.92 sys=5.69, real=1.59 secs] 
Regionalisation done; on average 9 close segments, 6 close false parallels.
Java using 2651141 KB of 10793728 KB.
	arne     11252  196  3.0 109833484 4578832 pts/0 Sl 18:06   0:47 
30.845: [GC [PSYoungGen: 3285028K->469248K(6100864K)] 4455267K->2242532K(13609536K), 1.1487990 secs] [Times: user=8.43 sys=4.36, real=1.14 secs] 
Splitting done.
Java using 7874148 KB of 13609536 KB.
54.657: [GC [PSYoungGen: 6100864K->469248K(6100864K)] 7874148K->2299076K(13609536K), 1.0142240 secs] [Times: user=5.69 sys=5.88, real=1.01 secs] 
	arne     11252  162  5.4 109833484 8048356 pts/0 Sl 18:06   1:29 
Analysis done.
Java using 5756742 KB of 13609536 KB.
	arne     11252  158  5.7 109833484 8574148 pts/0 Sl 18:06   2:00 
Node Correlation done.
Java using 6761387 KB of 13609536 KB.
	arne     11252  154  5.9 110030092 8768804 pts/0 Sl 18:06   2:11 
86.065: [GC [PSYoungGen: 6100864K->469244K(11732480K)] 7930692K->3187025K(19241152K), 2.2094990 secs] [Times: user=15.22 sys=9.09, real=2.21 secs] 
Done.
Processing time: 82243 ms
Java using 3846662 KB of 19241152 KB.
	arne     11252  177  6.8 110030092 10126540 pts/0 Sl 18:06   2:39 
Writing results...
Skipped writeAllNodes (Writer creation failed for path: ).
Skipped writeAllSegments (Writer creation failed for path: ).
Skipped writeMidPointConnectors (Writer creation failed for path: ).
Output: 34617 lines.
Java using 4291814 KB of 19241152 KB.
	arne     11252  174  6.8 110030092 10126692 pts/0 Sl 18:06   2:41 
93.029: [GC [PSYoungGen: 1799306K->469244K(11732480K)] 4517087K->3329105K(19241152K), 1.2496390 secs] [Times: user=6.39 sys=7.20, real=1.25 secs] 
94.279: [Full GC (System) [PSYoungGen: 469244K->0K(11732480K)] [ParOldGen: 2859861K->3278219K(7508672K)] 3329105K->3278219K(19241152K) [PSPermGen: 24340K->24283K(48640K)], 8.3358110 secs] [Times: user=75.30 sys=1.41, real=8.34 secs] 
Java using 3278219 KB of 19241152 KB.
	arne     11252  242  7.6 110030092 11302384 pts/0 Sl 18:06   4:12 
Heap
 PSYoungGen      total 11732480K, used 895681K [0x00007fb888d60000, 0x00007fbb71920000, 0x00007fc0c1000000)
  eden space 11263232K, 7% used [0x00007fb888d60000,0x00007fb8bf810630,0x00007fbb384a0000)
  from space 469248K, 0% used [0x00007fbb384a0000,0x00007fbb384a0000,0x00007fbb54ee0000)
  to   space 469248K, 0% used [0x00007fbb54ee0000,0x00007fbb54ee0000,0x00007fbb71920000)
 ParOldGen       total 7508672K, used 3278219K [0x00007fa818800000, 0x00007fa9e2cb0000, 0x00007fb888d60000)
  object space 7508672K, 43% used [0x00007fa818800000,0x00007fa8e0962f78,0x00007fa9e2cb0000)
 PSPermGen       total 48640K, used 24300K [0x00007fa80e200000, 0x00007fa811180000, 0x00007fa818800000)
  object space 48640K, 49% used [0x00007fa80e200000,0x00007fa80f9bb038,0x00007fa811180000)



Fri May 31 18:08:39 CEST 2013



