Java maximum available memory: 91932480 KB.
Reading content roads-nolinks
10.970: [GC [PSYoungGen: 2815808K->469219K(3285056K)] 2815808K->1223905K(10793728K), 1.0989950 secs] [Times: user=8.02 sys=0.89, real=1.10 secs] 
May 31, 2013 6:28:19 PM org.geotools.data.shapefile.ng.files.ShpFiles logCurrentLockers
SEVERE: The following locker still has a lock: read on file:/home/arne/git/project/../../data/de/roads-nolinks.shp by org.geotools.data.shapefile.ng.shp.ShapefileReader
May 31, 2013 6:28:19 PM org.geotools.data.shapefile.ng.files.ShpFiles logCurrentLockers
SEVERE: The following locker still has a lock: read on file:/home/arne/git/project/../../data/de/roads-nolinks.shx by org.geotools.data.shapefile.ng.shp.IndexFile
May 31, 2013 6:28:19 PM org.geotools.data.shapefile.ng.files.ShpFiles logCurrentLockers
SEVERE: The following locker still has a lock: read on file:/home/arne/git/project/../../data/de/roads-nolinks.dbf by org.geotools.data.shapefile.ng.dbf.DbaseFileReader
17.072: [GC [PSYoungGen: 3285027K->469235K(6100864K)] 4039713K->2445049K(13609536K), 1.4589900 secs] [Times: user=11.39 sys=1.43, real=1.46 secs] 
30.909: [GC [PSYoungGen: 6100851K->469235K(6100864K)] 8076665K->4906225K(13609536K), 2.7128980 secs] [Times: user=21.27 sys=2.11, real=2.72 secs] 
Features read from Shapefile: 3386908
41.470: [GC-- [PSYoungGen: 6100851K->6100851K(6100864K)] 10537841K->13869177K(13870464K), 4.5129300 secs] [Times: user=20.35 sys=2.76, real=4.52 secs] 
45.983: [Full GC [PSYoungGen: 6100851K->0K(6100864K)] [ParOldGen: 7768326K->7769597K(14895872K)] 13869177K->7769597K(20996736K) [PSPermGen: 23952K->23932K(48192K)], 19.1032640 secs] [Times: user=152.92 sys=0.64, real=19.10 secs] 
73.471: [Full GC [PSYoungGen: 5631616K->0K(6100864K)] [ParOldGen: 7769597K->11798911K(21995712K)] 13401213K->11798911K(28096576K) [PSPermGen: 23935K->23935K(53888K)], 17.1409380 secs] [Times: user=128.81 sys=2.53, real=17.14 secs] 
101.251: [GC [PSYoungGen: 5631616K->469248K(7580352K)] 17430527K->15354943K(29576064K), 2.4127820 secs] [Times: user=17.92 sys=2.25, real=2.41 secs] 
118.294: [GC [PSYoungGen: 7580352K->4162368K(11273472K)] 22466047K->19751103K(33269184K), 2.6567180 secs] [Times: user=19.05 sys=3.09, real=2.66 secs] 
134.630: [GC [PSYoungGen: 11273472K->5512064K(11708864K)] 26862207K->24069687K(33704576K), 3.3846590 secs] [Times: user=30.93 sys=6.04, real=3.38 secs] 
138.014: [Full GC [PSYoungGen: 5512064K->2012535K(11708864K)] [ParOldGen: 18557623K->21995711K(36871040K)] 24069687K->24008246K(48579904K) [PSPermGen: 23935K->23935K(52224K)], 37.2704800 secs] [Times: user=272.33 sys=3.74, real=37.28 secs] 
188.026: [GC [PSYoungGen: 8209335K->5651264K(14454208K)] 30205046K->27646975K(51325248K), 4.6991720 secs] [Times: user=37.73 sys=0.44, real=4.70 secs] 
Java using 33762051 KB of 51325248 KB.
	arne       357  416 27.7 109833484 41238408 pts/0 Sl 18:28  14:18 
207.245: [GC [PSYoungGen: 11848064K->8578816K(14601152K)] 33843775K->31153623K(51472192K), 11.2615460 secs] [Times: user=54.48 sys=38.84, real=11.27 secs] 
Total segment count: 19132158
288.139: [GC [PSYoungGen: 14601152K->10276928K(16299264K)] 37175959K->34087095K(53170304K), 9.6325250 secs] [Times: user=73.04 sys=7.48, real=9.63 secs] 
380.912: [GC [PSYoungGen: 16299264K->8747904K(18289920K)] 40109431K->36964999K(55160960K), 4.3993430 secs] [Times: user=51.95 sys=4.94, real=4.40 secs] 
467.618: [GC [PSYoungGen: 15695488K->6151776K(18439104K)] 43912583K->40293807K(55310144K), 4.5667240 secs] [Times: user=55.02 sys=4.10, real=4.57 secs] 
472.184: [Full GC [PSYoungGen: 6151776K->3318221K(18439104K)] [ParOldGen: 34142031K->36871038K(58205568K)] 40293807K->40189260K(76644672K) [PSPermGen: 24115K->24115K(50112K)], 60.6210440 secs] [Times: user=669.11 sys=19.74, real=60.62 secs] 
613.068: [GC [PSYoungGen: 10265805K->3179616K(19304768K)] 47136844K->43410356K(77510336K), 4.2538300 secs] [Times: user=51.76 sys=2.95, real=4.25 secs] 
Regionalisation done; on average 19 close segments, 6 close false parallels.
Java using 47143052 KB of 77510336 KB.
	arne       357  340 47.2 109833484 70162320 pts/0 Sl 18:28  37:33 
674.533: [GC [PSYoungGen: 11023840K->2117760K(19335744K)] 51254580K->45559361K(77541312K), 7.7281670 secs] [Times: user=54.26 sys=45.37, real=7.73 secs] 
706.039: [GC [PSYoungGen: 9961984K->698496K(20368512K)] 53403585K->46253476K(78574080K), 3.3297400 secs] [Times: user=41.27 sys=1.77, real=3.33 secs] 
736.243: [GC [PSYoungGen: 9575488K->774464K(20368512K)] 55130468K->47028980K(78574080K), 2.1189280 secs] [Times: user=26.77 sys=0.54, real=2.12 secs] 
765.519: [GC [PSYoungGen: 9651456K->715968K(20651520K)] 55905972K->47746300K(78857088K), 2.1488060 secs] [Times: user=27.08 sys=0.60, real=2.15 secs] 
796.864: [GC [PSYoungGen: 10289088K->681984K(21064640K)] 57319420K->48429588K(79270208K), 2.0795020 secs] [Times: user=25.87 sys=1.02, real=2.08 secs] 
828.204: [GC [PSYoungGen: 10255104K->710176K(21466048K)] 58002708K->49141004K(79671616K), 2.0051220 secs] [Times: user=25.28 sys=0.62, real=2.00 secs] 
861.455: [GC [PSYoungGen: 10946784K->1369792K(21617152K)] 59377612K->49800620K(79822720K), 2.3645230 secs] [Times: user=25.83 sys=4.77, real=2.37 secs] 
895.370: [GC [PSYoungGen: 11606400K->1994048K(20709952K)] 60037228K->50424876K(78915520K), 3.0688540 secs] [Times: user=35.86 sys=3.78, real=3.07 secs] 
931.520: [GC [PSYoungGen: 12934912K->2275776K(21273664K)] 61365740K->50706604K(79479232K), 3.5443960 secs] [Times: user=40.03 sys=5.86, real=3.55 secs] 
967.910: [GC [PSYoungGen: 13216640K->2481152K(20273472K)] 61647468K->50911980K(78479040K), 3.2069510 secs] [Times: user=41.36 sys=0.15, real=3.21 secs] 
1006.371: [GC [PSYoungGen: 14209600K->2714816K(20863488K)] 62640428K->51145644K(79069056K), 3.7969600 secs] [Times: user=46.58 sys=2.57, real=3.80 secs] 
1045.457: [GC [PSYoungGen: 14443264K->2956128K(19640960K)] 62874092K->51386956K(77846528K), 3.6849750 secs] [Times: user=47.40 sys=0.27, real=3.68 secs] 
1086.490: [GC [PSYoungGen: 15342112K->3200832K(20390464K)] 63772940K->51631660K(78596032K), 4.2156500 secs] [Times: user=52.79 sys=1.78, real=4.22 secs] 
1128.117: [GC [PSYoungGen: 15586816K->3430240K(20166976K)] 64017644K->51861068K(78372544K), 4.2442520 secs] [Times: user=54.84 sys=0.10, real=4.25 secs] 
1171.909: [GC [PSYoungGen: 16541088K->3674272K(20435328K)] 64971916K->52105100K(78640896K), 4.6969580 secs] [Times: user=59.01 sys=1.72, real=4.69 secs] 
1216.075: [GC [PSYoungGen: 16785120K->3886848K(20881792K)] 65215948K->52317676K(79087360K), 4.8694600 secs] [Times: user=62.06 sys=1.01, real=4.86 secs] 
1262.807: [GC [PSYoungGen: 17801024K->4024640K(20962432K)] 66231852K->52455468K(79168000K), 4.9551360 secs] [Times: user=62.52 sys=1.56, real=4.96 secs] 
1309.569: [GC [PSYoungGen: 17938816K->4100864K(21656960K)] 66369644K->52531692K(79862528K), 4.7098880 secs] [Times: user=59.53 sys=1.28, real=4.72 secs] 
1359.068: [GC [PSYoungGen: 18874048K->4169056K(21709440K)] 67304876K->52599884K(79915008K), 4.6419980 secs] [Times: user=58.56 sys=1.47, real=4.64 secs] 
1408.394: [GC [PSYoungGen: 18942240K->4245984K(22164288K)] 67373068K->52676812K(80369856K), 4.4214960 secs] [Times: user=55.97 sys=1.27, real=4.43 secs] 
1459.553: [GC [PSYoungGen: 19752352K->3824736K(22363520K)] 68183180K->52736124K(80569088K), 4.1960670 secs] [Times: user=53.38 sys=0.88, real=4.19 secs] 
1511.239: [GC [PSYoungGen: 19331104K->3467296K(22232640K)] 68242492K->52827540K(80438208K), 3.9355820 secs] [Times: user=50.45 sys=0.44, real=3.93 secs] 
1566.556: [GC [PSYoungGen: 19691360K->3213536K(22565824K)] 69051604K->53002908K(80771392K), 3.7824820 secs] [Times: user=48.40 sys=0.44, real=3.78 secs] 
1621.918: [GC [PSYoungGen: 19437600K->3201792K(22546432K)] 69226972K->53186276K(80752000K), 3.5480680 secs] [Times: user=45.56 sys=0.19, real=3.55 secs] 
1679.401: [GC [PSYoungGen: 20105664K->3244640K(22797120K)] 70090148K->53372012K(81002688K), 3.4717090 secs] [Times: user=44.66 sys=0.13, real=3.47 secs] 
1736.827: [GC [PSYoungGen: 20148512K->3255200K(22809472K)] 70275884K->53545348K(81015040K), 3.3552300 secs] [Times: user=43.25 sys=0.13, real=3.36 secs] 
1796.258: [GC [PSYoungGen: 20801504K->3251648K(23035392K)] 71091652K->53710092K(81240960K), 3.2780990 secs] [Times: user=42.24 sys=0.14, real=3.28 secs] 
1855.892: [GC [PSYoungGen: 20797952K->3226528K(22967360K)] 71256396K->53856060K(81172928K), 3.1945860 secs] [Times: user=41.13 sys=0.19, real=3.20 secs] 
1916.309: [GC [PSYoungGen: 21308832K->3206560K(23229312K)] 71938364K->53996716K(81434880K), 3.0932680 secs] [Times: user=39.82 sys=0.20, real=3.09 secs] 
1976.809: [GC [PSYoungGen: 21288864K->3182272K(23301888K)] 72079020K->54143828K(81507456K), 2.9548120 secs] [Times: user=38.01 sys=0.19, real=2.95 secs] 
2039.162: [GC [PSYoungGen: 21772096K->3203136K(23456768K)] 72733652K->54314428K(81662336K), 2.9125520 secs] [Times: user=37.48 sys=0.15, real=2.92 secs] 
2101.540: [GC [PSYoungGen: 21792960K->3223520K(23552704K)] 72904252K->54482516K(81758272K), 2.9377510 secs] [Times: user=37.48 sys=0.53, real=2.93 secs] 
2165.501: [GC [PSYoungGen: 22298016K->3235360K(23690816K)] 73557012K->54639764K(81896384K), 2.7557810 secs] [Times: user=35.46 sys=0.19, real=2.76 secs] 
2229.438: [GC [PSYoungGen: 22309856K->3235936K(23796736K)] 73714260K->54772476K(82002304K), 2.5533310 secs] [Times: user=32.48 sys=0.47, real=2.56 secs] 
2294.528: [GC [PSYoungGen: 22765600K->3217312K(23924672K)] 74302140K->54892964K(82130240K), 2.4033160 secs] [Times: user=30.93 sys=0.14, real=2.40 secs] 
2359.677: [GC [PSYoungGen: 22746976K->3232640K(24016576K)] 74422628K->55034588K(82222144K), 2.3837340 secs] [Times: user=30.47 sys=0.28, real=2.38 secs] 
2426.646: [GC [PSYoungGen: 23166464K->3240224K(24144576K)] 74968412K->55181396K(82350144K), 2.2597440 secs] [Times: user=29.06 sys=0.15, real=2.26 secs] 
2493.442: [GC [PSYoungGen: 23174048K->3183840K(24278656K)] 75115220K->55321148K(82484224K), 2.1035180 secs] [Times: user=26.87 sys=0.33, real=2.10 secs] 
2561.995: [GC [PSYoungGen: 23490080K->3121632K(24365952K)] 75627388K->55466356K(82571520K), 2.0244090 secs] [Times: user=25.81 sys=0.22, real=2.02 secs] 
2630.669: [GC [PSYoungGen: 23427872K->3069440K(24546880K)] 75772596K->55626804K(82752448K), 1.8726200 secs] [Times: user=23.90 sys=0.26, real=1.87 secs] 
2700.246: [GC [PSYoungGen: 23714752K->3011904K(24609792K)] 76272116K->55771028K(82815360K), 1.8767790 secs] [Times: user=23.93 sys=0.23, real=1.87 secs] 
2770.563: [GC [PSYoungGen: 23657216K->2981312K(24808128K)] 76416340K->55934980K(83013696K), 1.7630410 secs] [Times: user=22.42 sys=0.36, real=1.76 secs] 
2841.650: [GC [PSYoungGen: 23938048K->2975232K(24856256K)] 76891716K->56103748K(83061824K), 1.6048430 secs] [Times: user=20.50 sys=0.18, real=1.61 secs] 
2912.974: [GC [PSYoungGen: 23931968K->2977056K(24992768K)] 77060484K->56276084K(83198336K), 1.6321760 secs] [Times: user=20.67 sys=0.37, real=1.63 secs] 
2985.661: [GC [PSYoungGen: 24203744K->2997088K(25056384K)] 77502772K->56461412K(83261952K), 1.5754850 secs] [Times: user=20.20 sys=0.16, real=1.58 secs] 
3058.668: [GC [PSYoungGen: 24223776K->2994368K(25177408K)] 77688100K->56651044K(83382976K), 1.6304950 secs] [Times: user=20.76 sys=0.31, real=1.64 secs] 
3133.152: [GC [PSYoungGen: 24473536K->3003232K(25226560K)] 78130212K->56852156K(83432128K), 1.6241650 secs] [Times: user=20.73 sys=0.20, real=1.63 secs] 
3208.637: [GC [PSYoungGen: 24482400K->3013568K(25331328K)] 78331324K->57049780K(83536896K), 1.5836540 secs] [Times: user=20.04 sys=0.37, real=1.58 secs] 
Splitting done.
Java using 70587176 KB of 83536896 KB.
3294.923: [GC [PSYoungGen: 24733248K->2976896K(25381888K)] 78769460K->57184700K(83587456K), 7.7039970 secs] [Times: user=40.35 sys=59.26, real=7.71 secs] 
3396.651: [GC [PSYoungGen: 24696576K->2919392K(25588544K)] 78904380K->57289492K(83794112K), 1.7355000 secs] [Times: user=22.05 sys=0.31, real=1.73 secs] 
3491.063: [GC [PSYoungGen: 24977888K->2833120K(25660544K)] 79347988K->57392004K(83866112K), 1.8760120 secs] [Times: user=23.58 sys=0.58, real=1.87 secs] 
3585.573: [GC [PSYoungGen: 24891616K->2740704K(25905216K)] 79450500K->57496484K(84110784K), 1.8452740 secs] [Times: user=23.62 sys=0.21, real=1.85 secs] 
May 31, 2013 7:28:09 PM org.geotools.referencing.factory.DeferredAuthorityFactory disposeBackingStore
INFO: Disposing class org.geotools.referencing.factory.epsg.ThreadedHsqlEpsgFactory backing store
3603.110: [GC [PSYoungGen: 7230761K->2572032K(25932544K)] 61986541K->57515044K(84138112K), 1.7598610 secs] [Times: user=22.45 sys=0.22, real=1.76 secs] 
3604.870: [Full GC (System) [PSYoungGen: 2572032K->0K(25932544K)] [ParOldGen: 54943012K->54769729K(58205568K)] 57515044K->54769729K(84138112K) [PSPermGen: 24189K->24185K(48000K)], 69.6590230 secs] [Times: user=717.13 sys=110.13, real=69.66 secs] 
3767.959: [GC [PSYoungGen: 22344960K->110176K(25527872K)] 77114689K->54879905K(83733440K), 0.5286890 secs] [Times: user=6.79 sys=0.01, real=0.53 secs] 
3862.869: [GC [PSYoungGen: 22031904K->223424K(25951104K)] 76801633K->54993153K(84156672K), 1.0527810 secs] [Times: user=13.59 sys=0.02, real=1.06 secs] 
3959.824: [GC [PSYoungGen: 22145152K->345376K(26266048K)] 76914881K->55115105K(84471616K), 1.6076020 secs] [Times: user=20.79 sys=0.00, real=1.60 secs] 
4057.022: [GC [PSYoungGen: 22297632K->477024K(26434752K)] 77067361K->55246753K(84640320K), 2.2618880 secs] [Times: user=29.24 sys=0.00, real=2.26 secs] 
4155.563: [GC [PSYoungGen: 22429280K->614144K(26719040K)] 77199009K->55383873K(84924608K), 2.8917240 secs] [Times: user=37.39 sys=0.01, real=2.89 secs] 
4256.855: [GC [PSYoungGen: 22777792K->759328K(26713984K)] 77547521K->55529057K(84919552K), 3.6213120 secs] [Times: user=46.86 sys=0.01, real=3.62 secs] 
4356.338: [GC [PSYoungGen: 22922976K->884192K(26770176K)] 77692705K->55653921K(84975744K), 4.2416400 secs] [Times: user=54.83 sys=0.02, real=4.25 secs] 
4460.937: [GC [PSYoungGen: 23357344K->1030048K(26841728K)] 78127073K->55799777K(85047296K), 4.9708770 secs] [Times: user=64.38 sys=0.02, real=4.97 secs] 
Analysis done.
Java using 73419781 KB of 85047296 KB.
Node Correlation done.
4611.606: [GC [PSYoungGen: 23503200K->3047706K(26783104K)] 78272929K->57817435K(84988672K), 9.9171990 secs] [Times: user=111.68 sys=16.49, real=9.92 secs] 
Java using 64124296 KB of 84988672 KB.
4678.710: [GC [PSYoungGen: 25613914K->4480826K(27047040K)] 80383643K->67042371K(89609280K), 15.0474450 secs] [Times: user=99.93 sys=89.65, real=15.05 secs] 
4693.757: [Full GC [PSYoungGen: 4480826K->4406690K(27047040K)] [ParOldGen: 62561545K->62562236K(68949376K)] 67042371K->66968927K(95996416K) [PSPermGen: 25250K->25082K(45760K)], 73.1079360 secs] [Times: user=786.92 sys=61.28, real=73.12 secs] 
4784.330: [GC [PSYoungGen: 26972898K->7427584K(20234624K)] 89535135K->74219476K(89184000K), 8.4195270 secs] [Times: user=101.69 sys=7.14, real=8.42 secs] 
4792.750: [Full GC [PSYoungGen: 7427584K->5221457K(20234624K)] [ParOldGen: 66791892K->68949375K(68949376K)] 74219476K->74170833K(89184000K) [PSPermGen: 25282K->25262K(43712K)], 85.9436370 secs] [Times: user=1042.38 sys=4.58, real=85.95 secs] 
Done.
Processing time: 4696646 ms
Java using 83886196 KB of 89184000 KB.
Writing results...
Skipped writeAllNodes (Writer creation failed for path: ).
Skipped writeAllSegments (Writer creation failed for path: ).
Skipped writeMidPointConnectors (Writer creation failed for path: ).
4920.671: [Full GC [PSYoungGen: 18028497K->8030028K(20234624K)] [ParOldGen: 68949375K->68949375K(68949376K)] 86977873K->76979403K(89184000K) [PSPermGen: 25375K->25373K(41984K)], 93.7095510 secs] [Times: user=968.06 sys=162.63, real=93.72 secs] 
5032.644: [Full GC [PSYoungGen: 12807040K->8030026K(20234624K)] [ParOldGen: 68949375K->68949375K(68949376K)] 81756415K->76979402K(89184000K) [PSPermGen: 25373K->25373K(40256K)], 44.7741930 secs] [Times: user=549.75 sys=0.96, real=44.78 secs] 
Output: 5785563 lines.
Java using 81183342 KB of 89184000 KB.
5097.633: [Full GC (System) [PSYoungGen: 12490115K->8030018K(20234624K)] [ParOldGen: 68949375K->68949375K(68949376K)] 81439491K->76979394K(89184000K) [PSPermGen: 25373K->25373K(38144K)], 76.6353370 secs] [Times: user=768.50 sys=173.68, real=76.65 secs] 
Java using 76979394 KB of 89184000 KB.
Heap
 PSYoungGen      total 20234624K, used 8958746K [0x00007f3b14d60000, 0x00007f434d000000, 0x00007f434d000000)
  eden space 12807040K, 69% used [0x00007f3b14d60000,0x00007f3d37a26808,0x00007f3e22840000)
  from space 7427584K, 0% used [0x00007f4187a80000,0x00007f4187a80000,0x00007f434d000000)
  to   space 10833792K, 0% used [0x00007f3e22840000,0x00007f3e22840000,0x00007f40b7c20000)
 ParOldGen       total 68949376K, used 68949375K [0x00007f2aa4800000, 0x00007f3b14d60000, 0x00007f3b14d60000)
  object space 68949376K, 99% used [0x00007f2aa4800000,0x00007f3b14d5fd50,0x00007f3b14d60000)
 PSPermGen       total 38144K, used 25384K [0x00007f2a9a200000, 0x00007f2a9c740000, 0x00007f2aa4800000)
  object space 38144K, 66% used [0x00007f2a9a200000,0x00007f2a9baca3d8,0x00007f2a9c740000)



Fri May 31 19:54:37 CEST 2013



