Java maximum available memory: 91932480 KB.
Reading content roads-classified-nolinks






Features read from Shapefile: 601226
17.592: [GC [PSYoungGen: 2815808K->469235K(3285056K)] 2815808K->1184057K(10793728K), 0.9208710 secs] [Times: user=10.64 sys=0.89, real=0.92 secs] 
21.675: [GC [PSYoungGen: 3285043K->469235K(6100864K)] 3999865K->3065785K(13609536K), 1.1015600 secs] [Times: user=12.18 sys=2.00, real=1.10 secs] 
31.385: [GC [PSYoungGen: 6100851K->469248K(6100864K)] 8697401K->6732881K(13609536K), 2.1132950 secs] [Times: user=23.41 sys=3.34, real=2.11 secs] 
33.498: [Full GC [PSYoungGen: 469248K->0K(6100864K)] [ParOldGen: 6263633K->6685868K(15436992K)] 6732881K->6685868K(21537856K) [PSPermGen: 23964K->23946K(48192K)], 11.4772150 secs] [Times: user=126.67 sys=0.90, real=11.48 secs] 
Java using 8375271 KB of 21537856 KB.
	arne     21708  456  9.2 109833484 13739960 pts/0 Sl 18:08   3:39 
Total segment count: 4894304
91.449: [GC [PSYoungGen: 5631616K->469248K(8056000K)] 12317484K->10119516K(23492992K), 2.3272680 secs] [Times: user=26.79 sys=2.88, real=2.33 secs] 
Regionalisation done; on average 9 close segments, 4 close false parallels.
Java using 11017137 KB of 23492992 KB.
	arne     21708  295 11.5 109833484 17220712 pts/0 Sl 18:08   5:04 
122.523: [GC [PSYoungGen: 8056000K->469248K(10380992K)] 17706268K->10792124K(25817984K), 1.3295150 secs] [Times: user=11.08 sys=5.41, real=1.33 secs] 
152.456: [GC [PSYoungGen: 10380992K->600032K(14777920K)] 20703868K->10922908K(30214912K), 0.4203980 secs] [Times: user=4.92 sys=0.46, real=0.42 secs] 
184.781: [GC [PSYoungGen: 10459040K->696352K(14830656K)] 20781916K->11019228K(30267648K), 0.4548690 secs] [Times: user=5.17 sys=0.48, real=0.46 secs] 
Splitting done.
Java using 17919176 KB of 30267648 KB.
	arne     21708  208 15.4 109833484 22966180 pts/0 Sl 18:08   7:14 
222.845: [GC [PSYoungGen: 10555360K->786848K(16145792K)] 20878236K->11109724K(31582784K), 1.2099380 secs] [Times: user=8.62 sys=6.88, real=1.21 secs] 
Analysis done.
Java using 22843800 KB of 31582784 KB.
	arne     21708  184 16.4 109833484 24461520 pts/0 Sl 18:08   8:43 
285.426: [GC [PSYoungGen: 12523232K->954976K(16508224K)] 22846108K->11277852K(31945216K), 3.5409220 secs] [Times: user=20.03 sys=9.89, real=3.55 secs] 
Node Correlation done.
Java using 13155305 KB of 31945216 KB.
	arne     21708  187 16.7 109833484 24923936 pts/0 Sl 18:08   9:31 
319.047: [GC [PSYoungGen: 12691360K->4602237K(16755264K)] 23014236K->15247682K(32192256K), 4.1794170 secs] [Times: user=28.17 sys=8.98, real=4.18 secs] 
Done.
Processing time: 279170 ms
Java using 17434796 KB of 32192256 KB.
	arne     21708  191 20.0 109833484 29849324 pts/0 Sl 18:08  10:27 
Writing results...
Skipped writeAllNodes (Writer creation failed for path: ).
Skipped writeAllSegments (Writer creation failed for path: ).
Skipped writeMidPointConnectors (Writer creation failed for path: ).
Output: 290165 lines.
Java using 19864979 KB of 32192256 KB.
	arne     21708  187 20.0 109833484 29849508 pts/0 Sl 18:08  10:38 
339.997: [GC [PSYoungGen: 9462603K->5224957K(17654656K)] 20108048K->15870402K(33091648K), 6.5007920 secs] [Times: user=31.21 sys=24.68, real=6.50 secs] 
346.497: [Full GC (System) [PSYoungGen: 5224957K->50215K(17654656K)] [ParOldGen: 10645444K->15436989K(15436992K)] 15870402K->15487204K(33091648K) [PSPermGen: 25377K->25233K(54848K)], 42.3478670 secs] [Times: user=265.37 sys=11.27, real=42.35 secs] 
Java using 15487204 KB of 33091648 KB.
	arne     21708  249 26.0 109833484 38716236 pts/0 Sl 18:08  16:11 
Heap
 PSYoungGen      total 17654656K, used 1022418K [0x00007f830cd60000, 0x00007f893fa20000, 0x00007f8b45000000)
  eden space 12153024K, 7% used [0x00007f830cd60000,0x00007f83482caac8,0x00007f85f2990000)
  from space 5501632K, 0% used [0x00007f85f2990000,0x00007f85f5a99d60,0x00007f8742640000)
  to   space 6335424K, 0% used [0x00007f87bcf30000,0x00007f87bcf30000,0x00007f893fa20000)
 ParOldGen       total 15436992K, used 15436989K [0x00007f729c800000, 0x00007f764ab30000, 0x00007f830cd60000)
  object space 15436992K, 99% used [0x00007f729c800000,0x00007f764ab2f508,0x00007f764ab30000)
 PSPermGen       total 54848K, used 25249K [0x00007f7292200000, 0x00007f7295790000, 0x00007f729c800000)
  object space 54848K, 46% used [0x00007f7292200000,0x00007f7293aa86d0,0x00007f7295790000)



Fri May 31 18:15:14 CEST 2013



