Java maximum available memory: 91932480 KB.
Reading content roads-network-nolinks
Features read from Shapefile: 162997
7.057: [GC [PSYoungGen: 2815808K->469235K(3285056K)] 2815808K->1663001K(10793728K), 0.7780160 secs] [Times: user=8.75 sys=1.23, real=0.78 secs] 
Java using 2057215 KB of 10793728 KB.
Total segment count: 1146686
Regionalisation done; on average 11 close segments, 4 close false parallels.
Java using 3265680 KB of 10793728 KB.
25.693: [GC [PSYoungGen: 3285043K->469248K(6100864K)] 4478809K->2526442K(13609536K), 1.3730300 secs] [Times: user=11.30 sys=6.48, real=1.37 secs] 
44.447: [GC [PSYoungGen: 6100864K->469248K(6100864K)] 8158058K->2611314K(13609536K), 0.3573430 secs] [Times: user=4.12 sys=0.42, real=0.36 secs] 
63.248: [GC [PSYoungGen: 6100864K->469248K(11732480K)] 8242930K->2663618K(19241152K), 0.3555790 secs] [Times: user=4.16 sys=0.40, real=0.36 secs] 
Splitting done.
Java using 3339179 KB of 19241152 KB.
Analysis done.
Java using 8968938 KB of 19241152 KB.
Node Correlation done.
Java using 9644585 KB of 19241152 KB.
Done.
Processing time: 89588 ms
Java using 12572101 KB of 19241152 KB.
Writing results...
Skipped writeAllNodes (Writer creation failed for path: ).
Skipped writeAllSegments (Writer creation failed for path: ).
Skipped writeMidPointConnectors (Writer creation failed for path: ).
Output: 140683 lines.
Java using 13472934 KB of 19241152 KB.
101.504: [GC [PSYoungGen: 11503837K->469246K(11732480K)] 13698207K->3840065K(19241152K), 2.5473410 secs] [Times: user=14.47 sys=18.53, real=2.55 secs] 
104.052: [Full GC (System) [PSYoungGen: 469246K->0K(11732480K)] [ParOldGen: 3370818K->3787784K(7508672K)] 3840065K->3787784K(19241152K) [PSPermGen: 24289K->24261K(49088K)], 7.1310110 secs] [Times: user=79.11 sys=1.01, real=7.13 secs] 
Java using 3787784 KB of 19241152 KB.
Heap
 PSYoungGen      total 11732480K, used 892968K [0x00007f1c50d60000, 0x00007f1f39920000, 0x00007f2489000000)
  eden space 11263232K, 7% used [0x00007f1c50d60000,0x00007f1c8756a2f0,0x00007f1f004a0000)
  from space 469248K, 0% used [0x00007f1f004a0000,0x00007f1f004a0000,0x00007f1f1cee0000)
  to   space 469248K, 0% used [0x00007f1f1cee0000,0x00007f1f1cee0000,0x00007f1f39920000)
 ParOldGen       total 7508672K, used 3787784K [0x00007f0be0800000, 0x00007f0daacb0000, 0x00007f1c50d60000)
  object space 7508672K, 50% used [0x00007f0be0800000,0x00007f0cc7b02248,0x00007f0daacb0000)
 PSPermGen       total 49088K, used 24277K [0x00007f0bd6200000, 0x00007f0bd91f0000, 0x00007f0be0800000)
  object space 49088K, 49% used [0x00007f0bd6200000,0x00007f0bd79b5798,0x00007f0bd91f0000)



Fri May 31 20:45:05 CEST 2013



