Java maximum available memory: 91932480 KB.
Reading content roads-network-nolinks





Features read from Shapefile: 541358
13.765: [GC [PSYoungGen: 2815808K->469247K(3285056K)] 2815808K->1271428K(10793728K), 1.0049220 secs] [Times: user=11.46 sys=1.06, real=1.00 secs] 
17.453: [GC [PSYoungGen: 3285055K->469235K(6100864K)] 4087236K->3115268K(13609536K), 1.0836700 secs] [Times: user=12.44 sys=1.55, real=1.08 secs] 
27.081: [GC [PSYoungGen: 6100851K->469248K(6100864K)] 8746884K->6764787K(13609536K), 2.0030460 secs] [Times: user=22.89 sys=2.93, real=2.01 secs] 
29.084: [Full GC [PSYoungGen: 469248K->0K(6100864K)] [ParOldGen: 6295539K->6716955K(15399552K)] 6764787K->6716955K(21500416K) [PSPermGen: 23935K->23917K(48128K)], 11.3476180 secs] [Times: user=126.61 sys=0.80, real=11.35 secs] 
Java using 9532626 KB of 21500416 KB.
Total segment count: 5489304
71.658: [GC [PSYoungGen: 5631616K->469248K(8053952K)] 12348571K->9869083K(23453504K), 2.2879070 secs] [Times: user=26.65 sys=2.97, real=2.29 secs] 
Regionalisation done; on average 12 close segments, 4 close false parallels.
Java using 13159472 KB of 23453504 KB.
126.207: [GC [PSYoungGen: 8053952K->469248K(10387840K)] 17453787K->11991614K(25787392K), 2.8689260 secs] [Times: user=20.68 sys=16.42, real=2.87 secs] 
156.700: [GC [PSYoungGen: 10387840K->756256K(13946560K)] 21910206K->12278622K(29346112K), 0.6995640 secs] [Times: user=8.45 sys=0.52, real=0.70 secs] 
185.831: [GC [PSYoungGen: 10455776K->807168K(14165632K)] 21978142K->12329534K(29565184K), 0.6283810 secs] [Times: user=7.76 sys=0.36, real=0.62 secs] 
216.692: [GC [PSYoungGen: 10506688K->909760K(15647872K)] 22029054K->12432126K(31047424K), 0.6318710 secs] [Times: user=7.44 sys=0.63, real=0.63 secs] 
254.234: [GC [PSYoungGen: 12439168K->1010848K(16011712K)] 23961534K->12533214K(31411264K), 0.6629830 secs] [Times: user=8.39 sys=0.18, real=0.66 secs] 
292.424: [GC [PSYoungGen: 12540256K->1104480K(16485376K)] 24062622K->12626846K(31884928K), 0.7026230 secs] [Times: user=8.61 sys=0.47, real=0.71 secs] 
Splitting done.
Java using 17903313 KB of 31884928 KB.
342.807: [GC [PSYoungGen: 13582624K->1203328K(16756352K)] 25104990K->12725694K(32155904K), 1.6007520 secs] [Times: user=11.72 sys=9.01, real=1.60 secs] 
398.897: [GC [PSYoungGen: 13681472K->1291232K(17072064K)] 25203838K->12813598K(32471616K), 1.2999340 secs] [Times: user=16.35 sys=0.46, real=1.30 secs] 
Analysis done.
Java using 18456545 KB of 32471616 KB.
Node Correlation done.
Java using 20335733 KB of 32471616 KB.
445.296: [GC [PSYoungGen: 14636704K->3977772K(17323264K)] 26159070K->15544571K(32722816K), 4.6791060 secs] [Times: user=30.04 sys=30.50, real=4.68 secs] 
Done.
Processing time: 413157 ms
Java using 24022964 KB of 32722816 KB.
Writing results...
Skipped writeAllNodes (Writer creation failed for path: ).
Skipped writeAllSegments (Writer creation failed for path: ).
Skipped writeMidPointConnectors (Writer creation failed for path: ).
Output: 699493 lines.
Java using 27204330 KB of 32722816 KB.
470.993: [GC [PSYoungGen: 15904449K->4606508K(17719936K)] 27471247K->18187707K(33119488K), 7.8792750 secs] [Times: user=46.56 sys=55.46, real=7.88 secs] 
478.872: [Full GC (System) [PSYoungGen: 4606508K->2332198K(17719936K)] [ParOldGen: 13581198K->15399551K(15399552K)] 18187707K->17731750K(33119488K) [PSPermGen: 24863K->24841K(54784K)], 30.3009060 secs] [Times: user=340.15 sys=10.20, real=30.31 secs] 
Java using 17731750 KB of 33119488 KB.
Heap
 PSYoungGen      total 17719936K, used 3375919K [0x00007f41ecd60000, 0x00007f484bc70000, 0x00007f4a25000000)
  eden space 13113408K, 7% used [0x00007f41ecd60000,0x00007f422c8a23a8,0x00007f450d370000)
  from space 4606528K, 50% used [0x00007f467fca0000,0x00007f470e229ba8,0x00007f4798f30000)
  to   space 6071488K, 0% used [0x00007f450d370000,0x00007f450d370000,0x00007f467fca0000)
 ParOldGen       total 15399552K, used 15399551K [0x00007f317c800000, 0x00007f35286a0000, 0x00007f41ecd60000)
  object space 15399552K, 99% used [0x00007f317c800000,0x00007f352869fff0,0x00007f35286a0000)
 PSPermGen       total 54784K, used 24857K [0x00007f3172200000, 0x00007f3175780000, 0x00007f317c800000)
  object space 54784K, 45% used [0x00007f3172200000,0x00007f3173a466d8,0x00007f3175780000)



Fri May 31 20:04:47 CEST 2013



