Java maximum available memory: 91932480 KB.
Reading content roads-classified-nolinks
Features read from Shapefile: 601226
7.549: [GC [PSYoungGen: 2815808K->469219K(3285056K)] 2815808K->1340369K(10793728K), 0.8801250 secs] [Times: user=10.23 sys=1.02, real=0.88 secs] 
Jun 3, 2013 4:08:35 PM org.geotools.data.shapefile.ng.files.ShpFiles logCurrentLockers
SEVERE: The following locker still has a lock: read on file:/home/arne/git/project/../../data/de/roads-classified-nolinks.shp by org.geotools.data.shapefile.ng.shp.ShapefileReader
Jun 3, 2013 4:08:35 PM org.geotools.data.shapefile.ng.files.ShpFiles logCurrentLockers
SEVERE: The following locker still has a lock: read on file:/home/arne/git/project/../../data/de/roads-classified-nolinks.shx by org.geotools.data.shapefile.ng.shp.IndexFile
Jun 3, 2013 4:08:35 PM org.geotools.data.shapefile.ng.files.ShpFiles logCurrentLockers
SEVERE: The following locker still has a lock: read on file:/home/arne/git/project/../../data/de/roads-classified-nolinks.dbf by org.geotools.data.shapefile.ng.dbf.DbaseFileReader
11.318: [GC [PSYoungGen: 3285027K->469224K(6100864K)] 4156177K->3217166K(13609536K), 0.9747870 secs] [Times: user=10.93 sys=1.67, real=0.98 secs] 
20.882: [GC [PSYoungGen: 6100840K->469248K(6100864K)] 8848782K->6876572K(13609536K), 1.8342760 secs] [Times: user=21.01 sys=2.66, real=1.84 secs] 
22.716: [Full GC [PSYoungGen: 469248K->0K(6100864K)] [PSOldGen: 6407324K->6875692K(15697536K)] 6876572K->6875692K(21798400K) [PSPermGen: 23972K->23972K(48256K)], 11.8762050 secs] [Times: user=11.64 sys=0.22, real=11.88 secs] 
Java using 8339841 KB of 21798400 KB.
Total segment count: 4894304
83.167: [GC [PSYoungGen: 5631616K->469248K(7745152K)] 12507308K->10313244K(23442688K), 2.1376940 secs] [Times: user=24.08 sys=3.60, real=2.14 secs] 
Regionalisation done; on average 9 close segments, 4 close false parallels.
Java using 10887140 KB of 23442688 KB.
110.660: [GC [PSYoungGen: 7745152K->469248K(9584448K)] 17589148K->10837020K(25281984K), 1.0590450 secs] [Times: user=8.39 sys=5.23, real=1.06 secs] 
137.433: [GC [PSYoungGen: 9584448K->605120K(13968000K)] 19952220K->10972892K(29665536K), 0.3327650 secs] [Times: user=3.84 sys=0.41, real=0.34 secs] 
166.132: [GC [PSYoungGen: 9666816K->682432K(14021504K)] 20034588K->11050204K(29719040K), 0.2748050 secs] [Times: user=3.15 sys=0.39, real=0.28 secs] 
Splitting done.
Java using 19566522 KB of 29719040 KB.
197.364: [GC [PSYoungGen: 9744128K->750368K(14929024K)] 20111900K->11118140K(30626560K), 1.1337370 secs] [Times: user=6.21 sys=8.42, real=1.13 secs] 
246.217: [GC [PSYoungGen: 11186976K->878528K(15209216K)] 21554748K->11246300K(30906752K), 0.7395160 secs] [Times: user=9.04 sys=0.51, real=0.74 secs] 
Analysis done.
Java using 15029035 KB of 30906752 KB.
Node Correlation done.
Java using 16918991 KB of 30906752 KB.
282.673: [GC [PSYoungGen: 11315136K->3287069K(15550528K)] 21682908K->13654842K(31248064K), 3.1852960 secs] [Times: user=23.29 sys=17.96, real=3.19 secs] 
Done.
Processing time: 256632 ms
Java using 21036524 KB of 31248064 KB.
Writing results...
Skipped writeAllNodes (Writer creation failed for path: ).
Skipped writeAllSegments (Writer creation failed for path: ).
Skipped writeMidPointConnectors (Writer creation failed for path: ).
Output: 290165 lines.
Java using 23643426 KB of 31248064 KB.
303.576: [GC [PSYoungGen: 13494365K->4911037K(15846208K)] 23862138K->15918434K(31543744K), 7.6196760 secs] [Times: user=30.85 sys=67.83, real=7.62 secs] 
311.195: [Full GC (System) [PSYoungGen: 4911037K->211261K(15846208K)] [PSOldGen: 11007396K->15697535K(15697536K)] 15918434K->15908797K(31543744K) [PSPermGen: 25382K->25382K(55552K)], 36.2022820 secs] [Times: user=33.71 sys=2.41, real=36.21 secs] 
Java using 15908797 KB of 31543744 KB.
Heap
 PSYoungGen      total 15846208K, used 1081766K [0x00007f0968d60000, 0x00007f0ef5f30000, 0x00007f11a1000000)
  eden space 10935168K, 9% used [0x00007f0968d60000,0x00007f09aadc9b58,0x00007f0c04440000)
  from space 4911040K, 0% used [0x00007f0c04440000,0x00007f0c04440000,0x00007f0d30030000)
  to   space 5971840K, 0% used [0x00007f0d89750000,0x00007f0d89750000,0x00007f0ef5f30000)
 PSOldGen        total 15697536K, used 15697535K [0x00007ef8f8800000, 0x00007efcb69a0000, 0x00007f0968d60000)
  object space 15697536K, 99% used [0x00007ef8f8800000,0x00007efcb699ffc0,0x00007efcb69a0000)
 PSPermGen       total 55552K, used 25398K [0x00007ef8ee200000, 0x00007ef8f1840000, 0x00007ef8f8800000)
  object space 55552K, 45% used [0x00007ef8ee200000,0x00007ef8efacda90,0x00007ef8f1840000)



Mon Jun  3 16:14:18 CEST 2013



