Java maximum available memory: 91932480 KB.
Reading content roads-mtp-nolinks
Features read from Shapefile: 158702
Java using 2703180 KB of 10793728 KB.
	arne     15881  107  1.8 105756212 2801968 pts/0 Sl 16:07   0:08 
Total segment count: 965638
9.054: [GC [PSYoungGen: 2815808K->469219K(3285056K)] 2815808K->1639459K(10793728K), 1.4006840 secs] [Times: user=11.42 sys=6.52, real=1.40 secs] 
Regionalisation done; on average 9 close segments, 6 close false parallels.
Java using 2651141 KB of 10793728 KB.
	arne     15881  195  3.0 105756212 4543976 pts/0 Sl 16:07   0:39 
25.369: [GC [PSYoungGen: 3285027K->469248K(6100864K)] 4455267K->2243478K(13609536K), 0.9668600 secs] [Times: user=7.82 sys=4.66, real=0.97 secs] 
Splitting done.
Java using 7875094 KB of 13609536 KB.
43.772: [GC [PSYoungGen: 6100864K->469248K(6100864K)] 7875094K->2300014K(13609536K), 0.8740360 secs] [Times: user=5.09 sys=6.16, real=0.87 secs] 
Analysis done.
Java using 5757679 KB of 13609536 KB.
Node Correlation done.
Java using 6762324 KB of 13609536 KB.
67.575: [GC [PSYoungGen: 6100864K->469244K(11732480K)] 7931630K->3187842K(19241152K), 2.0127040 secs] [Times: user=16.62 sys=9.43, real=2.02 secs] 
Done.
Processing time: 61362 ms
Java using 3847479 KB of 19241152 KB.
Writing results...
Skipped writeAllNodes (Writer creation failed for path: ).
Skipped writeAllSegments (Writer creation failed for path: ).
Skipped writeMidPointConnectors (Writer creation failed for path: ).
Output: 34617 lines.
Java using 4292631 KB of 19241152 KB.
73.277: [GC [PSYoungGen: 1799306K->469244K(11732480K)] 4517904K->3329994K(19241152K), 1.0660550 secs] [Times: user=5.93 sys=7.87, real=1.07 secs] 
74.343: [Full GC (System) [PSYoungGen: 469244K->0K(11732480K)] [PSOldGen: 2860750K->3329170K(7508672K)] 3329994K->3329170K(19241152K) [PSPermGen: 24335K->24335K(48704K)], 7.3718770 secs] [Times: user=6.99 sys=0.36, real=7.37 secs] 
Java using 3329170 KB of 19241152 KB.
Heap
 PSYoungGen      total 11732480K, used 895681K [0x00007efe5bed0000, 0x00007f0144a90000, 0x00007f0694170000)
  eden space 11263232K, 7% used [0x00007efe5bed0000,0x00007efe92980630,0x00007f010b610000)
  from space 469248K, 0% used [0x00007f010b610000,0x00007f010b610000,0x00007f0128050000)
  to   space 469248K, 0% used [0x00007f0128050000,0x00007f0128050000,0x00007f0144a90000)
 PSOldGen        total 7508672K, used 3329170K [0x00007eedeb970000, 0x00007eefb5e20000, 0x00007efe5bed0000)
  object space 7508672K, 44% used [0x00007eedeb970000,0x00007eeeb6c94ae0,0x00007eefb5e20000)
 PSPermGen       total 48704K, used 24352K [0x00007eede1370000, 0x00007eede4300000, 0x00007eedeb970000)
  object space 48704K, 50% used [0x00007eede1370000,0x00007eede2b38048,0x00007eede4300000)



Mon Jun  3 16:08:27 CEST 2013



