Java maximum available memory: 91932480 KB.
Reading content roads-nolinks
7.474: [GC [PSYoungGen: 2815808K->469219K(3285056K)] 2815808K->1223977K(10793728K), 1.0799720 secs] [Times: user=13.00 sys=0.85, real=1.08 secs] 
Jun 3, 2013 4:24:43 PM org.geotools.data.shapefile.ng.files.ShpFiles logCurrentLockers
SEVERE: The following locker still has a lock: read on file:/home/arne/git/project/../../data/de/roads-nolinks.shp by org.geotools.data.shapefile.ng.shp.ShapefileReader
Jun 3, 2013 4:24:43 PM org.geotools.data.shapefile.ng.files.ShpFiles logCurrentLockers
SEVERE: The following locker still has a lock: read on file:/home/arne/git/project/../../data/de/roads-nolinks.shx by org.geotools.data.shapefile.ng.shp.IndexFile
Jun 3, 2013 4:24:43 PM org.geotools.data.shapefile.ng.files.ShpFiles logCurrentLockers
SEVERE: The following locker still has a lock: read on file:/home/arne/git/project/../../data/de/roads-nolinks.dbf by org.geotools.data.shapefile.ng.dbf.DbaseFileReader
12.031: [GC [PSYoungGen: 3285027K->469240K(6100864K)] 4039785K->2445134K(13609536K), 1.4341070 secs] [Times: user=17.34 sys=1.22, real=1.43 secs] 
21.750: [GC [PSYoungGen: 6100856K->469219K(6100864K)] 8076750K->4906313K(13609536K), 2.6302190 secs] [Times: user=31.91 sys=2.08, real=2.62 secs] 
Features read from Shapefile: 3386908
30.357: [GC [PSYoungGen: 6100835K->469235K(11732480K)] 10537929K->8260121K(19523392K), 2.0452940 secs] [Times: user=23.88 sys=2.46, real=2.05 secs] 
32.402: [Full GC [PSYoungGen: 469235K->468397K(11732480K)] [PSOldGen: 7790886K->7790911K(16126336K)] 8260121K->8259309K(27858816K) [PSPermGen: 23957K->23957K(48192K)], 14.1957530 secs] [Times: user=14.13 sys=0.05, real=14.20 secs] 
64.750: [GC [PSYoungGen: 11263232K->469248K(11732480K)] 19054143K->15128326K(27858816K), 3.5598540 secs] [Times: user=41.22 sys=4.70, real=3.56 secs] 
68.310: [Full GC [PSYoungGen: 469248K->0K(11732480K)] [PSOldGen: 14659078K->15127521K(29452800K)] 15128326K->15127521K(41185280K) [PSPermGen: 23957K->23957K(53952K)], 26.6452950 secs] [Times: user=26.36 sys=0.24, real=26.64 secs] 
114.109: [GC [PSYoungGen: 11263232K->6874272K(21633856K)] 26390753K->22001793K(51086656K), 2.0766020 secs] [Times: user=21.89 sys=4.99, real=2.07 secs] 
141.961: [GC [PSYoungGen: 21173600K->8662464K(22961792K)] 36301121K->30421673K(52414592K), 6.1159190 secs] [Times: user=66.66 sys=12.52, real=6.11 secs] 
148.077: [Full GC [PSYoungGen: 8662464K->952388K(22961792K)] [PSOldGen: 21759209K->29452799K(48132224K)] 30421673K->30405188K(71094016K) [PSPermGen: 23957K->23957K(52224K)], 57.2740760 secs] [Times: user=54.25 sys=2.92, real=57.28 secs] 
Java using 32132779 KB of 71094016 KB.
Total segment count: 19132158
334.316: [GC [PSYoungGen: 14299328K->7366784K(22983104K)] 43752127K->36819583K(71115328K), 9.6799030 secs] [Times: user=73.79 sys=51.61, real=9.68 secs] 
476.105: [GC [PSYoungGen: 18858368K->11491520K(22983104K)] 48311167K->42229047K(71115328K), 10.5520690 secs] [Times: user=61.07 sys=75.57, real=10.55 secs] 
Regionalisation done; on average 19 close segments, 6 close false parallels.
Java using 48972445 KB of 71115328 KB.
576.768: [GC [PSYoungGen: 22983104K->11491520K(22983104K)] 53720631K->45524922K(71115328K), 17.4896250 secs] [Times: user=85.81 sys=140.74, real=17.49 secs] 
628.331: [GC [PSYoungGen: 22983104K->6687488K(22983104K)] 57016506K->46584063K(71115328K), 5.3073950 secs] [Times: user=64.26 sys=4.51, real=5.31 secs] 
667.654: [GC [PSYoungGen: 18179072K->1975232K(22983104K)] 58075647K->47591351K(71115328K), 4.6112980 secs] [Times: user=55.48 sys=4.24, real=4.61 secs] 
672.265: [Full GC [PSYoungGen: 1975232K->0K(22983104K)] [PSOldGen: 45616119K->46343080K(68949376K)] 47591351K->46343080K(91932480K) [PSPermGen: 24148K->24127K(50112K)], 121.2270350 secs] [Times: user=118.30 sys=2.66, real=121.23 secs] 
827.697: [GC [PSYoungGen: 11491584K->831744K(22983104K)] 57834664K->47174824K(91932480K), 1.1632590 secs] [Times: user=15.06 sys=0.00, real=1.16 secs] 
863.546: [GC [PSYoungGen: 12323328K->842464K(22983104K)] 58666408K->48018488K(91932480K), 2.2667180 secs] [Times: user=28.70 sys=0.60, real=2.26 secs] 
900.495: [GC [PSYoungGen: 12334048K->727552K(22983104K)] 59510072K->48747528K(91932480K), 2.1384030 secs] [Times: user=27.06 sys=0.64, real=2.14 secs] 
937.737: [GC [PSYoungGen: 12219136K->602400K(22983104K)] 60239112K->49351304K(91932480K), 1.7798630 secs] [Times: user=22.39 sys=0.61, real=1.78 secs] 
974.328: [GC [PSYoungGen: 12093984K->203104K(22983104K)] 60842888K->49556224K(91932480K), 1.0867000 secs] [Times: user=13.59 sys=0.45, real=1.09 secs] 
1010.173: [GC [PSYoungGen: 11694688K->225376K(22983104K)] 61047808K->49782056K(91932480K), 0.6304060 secs] [Times: user=7.91 sys=0.20, real=0.63 secs] 
1045.652: [GC [PSYoungGen: 11716960K->235552K(22983104K)] 61273640K->50018200K(91932480K), 0.6575790 secs] [Times: user=8.34 sys=0.16, real=0.66 secs] 
1081.468: [GC [PSYoungGen: 11727136K->233216K(22983104K)] 61509784K->50252032K(91932480K), 0.7115580 secs] [Times: user=9.05 sys=0.15, real=0.71 secs] 
1117.351: [GC [PSYoungGen: 11724800K->222496K(22983104K)] 61743616K->50475088K(91932480K), 0.6408110 secs] [Times: user=8.05 sys=0.21, real=0.64 secs] 
1153.231: [GC [PSYoungGen: 11714080K->221504K(22983104K)] 61966672K->50697088K(91932480K), 0.6644060 secs] [Times: user=8.43 sys=0.16, real=0.66 secs] 
1189.062: [GC [PSYoungGen: 11713088K->213888K(22983104K)] 62188672K->50911520K(91932480K), 0.6886420 secs] [Times: user=8.73 sys=0.15, real=0.69 secs] 
1224.845: [GC [PSYoungGen: 11705472K->185792K(22983104K)] 62403104K->51097880K(91932480K), 0.5952010 secs] [Times: user=7.57 sys=0.12, real=0.60 secs] 
1260.577: [GC [PSYoungGen: 11677376K->173376K(11664960K)] 62589464K->51271672K(80614336K), 0.6367440 secs] [Times: user=7.03 sys=0.26, real=0.64 secs] 
1296.199: [GC [PSYoungGen: 11664960K->354784K(21564864K)] 62763256K->51453080K(90514240K), 0.6727780 secs] [Times: user=7.40 sys=0.19, real=0.68 secs] 
1332.484: [GC [PSYoungGen: 12016928K->517824K(12179968K)] 63115224K->51616120K(81129344K), 0.8397720 secs] [Times: user=9.63 sys=0.09, real=0.84 secs] 
1369.097: [GC [PSYoungGen: 12179968K->669984K(20305088K)] 63278264K->51768280K(89254464K), 1.0613470 secs] [Times: user=12.38 sys=0.11, real=1.07 secs] 
1406.446: [GC [PSYoungGen: 12516000K->840192K(12686208K)] 63614296K->51938488K(81635584K), 1.1897860 secs] [Times: user=14.30 sys=0.10, real=1.19 secs] 
1444.037: [GC [PSYoungGen: 12686208K->986752K(19311936K)] 63784504K->52085048K(88261312K), 1.2731670 secs] [Times: user=15.36 sys=0.09, real=1.28 secs] 
1482.152: [GC [PSYoungGen: 13050240K->1125888K(13189376K)] 64148536K->52224184K(82138752K), 1.5604130 secs] [Times: user=19.30 sys=0.06, real=1.56 secs] 
1522.215: [GC [PSYoungGen: 13189376K->1323232K(18471424K)] 64287672K->52421528K(87420800K), 1.7035160 secs] [Times: user=20.99 sys=0.09, real=1.71 secs] 
1563.266: [GC [PSYoungGen: 13656800K->1550976K(13884544K)] 64755096K->52649272K(82833920K), 2.0320000 secs] [Times: user=25.73 sys=0.05, real=2.03 secs] 
1604.674: [GC [PSYoungGen: 13884544K->1783552K(18175616K)] 64982840K->52881848K(87124992K), 2.2755600 secs] [Times: user=28.91 sys=0.05, real=2.28 secs] 
1647.251: [GC [PSYoungGen: 14402752K->2017312K(18489984K)] 65501048K->53115608K(87439360K), 2.3368710 secs] [Times: user=30.14 sys=0.01, real=2.33 secs] 
1689.974: [GC [PSYoungGen: 14636512K->2250784K(18347584K)] 65734808K->53349080K(87296960K), 2.5819470 secs] [Times: user=33.17 sys=0.02, real=2.58 secs] 
1733.975: [GC [PSYoungGen: 15210720K->2455552K(18460352K)] 66309016K->53553848K(87409728K), 2.9074010 secs] [Times: user=37.67 sys=0.00, real=2.91 secs] 
1778.152: [GC [PSYoungGen: 15415488K->2578688K(18735104K)] 66513784K->53676984K(87684480K), 2.9202130 secs] [Times: user=37.85 sys=0.00, real=2.92 secs] 
1823.764: [GC [PSYoungGen: 15939264K->2688640K(18752768K)] 67037560K->53786936K(87702144K), 2.7499050 secs] [Times: user=35.62 sys=0.01, real=2.75 secs] 
1868.763: [GC [PSYoungGen: 16049216K->2684704K(19084672K)] 67147512K->53904288K(88034048K), 2.8323770 secs] [Times: user=36.50 sys=0.20, real=2.84 secs] 
1915.270: [GC [PSYoungGen: 16475616K->2657088K(19119296K)] 67695200K->54003912K(88068672K), 2.8920680 secs] [Times: user=37.30 sys=0.17, real=2.90 secs] 
1962.099: [GC [PSYoungGen: 16448000K->2656832K(19273216K)] 67794824K->54118296K(88222592K), 2.7619470 secs] [Times: user=35.60 sys=0.18, real=2.76 secs] 
2010.208: [GC [PSYoungGen: 16843840K->2680448K(19358208K)] 68305304K->54248760K(88307584K), 2.7088300 secs] [Times: user=34.94 sys=0.14, real=2.70 secs] 
2058.303: [GC [PSYoungGen: 16867456K->2690496K(19478080K)] 68435768K->54378248K(88427456K), 2.4907470 secs] [Times: user=32.07 sys=0.18, real=2.49 secs] 
2107.536: [GC [PSYoungGen: 17270784K->2718848K(19577152K)] 68958536K->54509912K(88526528K), 2.5220330 secs] [Times: user=32.49 sys=0.16, real=2.52 secs] 
2156.788: [GC [PSYoungGen: 17299136K->2742304K(19698944K)] 69090200K->54631720K(88648320K), 2.3365400 secs] [Times: user=30.13 sys=0.13, real=2.33 secs] 
2207.088: [GC [PSYoungGen: 17705568K->2717024K(19793280K)] 69594984K->54745672K(88742656K), 2.2364170 secs] [Times: user=28.80 sys=0.16, real=2.24 secs] 
2257.301: [GC [PSYoungGen: 17680288K->2665472K(19821760K)] 69708936K->54855304K(88771136K), 2.2955130 secs] [Times: user=29.44 sys=0.23, real=2.30 secs] 
2309.144: [GC [PSYoungGen: 17998016K->2612640K(19948416K)] 70187848K->54967416K(88897792K), 2.0919920 secs] [Times: user=26.91 sys=0.18, real=2.09 secs] 
2360.868: [GC [PSYoungGen: 17945184K->2573056K(19853888K)] 70299960K->55087672K(88803264K), 2.1053790 secs] [Times: user=27.06 sys=0.20, real=2.11 secs] 
2413.817: [GC [PSYoungGen: 18240512K->2532512K(20007040K)] 70755128K->55205840K(88956416K), 2.1167400 secs] [Times: user=27.21 sys=0.19, real=2.12 secs] 
2466.771: [GC [PSYoungGen: 18199968K->2492896K(19862784K)] 70873296K->55317000K(88812160K), 1.9177640 secs] [Times: user=24.66 sys=0.15, real=1.92 secs] 
2520.644: [GC [PSYoungGen: 18479200K->2455456K(20027200K)] 71303304K->55424280K(88976576K), 1.8105160 secs] [Times: user=23.23 sys=0.21, real=1.82 secs] 
2574.676: [GC [PSYoungGen: 18441760K->2447072K(19871744K)] 71410584K->55548440K(88821120K), 1.6619870 secs] [Times: user=21.15 sys=0.21, real=1.66 secs] 
2629.742: [GC [PSYoungGen: 18726752K->2436864K(20028800K)] 71828120K->55677872K(88978176K), 1.7042850 secs] [Times: user=21.95 sys=0.11, real=1.71 secs] 
2684.792: [GC [PSYoungGen: 18716544K->2430048K(19921088K)] 71957552K->55790048K(88870464K), 1.5783750 secs] [Times: user=20.05 sys=0.15, real=1.58 secs] 
2740.995: [GC [PSYoungGen: 18981984K->2429888K(20052864K)] 72341984K->55918488K(89002240K), 1.5584170 secs] [Times: user=20.05 sys=0.12, real=1.56 secs] 
2797.287: [GC [PSYoungGen: 18981824K->2412096K(19996544K)] 72470424K->56047184K(88945920K), 1.5756070 secs] [Times: user=20.00 sys=0.21, real=1.57 secs] 
2854.638: [GC [PSYoungGen: 19207552K->2408800K(20097728K)] 72842640K->56190984K(89047104K), 1.5536220 secs] [Times: user=20.01 sys=0.10, real=1.55 secs] 
2912.109: [GC [PSYoungGen: 19204256K->2395488K(20095168K)] 72986440K->56328592K(89044544K), 1.5595590 secs] [Times: user=19.96 sys=0.15, real=1.56 secs] 
2970.633: [GC [PSYoungGen: 19424288K->2404032K(20174464K)] 73357392K->56478880K(89123840K), 1.5519680 secs] [Times: user=19.78 sys=0.31, real=1.56 secs] 
3029.410: [GC [PSYoungGen: 19432832K->2419744K(20200128K)] 73507680K->56629200K(89149504K), 1.5753680 secs] [Times: user=20.23 sys=0.14, real=1.58 secs] 
3089.428: [GC [PSYoungGen: 19675872K->2449120K(20268672K)] 73885328K->56789120K(89218048K), 1.5714300 secs] [Times: user=20.22 sys=0.13, real=1.58 secs] 
3149.758: [GC [PSYoungGen: 19705248K->2478080K(20371264K)] 74045248K->56950464K(89320640K), 1.5801320 secs] [Times: user=20.23 sys=0.23, real=1.58 secs] 
3211.298: [GC [PSYoungGen: 19957760K->2486784K(20408576K)] 74430144K->57108792K(89357952K), 1.5796760 secs] [Times: user=20.26 sys=0.19, real=1.58 secs] 
Splitting done.
Java using 69062638 KB of 89357952 KB.
3279.758: [GC [PSYoungGen: 19966464K->2440416K(20647552K)] 74588472K->57218472K(89596928K), 6.4502230 secs] [Times: user=31.45 sys=52.13, real=6.45 secs] 
3362.862: [GC [PSYoungGen: 20188192K->2377376K(20602688K)] 74966248K->57304184K(89552064K), 1.5734510 secs] [Times: user=19.79 sys=0.58, real=1.57 secs] 
3438.846: [GC [PSYoungGen: 20125152K->2320224K(20773120K)] 75051960K->57386560K(89722496K), 1.6126250 secs] [Times: user=20.49 sys=0.39, real=1.61 secs] 
3516.520: [GC [PSYoungGen: 20340320K->2249952K(20822912K)] 75406656K->57472272K(89772288K), 1.7155090 secs] [Times: user=21.80 sys=0.39, real=1.72 secs] 
3594.352: [GC [PSYoungGen: 20270048K->2170112K(21032000K)] 75492368K->57557296K(89981376K), 1.5957790 secs] [Times: user=20.43 sys=0.23, real=1.60 secs] 
Jun 3, 2013 5:24:36 PM org.geotools.referencing.factory.DeferredAuthorityFactory disposeBackingStore
INFO: Disposing class org.geotools.referencing.factory.epsg.ThreadedHsqlEpsgFactory backing store
3601.618: [GC [PSYoungGen: 4004011K->2031904K(21050496K)] 59391196K->57564136K(89999872K), 1.4221480 secs] [Times: user=18.19 sys=0.22, real=1.42 secs] 
3603.041: [Full GC (System) [PSYoungGen: 2031904K->0K(21050496K)] [PSOldGen: 55532232K->57561079K(68949376K)] 57564136K->57561079K(89999872K) [PSPermGen: 24168K->24168K(48000K)], 148.4341500 secs] [Times: user=141.15 sys=6.91, real=148.44 secs] 
3827.773: [GC [PSYoungGen: 18256576K->89120K(20731328K)] 75817655K->57650199K(89680704K), 0.4504000 secs] [Times: user=5.79 sys=0.00, real=0.45 secs] 
3905.241: [GC [PSYoungGen: 18008864K->182688K(21068160K)] 75569943K->57743767K(90017536K), 0.9098320 secs] [Times: user=11.77 sys=0.01, real=0.91 secs] 
3983.317: [GC [PSYoungGen: 18102432K->277664K(21322880K)] 75663511K->57838743K(90272256K), 1.2868980 secs] [Times: user=16.66 sys=0.00, real=1.29 secs] 
4063.027: [GC [PSYoungGen: 18225824K->381920K(21458112K)] 75786903K->57942999K(90407488K), 1.7125860 secs] [Times: user=22.19 sys=0.00, real=1.72 secs] 
4143.004: [GC [PSYoungGen: 18330080K->489920K(21684864K)] 75891159K->58050999K(90634240K), 2.3483320 secs] [Times: user=30.43 sys=0.00, real=2.34 secs] 
4224.973: [GC [PSYoungGen: 18605312K->603328K(21682816K)] 76166391K->58164407K(90632192K), 2.9382960 secs] [Times: user=38.06 sys=0.02, real=2.94 secs] 
4307.978: [GC [PSYoungGen: 18718720K->722752K(21730368K)] 76279799K->58283831K(90679744K), 3.4572150 secs] [Times: user=44.83 sys=0.00, real=3.46 secs] 
4392.315: [GC [PSYoungGen: 19087296K->832896K(21788928K)] 76648375K->58393975K(90738304K), 3.7564650 secs] [Times: user=48.70 sys=0.01, real=3.76 secs] 
4476.638: [GC [PSYoungGen: 19197440K->940320K(21742400K)] 76758519K->58501399K(90691776K), 4.3131040 secs] [Times: user=55.90 sys=0.01, real=4.32 secs] 
4563.943: [GC [PSYoungGen: 19622944K->1065600K(21847360K)] 77184023K->58626679K(90796736K), 5.2849650 secs] [Times: user=68.53 sys=0.00, real=5.29 secs] 
Analysis done.
Java using 70650445 KB of 90796736 KB.
Node Correlation done.
4703.259: [GC [PSYoungGen: 19748224K->3007866K(21104320K)] 77309303K->61857634K(90053696K), 10.2999550 secs] [Times: user=116.27 sys=17.16, real=10.30 secs] 
Java using 66194505 KB of 90053696 KB.
4756.667: [GC [PSYoungGen: 21104314K->3961338K(22057792K)] 79954082K->69030258K(91007168K), 12.6168140 secs] [Times: user=82.94 sys=80.50, real=12.62 secs] 
4784.907: [GC [PSYoungGen: 22057786K->6914106K(23007552K)] 87126706K->74849578K(91956928K), 4.9760940 secs] [Times: user=56.76 sys=7.67, real=4.98 secs] 
4789.883: [Full GC [PSYoungGen: 6914106K->5887456K(23007552K)] [PSOldGen: 67935471K->68949376K(68949376K)] 74849578K->74836832K(91956928K) [PSPermGen: 25305K->25305K(46464K)], 188.0762340 secs] [Times: user=181.73 sys=5.91, real=188.08 secs] 
4986.084: [Full GC [PSYoungGen: 16093440K->9948188K(23007552K)] [PSOldGen: 68949376K->68949376K(68949376K)] 85042816K->78897564K(91956928K) [PSPermGen: 25359K->25359K(44352K)], 188.3954770 secs] [Times: user=187.73 sys=0.20, real=188.41 secs] 
5196.663: [Full GC [PSYoungGen: 16093440K->8016243K(23007552K)] [PSOldGen: 68949376K->68949375K(68949376K)] 85042816K->76965619K(91956928K) [PSPermGen: 25376K->25280K(41664K)], 212.4155010 secs] [Times: user=211.48 sys=0.39, real=212.43 secs] 
Done.
Processing time: 5200362 ms
Java using 77193049 KB of 91956928 KB.
Writing results...
Skipped writeAllNodes (Writer creation failed for path: ).
Skipped writeAllSegments (Writer creation failed for path: ).
Skipped writeMidPointConnectors (Writer creation failed for path: ).
5443.557: [Full GC [PSYoungGen: 16093440K->8243690K(23007552K)] [PSOldGen: 68949375K->68949375K(68949376K)] 85042815K->77193066K(91956928K) [PSPermGen: 25353K->25353K(40000K)], 205.1784920 secs] [Times: user=192.23 sys=12.52, real=205.19 secs] 
Output: 5785563 lines.
Java using 81467614 KB of 91956928 KB.
5667.952: [Full GC (System) [PSYoungGen: 12840115K->8128035K(23007552K)] [PSOldGen: 68949375K->68949375K(68949376K)] 81789491K->77077411K(91956928K) [PSPermGen: 25354K->25354K(37888K)], 205.8982290 secs] [Times: user=193.08 sys=12.43, real=205.91 secs] 
Java using 77077411 KB of 91956928 KB.
Heap
 PSYoungGen      total 23007552K, used 9263460K [0x00007faf54d60000, 0x00007fb78d000000, 0x00007fb78d000000)
  eden space 16093440K, 57% used [0x00007faf54d60000,0x00007fb18a3b9308,0x00007fb32b1a0000)
  from space 6914112K, 0% used [0x00007fb575e80000,0x00007fb575e80000,0x00007fb71be90000)
  to   space 9190592K, 0% used [0x00007fb32b1a0000,0x00007fb32b1a0000,0x00007fb55c0d0000)
 PSOldGen        total 68949376K, used 68949375K [0x00007f9ee4800000, 0x00007faf54d60000, 0x00007faf54d60000)
  object space 68949376K, 99% used [0x00007f9ee4800000,0x00007faf54d5fff0,0x00007faf54d60000)
 PSPermGen       total 37888K, used 25365K [0x00007f9eda200000, 0x00007f9edc700000, 0x00007f9ee4800000)
  object space 37888K, 66% used [0x00007f9eda200000,0x00007f9edbac5678,0x00007f9edc700000)



Mon Jun  3 18:02:40 CEST 2013



