Java maximum available memory: 91932480 KB.
Reading content roads-classified
Features read from Shapefile: 663037
8.042: [GC [PSYoungGen: 2815808K->469235K(3285056K)] 2815808K->1278873K(10793728K), 1.0236050 secs] [Times: user=12.22 sys=0.91, real=1.02 secs] 
Jun 3, 2013 6:59:25 PM org.geotools.data.shapefile.ng.files.ShpFiles logCurrentLockers
SEVERE: The following locker still has a lock: read on file:/home/arne/git/project/../../data/de/roads-classified.shp by org.geotools.data.shapefile.ng.shp.ShapefileReader
Jun 3, 2013 6:59:25 PM org.geotools.data.shapefile.ng.files.ShpFiles logCurrentLockers
SEVERE: The following locker still has a lock: read on file:/home/arne/git/project/../../data/de/roads-classified.shx by org.geotools.data.shapefile.ng.shp.IndexFile
Jun 3, 2013 6:59:25 PM org.geotools.data.shapefile.ng.files.ShpFiles logCurrentLockers
SEVERE: The following locker still has a lock: read on file:/home/arne/git/project/../../data/de/roads-classified.dbf by org.geotools.data.shapefile.ng.dbf.DbaseFileReader
11.733: [GC [PSYoungGen: 3285043K->469240K(6100864K)] 4094681K->3158518K(13609536K), 1.0571240 secs] [Times: user=11.99 sys=1.70, real=1.06 secs] 
21.175: [GC [PSYoungGen: 6100856K->469248K(6100864K)] 8790134K->6818497K(13609536K), 1.9848220 secs] [Times: user=22.85 sys=2.75, real=1.98 secs] 
23.160: [Full GC [PSYoungGen: 469248K->0K(6100864K)] [PSOldGen: 6349249K->6817630K(15606400K)] 6818497K->6817630K(21707264K) [PSPermGen: 23969K->23969K(48256K)], 12.0419360 secs] [Times: user=11.82 sys=0.21, real=12.04 secs] 
Java using 9295420 KB of 21707264 KB.
Total segment count: 5272233
69.184: [GC [PSYoungGen: 5631616K->469248K(7872256K)] 12449246K->9973742K(23478656K), 1.9399540 secs] [Times: user=21.77 sys=3.35, real=1.94 secs] 
Regionalisation done; on average 12 close segments, 5 close false parallels.
Java using 12747366 KB of 23478656 KB.
117.119: [GC [PSYoungGen: 7872256K->469248K(9915776K)] 17376750K->11915054K(25522176K), 2.4674900 secs] [Times: user=17.73 sys=14.17, real=2.47 secs] 
145.668: [GC [PSYoungGen: 9915776K->741920K(13558784K)] 21361582K->12187726K(29165184K), 0.5495910 secs] [Times: user=6.51 sys=0.57, real=0.54 secs] 
173.282: [GC [PSYoungGen: 9986592K->813952K(13760640K)] 21432398K->12259758K(29367040K), 0.6036610 secs] [Times: user=7.32 sys=0.47, real=0.60 secs] 
201.052: [GC [PSYoungGen: 10058624K->814976K(14942080K)] 21504430K->12260782K(30548480K), 0.4770990 secs] [Times: user=5.62 sys=0.53, real=0.48 secs] 
234.651: [GC [PSYoungGen: 11560832K->878240K(15269888K)] 23006638K->12324046K(30876288K), 0.4346800 secs] [Times: user=5.25 sys=0.36, real=0.44 secs] 
268.308: [GC [PSYoungGen: 11624096K->929920K(15555840K)] 23069902K->12375726K(31162240K), 0.3970110 secs] [Times: user=4.76 sys=0.36, real=0.40 secs] 
304.772: [GC [PSYoungGen: 12390976K->996576K(15806272K)] 23836782K->12442382K(31412672K), 0.3751980 secs] [Times: user=4.66 sys=0.16, real=0.37 secs] 
341.963: [GC [PSYoungGen: 12457632K->1067744K(15810816K)] 23903438K->12513550K(31417216K), 0.3835020 secs] [Times: user=4.71 sys=0.24, real=0.38 secs] 
Splitting done.
Java using 16617929 KB of 31417216 KB.
392.906: [GC [PSYoungGen: 13057888K->1159136K(16060544K)] 24503694K->12604942K(31666944K), 1.7468780 secs] [Times: user=9.62 sys=12.99, real=1.75 secs] 
448.249: [GC [PSYoungGen: 13149280K->1265216K(15999232K)] 24595086K->12711022K(31605632K), 0.9334830 secs] [Times: user=11.81 sys=0.26, real=0.93 secs] 
504.437: [GC [PSYoungGen: 13774016K->1366304K(16235008K)] 25219822K->12812110K(31841408K), 1.5073600 secs] [Times: user=18.99 sys=0.53, real=1.50 secs] 
Analysis done.
Java using 15078898 KB of 31841408 KB.
Node Correlation done.
Java using 17595870 KB of 31841408 KB.
544.285: [GC [PSYoungGen: 13875104K->3539306K(15517632K)] 25320910K->16414736K(31124032K), 4.2996440 secs] [Times: user=29.97 sys=25.67, real=4.30 secs] 
Done.
Processing time: 515982 ms
Java using 21646494 KB of 31124032 KB.
Writing results...
Skipped writeAllNodes (Writer creation failed for path: ).
Skipped writeAllSegments (Writer creation failed for path: ).
Skipped writeMidPointConnectors (Writer creation failed for path: ).
Output: 426308 lines.
Java using 24501947 KB of 31124032 KB.
566.610: [GC [PSYoungGen: 11866092K->4610794K(16589120K)] 24741522K->17989232K(32195520K), 7.6672030 secs] [Times: user=31.83 sys=67.48, real=7.67 secs] 
574.278: [Full GC (System) [PSYoungGen: 4610794K->2373648K(16589120K)] [PSOldGen: 13378438K->15606399K(15606400K)] 17989232K->17980048K(32195520K) [PSPermGen: 25401K->25401K(55552K)], 41.4580010 secs] [Times: user=39.49 sys=1.88, real=41.46 secs] 
Java using 17980048 KB of 32195520 KB.
Heap
 PSYoungGen      total 16589120K, used 3325953K [0x00007f6ae8d60000, 0x00007f70bd780000, 0x00007f7321000000)
  eden space 11978304K, 27% used [0x00007f6ae8d60000,0x00007f6bb3d60450,0x00007f6dc3ef0000)
  from space 4610816K, 0% used [0x00007f6dc3ef0000,0x00007f6dc3ef0000,0x00007f6edd5b0000)
  to   space 5535936K, 0% used [0x00007f6f6b950000,0x00007f6f6b950000,0x00007f70bd780000)
 PSOldGen        total 15606400K, used 15606399K [0x00007f5a78800000, 0x00007f5e310a0000, 0x00007f6ae8d60000)
  object space 15606400K, 99% used [0x00007f5a78800000,0x00007f5e3109fff8,0x00007f5e310a0000)
 PSPermGen       total 55552K, used 25417K [0x00007f5a6e200000, 0x00007f5a71840000, 0x00007f5a78800000)
  object space 55552K, 45% used [0x00007f5a6e200000,0x00007f5a6fad2688,0x00007f5a71840000)



Mon Jun  3 19:09:36 CEST 2013



