Java maximum available memory: 91932480 KB.
Reading content roads-network-nolinks
Features read from Shapefile: 114232
Java using 2815808 KB of 10793728 KB.
7.257: [GC [PSYoungGen: 2815808K->469247K(3285056K)] 2815808K->1710013K(10793728K), 1.3097910 secs] [Times: user=9.46 sys=7.18, real=1.30 secs] 
Jun 3, 2013 6:02:49 PM org.geotools.data.shapefile.ng.files.ShpFiles logCurrentLockers
SEVERE: The following locker still has a lock: read on file:/home/arne/git/project/../../data/bw/roads-network-nolinks.shp by org.geotools.data.shapefile.ng.shp.ShapefileReader
Jun 3, 2013 6:02:49 PM org.geotools.data.shapefile.ng.files.ShpFiles logCurrentLockers
SEVERE: The following locker still has a lock: read on file:/home/arne/git/project/../../data/bw/roads-network-nolinks.shx by org.geotools.data.shapefile.ng.shp.IndexFile
Jun 3, 2013 6:02:49 PM org.geotools.data.shapefile.ng.files.ShpFiles logCurrentLockers
SEVERE: The following locker still has a lock: read on file:/home/arne/git/project/../../data/bw/roads-network-nolinks.dbf by org.geotools.data.shapefile.ng.dbf.DbaseFileReader
Total segment count: 1089204
Regionalisation done; on average 11 close segments, 4 close false parallels.
Java using 2929991 KB of 10793728 KB.
25.230: [GC [PSYoungGen: 3285055K->469248K(6100864K)] 4525821K->2353367K(13609536K), 1.0975000 secs] [Times: user=8.73 sys=5.47, real=1.10 secs] 
44.389: [GC [PSYoungGen: 6100864K->469248K(6100864K)] 7984983K->2431559K(13609536K), 0.2485400 secs] [Times: user=2.71 sys=0.43, real=0.25 secs] 
Splitting done.
Java using 4891397 KB of 13609536 KB.
67.778: [GC [PSYoungGen: 6100864K->469248K(11732480K)] 8063175K->2487767K(19241152K), 0.8597130 secs] [Times: user=6.10 sys=5.02, real=0.86 secs] 
Analysis done.
Java using 3382254 KB of 19241152 KB.
Node Correlation done.
Java using 4054770 KB of 19241152 KB.
Done.
Processing time: 70370 ms
Java using 6963501 KB of 19241152 KB.
Writing results...
Skipped writeAllNodes (Writer creation failed for path: ).
Skipped writeAllSegments (Writer creation failed for path: ).
Skipped writeMidPointConnectors (Writer creation failed for path: ).
Output: 94411 lines.
Java using 7636017 KB of 19241152 KB.
82.121: [GC [PSYoungGen: 5842770K->469222K(11732480K)] 7861290K->3549838K(19241152K), 2.0551590 secs] [Times: user=10.69 sys=15.92, real=2.06 secs] 
84.177: [Full GC (System) [PSYoungGen: 469222K->0K(11732480K)] [PSOldGen: 3080615K->3548973K(7508672K)] 3549838K->3548973K(19241152K) [PSPermGen: 24655K->24655K(49344K)], 7.6358370 secs] [Times: user=7.40 sys=0.22, real=7.64 secs] 
Java using 3548973 KB of 19241152 KB.
Heap
 PSYoungGen      total 11732480K, used 899424K [0x00007f7fe8d60000, 0x00007f82d1920000, 0x00007f8821000000)
  eden space 11263232K, 7% used [0x00007f7fe8d60000,0x00007f801fbb8078,0x00007f82984a0000)
  from space 469248K, 0% used [0x00007f82984a0000,0x00007f82984a0000,0x00007f82b4ee0000)
  to   space 469248K, 0% used [0x00007f82b4ee0000,0x00007f82b4ee0000,0x00007f82d1920000)
 PSOldGen        total 7508672K, used 3548973K [0x00007f6f78800000, 0x00007f7142cb0000, 0x00007f7fe8d60000)
  object space 7508672K, 47% used [0x00007f6f78800000,0x00007f70511cb5a8,0x00007f7142cb0000)
 PSPermGen       total 49344K, used 24671K [0x00007f6f6e200000, 0x00007f6f71230000, 0x00007f6f78800000)
  object space 49344K, 49% used [0x00007f6f6e200000,0x00007f6f6fa17e60,0x00007f6f71230000)



Mon Jun  3 18:04:14 CEST 2013



