Java maximum available memory: 91932480 KB.
Reading content roads-network-nolinks
Features read from Shapefile: 541358
8.068: [GC [PSYoungGen: 2815808K->469240K(3285056K)] 2815808K->1427658K(10793728K), 0.9902610 secs] [Times: user=11.53 sys=1.02, real=0.99 secs] 
11.866: [GC [PSYoungGen: 3285048K->469235K(6100864K)] 4243466K->3268977K(13609536K), 1.0157430 secs] [Times: user=11.41 sys=1.72, real=1.01 secs] 
21.167: [GC [PSYoungGen: 6100851K->469248K(6100864K)] 8900593K->6910709K(13609536K), 1.9854510 secs] [Times: user=22.69 sys=2.90, real=1.98 secs] 
23.153: [Full GC [PSYoungGen: 469248K->0K(6100864K)] [PSOldGen: 6441461K->6909826K(15610688K)] 6910709K->6909826K(21711552K) [PSPermGen: 23814K->23814K(47680K)], 12.0779610 secs] [Times: user=11.86 sys=0.20, real=12.08 secs] 
Java using 9500244 KB of 21711552 KB.
Total segment count: 5489304
69.118: [GC [PSYoungGen: 5631616K->469248K(7830656K)] 12541442K->10056680K(23441344K), 1.9391620 secs] [Times: user=21.69 sys=3.41, real=1.94 secs] 
Regionalisation done; on average 12 close segments, 4 close false parallels.
Java using 13105038 KB of 23441344 KB.
120.807: [GC [PSYoungGen: 7830656K->469248K(9809728K)] 17418088K->12039386K(25420416K), 2.5291960 secs] [Times: user=17.74 sys=14.97, real=2.53 secs] 
148.985: [GC [PSYoungGen: 9809728K->747680K(13341312K)] 21379866K->12317818K(28952000K), 0.5511710 secs] [Times: user=6.57 sys=0.52, real=0.55 secs] 
176.527: [GC [PSYoungGen: 9863456K->807424K(13566016K)] 21433594K->12377562K(29176704K), 0.4841410 secs] [Times: user=5.87 sys=0.36, real=0.48 secs] 
205.473: [GC [PSYoungGen: 9923200K->892672K(14667520K)] 21493338K->12462810K(30278208K), 0.3926930 secs] [Times: user=4.44 sys=0.62, real=0.40 secs] 
239.777: [GC [PSYoungGen: 11420288K->985280K(15000576K)] 22990426K->12555418K(30611264K), 0.3775830 secs] [Times: user=4.47 sys=0.39, real=0.38 secs] 
274.577: [GC [PSYoungGen: 11512896K->1075040K(15217536K)] 23083034K->12645178K(30828224K), 0.3860770 secs] [Times: user=4.59 sys=0.40, real=0.39 secs] 
Splitting done.
Java using 21658185 KB of 30828224 KB.
314.919: [GC [PSYoungGen: 12265184K->1158208K(15467904K)] 23835322K->12728346K(31078592K), 2.0771860 secs] [Times: user=9.38 sys=17.51, real=2.07 secs] 
366.389: [GC [PSYoungGen: 12348352K->1247424K(15540160K)] 23918490K->12817562K(31150848K), 0.7201390 secs] [Times: user=8.95 sys=0.36, real=0.72 secs] 
Analysis done.
Java using 24636954 KB of 31150848 KB.
418.892: [GC [PSYoungGen: 13066816K->1333312K(15806208K)] 24636954K->12903450K(31416896K), 3.7007360 secs] [Times: user=27.79 sys=20.15, real=3.70 secs] 
Node Correlation done.
Java using 15043727 KB of 31416896 KB.
445.573: [GC [PSYoungGen: 13152704K->3819180K(15302912K)] 24722842K->16867983K(30913600K), 3.9463740 secs] [Times: user=30.98 sys=20.09, real=3.95 secs] 
Done.
Processing time: 414528 ms
Java using 21427743 KB of 30913600 KB.
Writing results...
Skipped writeAllNodes (Writer creation failed for path: ).
Skipped writeAllSegments (Writer creation failed for path: ).
Skipped writeMidPointConnectors (Writer creation failed for path: ).
Output: 699493 lines.
Java using 24393281 KB of 30913600 KB.
466.684: [GC [PSYoungGen: 11574161K->4949548K(16433280K)] 24622964K->18233031K(32043968K), 7.6181870 secs] [Times: user=31.24 sys=67.41, real=7.62 secs] 
474.302: [Full GC (System) [PSYoungGen: 4949548K->2612725K(16433280K)] [PSOldGen: 13283482K->15610687K(15610688K)] 18233031K->18223413K(32043968K) [PSPermGen: 24762K->24762K(54336K)], 41.1336680 secs] [Times: user=39.02 sys=2.02, real=41.14 secs] 
Java using 18223413 KB of 32043968 KB.
Heap
 PSYoungGen      total 16433280K, used 3525572K [0x00007f9f04d60000, 0x00007fa4e6100000, 0x00007fa73d000000)
  eden space 11483712K, 30% used [0x00007f9f04d60000,0x00007f9fdc0513a8,0x00007fa1c1bf0000)
  from space 4949568K, 0% used [0x00007fa1c1bf0000,0x00007fa1c1bf0000,0x00007fa2efd80000)
  to   space 5826560K, 0% used [0x00007fa382700000,0x00007fa382700000,0x00007fa4e6100000)
 PSOldGen        total 15610688K, used 15610687K [0x00007f8e94800000, 0x00007f924d4d0000, 0x00007f9f04d60000)
  object space 15610688K, 99% used [0x00007f8e94800000,0x00007f924d4cffd0,0x00007f924d4d0000)
 PSPermGen       total 54336K, used 24778K [0x00007f8e8a200000, 0x00007f8e8d710000, 0x00007f8e94800000)
  object space 54336K, 45% used [0x00007f8e8a200000,0x00007f8e8ba32ae0,0x00007f8e8d710000)



Mon Jun  3 18:12:54 CEST 2013



