Java maximum available memory: 91932480 KB.
Reading content roads-network-nolinks
7.267: [GC [PSYoungGen: 2815808K->469240K(3285056K)] 2815808K->1125126K(10793728K), 1.0495910 secs] [Times: user=12.48 sys=0.87, real=1.04 secs] 
Jun 3, 2013 6:36:54 PM org.geotools.data.shapefile.ShpFiles logCurrentLockers
SEVERE: The following locker still has a lock: read on file:/home/arne/git/project/../../data/nl/roads-network-nolinks.dbf by org.geotools.data.shapefile.dbf.IndexedDbaseFileReader
Jun 3, 2013 6:36:54 PM org.geotools.data.shapefile.ShpFiles logCurrentLockers
SEVERE: The following locker still has a lock: read on file:/home/arne/git/project/../../data/nl/roads-network-nolinks.shp by org.geotools.data.shapefile.shp.ShapefileReader
Jun 3, 2013 6:36:54 PM org.geotools.data.shapefile.ShpFiles logCurrentLockers
SEVERE: The following locker still has a lock: read on file:/home/arne/git/project/../../data/nl/roads-network-nolinks.shx by org.geotools.data.shapefile.shp.IndexFile
Features read from Shapefile: 803392
10.665: [GC [PSYoungGen: 3285048K->469235K(6100864K)] 3940934K->2793297K(13609536K), 1.0091450 secs] [Times: user=11.60 sys=1.44, real=1.01 secs] 
Java using 5646838 KB of 13609536 KB.
Total segment count: 2395813
44.912: [GC [PSYoungGen: 6100851K->469248K(6100864K)] 8424913K->5772192K(13609536K), 2.2454910 secs] [Times: user=22.80 sys=6.12, real=2.25 secs] 
47.157: [Full GC [PSYoungGen: 469248K->0K(6100864K)] [PSOldGen: 5302944K->5771293K(13655552K)] 5772192K->5771293K(19756416K) [PSPermGen: 23999K->23999K(48256K)], 12.7898340 secs] [Times: user=12.54 sys=0.23, real=12.79 secs] 
Regionalisation done; on average 18 close segments, 5 close false parallels.
Java using 6659782 KB of 19756416 KB.
83.924: [GC [PSYoungGen: 5631616K->469248K(8238848K)] 11402909K->6602685K(21894400K), 1.1729630 secs] [Times: user=11.30 sys=3.88, real=1.17 secs] 
108.461: [GC [PSYoungGen: 8238848K->469248K(10819584K)] 14372285K->7025917K(24475136K), 0.7969330 secs] [Times: user=9.47 sys=0.77, real=0.80 secs] 
140.920: [GC [PSYoungGen: 10819584K->665312K(14259776K)] 17376253K->7221981K(27915328K), 0.4425820 secs] [Times: user=5.15 sys=0.52, real=0.44 secs] 
172.224: [GC [PSYoungGen: 11109280K->844768K(14166144K)] 17665949K->7401437K(27821696K), 0.6325820 secs] [Times: user=7.63 sys=0.54, real=0.63 secs] 
204.667: [GC [PSYoungGen: 11288736K->969824K(15492416K)] 17845405K->7526493K(29147968K), 0.6773500 secs] [Times: user=8.12 sys=0.63, real=0.67 secs] 
244.106: [GC [PSYoungGen: 13575008K->1087232K(16001792K)] 20131677K->7643901K(29657344K), 0.7107250 secs] [Times: user=8.60 sys=0.58, real=0.71 secs] 
283.937: [GC [PSYoungGen: 13692416K->1182624K(16487488K)] 20249085K->7739293K(30143040K), 0.6542480 secs] [Times: user=7.91 sys=0.54, real=0.66 secs] 
327.542: [GC [PSYoungGen: 14951584K->1264416K(16833024K)] 21508253K->7821085K(30488576K), 0.5707230 secs] [Times: user=6.91 sys=0.46, real=0.57 secs] 
371.484: [GC [PSYoungGen: 15033376K->1343360K(17171648K)] 21590045K->7900029K(30827200K), 0.5722390 secs] [Times: user=6.94 sys=0.46, real=0.58 secs] 
418.533: [GC [PSYoungGen: 16056640K->1423488K(17464640K)] 22613309K->7980157K(31120192K), 0.5248000 secs] [Times: user=6.14 sys=0.64, real=0.53 secs] 
465.903: [GC [PSYoungGen: 16136768K->1503808K(17889088K)] 22693437K->8060477K(31544640K), 0.5280870 secs] [Times: user=6.47 sys=0.35, real=0.53 secs] 
516.194: [GC [PSYoungGen: 16986304K->1596832K(18061248K)] 23542973K->8153501K(31716800K), 0.5516810 secs] [Times: user=6.89 sys=0.22, real=0.55 secs] 
567.655: [GC [PSYoungGen: 17079328K->1693120K(18628480K)] 23635997K->8249789K(32284032K), 0.5772650 secs] [Times: user=7.01 sys=0.44, real=0.58 secs] 
Splitting done.
Java using 15726477 KB of 32284032 KB.
632.981: [GC [PSYoungGen: 17835392K->1761952K(18690880K)] 24392061K->8318621K(32346432K), 2.8272730 secs] [Times: user=13.17 sys=23.44, real=2.82 secs] 
707.560: [GC [PSYoungGen: 17904224K->1831072K(19254144K)] 24460893K->8387741K(32909696K), 0.8417270 secs] [Times: user=10.45 sys=0.43, real=0.84 secs] 
779.382: [GC [PSYoungGen: 18524704K->1578400K(19291776K)] 25081373K->8459453K(32947328K), 1.5464640 secs] [Times: user=18.20 sys=1.82, real=1.54 secs] 
Analysis done.
Java using 22914342 KB of 32947328 KB.
Node Correlation done.
Java using 24592864 KB of 32947328 KB.
856.704: [GC [PSYoungGen: 18272032K->2469421K(19536640K)] 25153085K->9483067K(33192192K), 5.7934440 secs] [Times: user=45.25 sys=29.83, real=5.80 secs] 
Done.
Processing time: 854652 ms
Java using 15225861 KB of 33192192 KB.
Writing results...
Skipped writeAllNodes (Writer creation failed for path: ).
Skipped writeAllSegments (Writer creation failed for path: ).
Skipped writeMidPointConnectors (Writer creation failed for path: ).
Output: 755055 lines.
Java using 16917391 KB of 33192192 KB.
877.925: [GC [PSYoungGen: 10244030K->2781997K(19795840K)] 17257676K->11216507K(33451392K), 6.5294940 secs] [Times: user=35.57 sys=49.02, real=6.52 secs] 
884.454: [Full GC (System) [PSYoungGen: 2781997K->0K(19795840K)] [PSOldGen: 8434509K->11212048K(13655552K)] 11216507K->11212048K(33451392K) [PSPermGen: 24295K->24295K(54528K)], 27.7911480 secs] [Times: user=26.39 sys=1.36, real=27.80 secs] 
Java using 11212048 KB of 33451392 KB.
Heap
 PSYoungGen      total 19795840K, used 1358649K [0x00007f3894d60000, 0x00007f3e816a0000, 0x00007f40cd000000)
  eden space 17013824K, 7% used [0x00007f3894d60000,0x00007f38e7c2e5c0,0x00007f3ca3470000)
  from space 2782016K, 0% used [0x00007f3ca3470000,0x00007f3ca3470000,0x00007f3d4d140000)
  to   space 3630208K, 0% used [0x00007f3da3d80000,0x00007f3da3d80000,0x00007f3e816a0000)
 PSOldGen        total 13655552K, used 11212048K [0x00007f2824800000, 0x00007f2b65f80000, 0x00007f3894d60000)
  object space 13655552K, 82% used [0x00007f2824800000,0x00007f2ad0d44230,0x00007f2b65f80000)
 PSPermGen       total 54528K, used 24311K [0x00007f281a200000, 0x00007f281d740000, 0x00007f2824800000)
  object space 54528K, 44% used [0x00007f281a200000,0x00007f281b9bded0,0x00007f281d740000)



Mon Jun  3 18:52:02 CEST 2013



