Buildfile: /home/arne/git/project/build.xml

build:

BUILD SUCCESSFUL
Total time: 0 seconds
Mon Jun  3 16:07:04 CEST 2013



Java maximum available memory: 91932480 KB.
Reading content roads-mtp-nolinks
Features read from Shapefile: 158702
Java using 2703180 KB of 10793728 KB.
	arne     15881  107  1.8 105756212 2801968 pts/0 Sl 16:07   0:08 
Total segment count: 965638
9.054: [GC [PSYoungGen: 2815808K->469219K(3285056K)] 2815808K->1639459K(10793728K), 1.4006840 secs] [Times: user=11.42 sys=6.52, real=1.40 secs] 
Regionalisation done; on average 9 close segments, 6 close false parallels.
Java using 2651141 KB of 10793728 KB.
	arne     15881  195  3.0 105756212 4543976 pts/0 Sl 16:07   0:39 
25.369: [GC [PSYoungGen: 3285027K->469248K(6100864K)] 4455267K->2243478K(13609536K), 0.9668600 secs] [Times: user=7.82 sys=4.66, real=0.97 secs] 
Splitting done.
Java using 7875094 KB of 13609536 KB.
43.772: [GC [PSYoungGen: 6100864K->469248K(6100864K)] 7875094K->2300014K(13609536K), 0.8740360 secs] [Times: user=5.09 sys=6.16, real=0.87 secs] 
Analysis done.
Java using 5757679 KB of 13609536 KB.
Node Correlation done.
Java using 6762324 KB of 13609536 KB.
67.575: [GC [PSYoungGen: 6100864K->469244K(11732480K)] 7931630K->3187842K(19241152K), 2.0127040 secs] [Times: user=16.62 sys=9.43, real=2.02 secs] 
Done.
Processing time: 61362 ms
Java using 3847479 KB of 19241152 KB.
Writing results...
Skipped writeAllNodes (Writer creation failed for path: ).
Skipped writeAllSegments (Writer creation failed for path: ).
Skipped writeMidPointConnectors (Writer creation failed for path: ).
Output: 34617 lines.
Java using 4292631 KB of 19241152 KB.
73.277: [GC [PSYoungGen: 1799306K->469244K(11732480K)] 4517904K->3329994K(19241152K), 1.0660550 secs] [Times: user=5.93 sys=7.87, real=1.07 secs] 
74.343: [Full GC (System) [PSYoungGen: 469244K->0K(11732480K)] [PSOldGen: 2860750K->3329170K(7508672K)] 3329994K->3329170K(19241152K) [PSPermGen: 24335K->24335K(48704K)], 7.3718770 secs] [Times: user=6.99 sys=0.36, real=7.37 secs] 
Java using 3329170 KB of 19241152 KB.
Heap
 PSYoungGen      total 11732480K, used 895681K [0x00007efe5bed0000, 0x00007f0144a90000, 0x00007f0694170000)
  eden space 11263232K, 7% used [0x00007efe5bed0000,0x00007efe92980630,0x00007f010b610000)
  from space 469248K, 0% used [0x00007f010b610000,0x00007f010b610000,0x00007f0128050000)
  to   space 469248K, 0% used [0x00007f0128050000,0x00007f0128050000,0x00007f0144a90000)
 PSOldGen        total 7508672K, used 3329170K [0x00007eedeb970000, 0x00007eefb5e20000, 0x00007efe5bed0000)
  object space 7508672K, 44% used [0x00007eedeb970000,0x00007eeeb6c94ae0,0x00007eefb5e20000)
 PSPermGen       total 48704K, used 24352K [0x00007eede1370000, 0x00007eede4300000, 0x00007eedeb970000)
  object space 48704K, 50% used [0x00007eede1370000,0x00007eede2b38048,0x00007eede4300000)

real	1m22.859s
user	1m59.611s
sys	0m42.167s



Mon Jun  3 16:08:27 CEST 2013



Java maximum available memory: 91932480 KB.
Reading content roads-classified-nolinks
Features read from Shapefile: 601226
7.549: [GC [PSYoungGen: 2815808K->469219K(3285056K)] 2815808K->1340369K(10793728K), 0.8801250 secs] [Times: user=10.23 sys=1.02, real=0.88 secs] 
Jun 3, 2013 4:08:35 PM org.geotools.data.shapefile.ng.files.ShpFiles logCurrentLockers
SEVERE: The following locker still has a lock: read on file:/home/arne/git/project/../../data/de/roads-classified-nolinks.shp by org.geotools.data.shapefile.ng.shp.ShapefileReader
Jun 3, 2013 4:08:35 PM org.geotools.data.shapefile.ng.files.ShpFiles logCurrentLockers
SEVERE: The following locker still has a lock: read on file:/home/arne/git/project/../../data/de/roads-classified-nolinks.shx by org.geotools.data.shapefile.ng.shp.IndexFile
Jun 3, 2013 4:08:35 PM org.geotools.data.shapefile.ng.files.ShpFiles logCurrentLockers
SEVERE: The following locker still has a lock: read on file:/home/arne/git/project/../../data/de/roads-classified-nolinks.dbf by org.geotools.data.shapefile.ng.dbf.DbaseFileReader
11.318: [GC [PSYoungGen: 3285027K->469224K(6100864K)] 4156177K->3217166K(13609536K), 0.9747870 secs] [Times: user=10.93 sys=1.67, real=0.98 secs] 
20.882: [GC [PSYoungGen: 6100840K->469248K(6100864K)] 8848782K->6876572K(13609536K), 1.8342760 secs] [Times: user=21.01 sys=2.66, real=1.84 secs] 
22.716: [Full GC [PSYoungGen: 469248K->0K(6100864K)] [PSOldGen: 6407324K->6875692K(15697536K)] 6876572K->6875692K(21798400K) [PSPermGen: 23972K->23972K(48256K)], 11.8762050 secs] [Times: user=11.64 sys=0.22, real=11.88 secs] 
Java using 8339841 KB of 21798400 KB.
Total segment count: 4894304
83.167: [GC [PSYoungGen: 5631616K->469248K(7745152K)] 12507308K->10313244K(23442688K), 2.1376940 secs] [Times: user=24.08 sys=3.60, real=2.14 secs] 
Regionalisation done; on average 9 close segments, 4 close false parallels.
Java using 10887140 KB of 23442688 KB.
110.660: [GC [PSYoungGen: 7745152K->469248K(9584448K)] 17589148K->10837020K(25281984K), 1.0590450 secs] [Times: user=8.39 sys=5.23, real=1.06 secs] 
137.433: [GC [PSYoungGen: 9584448K->605120K(13968000K)] 19952220K->10972892K(29665536K), 0.3327650 secs] [Times: user=3.84 sys=0.41, real=0.34 secs] 
166.132: [GC [PSYoungGen: 9666816K->682432K(14021504K)] 20034588K->11050204K(29719040K), 0.2748050 secs] [Times: user=3.15 sys=0.39, real=0.28 secs] 
Splitting done.
Java using 19566522 KB of 29719040 KB.
197.364: [GC [PSYoungGen: 9744128K->750368K(14929024K)] 20111900K->11118140K(30626560K), 1.1337370 secs] [Times: user=6.21 sys=8.42, real=1.13 secs] 
246.217: [GC [PSYoungGen: 11186976K->878528K(15209216K)] 21554748K->11246300K(30906752K), 0.7395160 secs] [Times: user=9.04 sys=0.51, real=0.74 secs] 
Analysis done.
Java using 15029035 KB of 30906752 KB.
Node Correlation done.
Java using 16918991 KB of 30906752 KB.
282.673: [GC [PSYoungGen: 11315136K->3287069K(15550528K)] 21682908K->13654842K(31248064K), 3.1852960 secs] [Times: user=23.29 sys=17.96, real=3.19 secs] 
Done.
Processing time: 256632 ms
Java using 21036524 KB of 31248064 KB.
Writing results...
Skipped writeAllNodes (Writer creation failed for path: ).
Skipped writeAllSegments (Writer creation failed for path: ).
Skipped writeMidPointConnectors (Writer creation failed for path: ).
Output: 290165 lines.
Java using 23643426 KB of 31248064 KB.
303.576: [GC [PSYoungGen: 13494365K->4911037K(15846208K)] 23862138K->15918434K(31543744K), 7.6196760 secs] [Times: user=30.85 sys=67.83, real=7.62 secs] 
311.195: [Full GC (System) [PSYoungGen: 4911037K->211261K(15846208K)] [PSOldGen: 11007396K->15697535K(15697536K)] 15918434K->15908797K(31543744K) [PSPermGen: 25382K->25382K(55552K)], 36.2022820 secs] [Times: user=33.71 sys=2.41, real=36.21 secs] 
Java using 15908797 KB of 31543744 KB.
Heap
 PSYoungGen      total 15846208K, used 1081766K [0x00007f0968d60000, 0x00007f0ef5f30000, 0x00007f11a1000000)
  eden space 10935168K, 9% used [0x00007f0968d60000,0x00007f09aadc9b58,0x00007f0c04440000)
  from space 4911040K, 0% used [0x00007f0c04440000,0x00007f0c04440000,0x00007f0d30030000)
  to   space 5971840K, 0% used [0x00007f0d89750000,0x00007f0d89750000,0x00007f0ef5f30000)
 PSOldGen        total 15697536K, used 15697535K [0x00007ef8f8800000, 0x00007efcb69a0000, 0x00007f0968d60000)
  object space 15697536K, 99% used [0x00007ef8f8800000,0x00007efcb699ffc0,0x00007efcb69a0000)
 PSPermGen       total 55552K, used 25398K [0x00007ef8ee200000, 0x00007ef8f1840000, 0x00007ef8f8800000)
  object space 55552K, 45% used [0x00007ef8ee200000,0x00007ef8efacda90,0x00007ef8f1840000)

real	5m50.964s
user	7m44.617s
sys	2m12.936s



Mon Jun  3 16:14:18 CEST 2013



Java maximum available memory: 91932480 KB.
Reading content roads-network-nolinks
7.923: [GC [PSYoungGen: 2815808K->469235K(3285056K)] 2815808K->1291593K(10793728K), 1.0388200 secs] [Times: user=12.33 sys=0.95, real=1.04 secs] 
Jun 3, 2013 4:14:27 PM org.geotools.data.shapefile.ng.files.ShpFiles logCurrentLockers
SEVERE: The following locker still has a lock: read on file:/home/arne/git/project/../../data/de/roads-network-nolinks.shp by org.geotools.data.shapefile.ng.shp.ShapefileReader
Jun 3, 2013 4:14:27 PM org.geotools.data.shapefile.ng.files.ShpFiles logCurrentLockers
SEVERE: The following locker still has a lock: read on file:/home/arne/git/project/../../data/de/roads-network-nolinks.shx by org.geotools.data.shapefile.ng.shp.IndexFile
Jun 3, 2013 4:14:27 PM org.geotools.data.shapefile.ng.files.ShpFiles logCurrentLockers
SEVERE: The following locker still has a lock: read on file:/home/arne/git/project/../../data/de/roads-network-nolinks.dbf by org.geotools.data.shapefile.ng.dbf.DbaseFileReader
Features read from Shapefile: 867319
11.887: [GC [PSYoungGen: 3285043K->469224K(6100864K)] 4107401K->2995454K(13609536K), 1.1542570 secs] [Times: user=13.54 sys=1.40, real=1.15 secs] 
21.010: [GC [PSYoungGen: 6100840K->469248K(6100864K)] 8627070K->6713117K(13609536K), 2.0115030 secs] [Times: user=23.09 sys=2.83, real=2.01 secs] 
23.022: [Full GC [PSYoungGen: 469248K->0K(6100864K)] [PSOldGen: 6243869K->6712237K(15436480K)] 6713117K->6712237K(21537344K) [PSPermGen: 23972K->23972K(48256K)], 11.6147350 secs] [Times: user=11.39 sys=0.21, real=11.62 secs] 
43.050: [GC [PSYoungGen: 5631616K->469248K(7980736K)] 12343853K->10293829K(23417216K), 1.5642780 secs] [Times: user=18.03 sys=2.21, real=1.57 secs] 
Java using 12246720 KB of 23417216 KB.
Total segment count: 7228935
110.028: [GC [PSYoungGen: 7980736K->469248K(10149440K)] 17805317K->14884237K(25585920K), 2.7627420 secs] [Times: user=31.39 sys=4.29, real=2.77 secs] 
112.791: [Full GC [PSYoungGen: 469248K->0K(10149440K)] [PSOldGen: 14414989K->14883355K(28232960K)] 14884237K->14883355K(38382400K) [PSPermGen: 24129K->24129K(54592K)], 31.9785140 secs] [Times: user=30.79 sys=1.13, real=31.98 secs] 
Regionalisation done; on average 9 close segments, 4 close false parallels.
Java using 16028659 KB of 38382400 KB.
182.657: [GC [PSYoungGen: 9680192K->960352K(15617024K)] 24563547K->15843707K(43849984K), 1.1756410 secs] [Times: user=9.51 sys=5.68, real=1.18 secs] 
210.025: [GC [PSYoungGen: 10529824K->1118368K(15727744K)] 25413179K->16001723K(43960704K), 0.6711780 secs] [Times: user=7.91 sys=0.77, real=0.67 secs] 
239.402: [GC [PSYoungGen: 10687840K->1143168K(16795456K)] 25571195K->16026523K(45028416K), 0.4687480 secs] [Times: user=5.16 sys=0.87, real=0.47 secs] 
276.388: [GC [PSYoungGen: 12430784K->1275232K(17259200K)] 27314139K->16158587K(45492160K), 1.0658380 secs] [Times: user=6.37 sys=7.41, real=1.07 secs] 
314.205: [GC [PSYoungGen: 12562848K->1380960K(17434048K)] 27446203K->16264315K(45667008K), 0.5307710 secs] [Times: user=6.38 sys=0.47, real=0.52 secs] 
355.547: [GC [PSYoungGen: 13559456K->1473504K(17795200K)] 28442811K->16356859K(46028160K), 0.6067620 secs] [Times: user=7.16 sys=0.68, real=0.61 secs] 
Splitting done.
Java using 20035258 KB of 46028160 KB.
406.775: [GC [PSYoungGen: 13652000K->1576864K(18023296K)] 28535355K->16460219K(46256256K), 2.5191120 secs] [Times: user=13.35 sys=19.27, real=2.52 secs] 
466.107: [GC [PSYoungGen: 14606688K->1672288K(18211648K)] 29490043K->16555643K(46444608K), 0.9142260 secs] [Times: user=11.02 sys=0.78, real=0.91 secs] 
Analysis done.
Java using 22327479 KB of 46444608 KB.
Node Correlation done.
Java using 24686933 KB of 46444608 KB.
515.314: [GC [PSYoungGen: 14702112K->4351366K(18201024K)] 29585467K->19234721K(46433984K), 4.6701790 secs] [Times: user=30.93 sys=29.55, real=4.67 secs] 
531.750: [GC [PSYoungGen: 17605958K->5506214K(18760832K)] 32489313K->23426209K(46993792K), 4.7823090 secs] [Times: user=39.82 sys=22.06, real=4.78 secs] 
Done.
Processing time: 490111 ms
Java using 23691197 KB of 46993792 KB.
Writing results...
Skipped writeAllNodes (Writer creation failed for path: ).
Skipped writeAllSegments (Writer creation failed for path: ).
Skipped writeMidPointConnectors (Writer creation failed for path: ).
Output: 652132 lines.
Java using 27666122 KB of 46993792 KB.
553.753: [GC [PSYoungGen: 10011227K->5537670K(22287232K)] 27931223K->23457665K(50520192K), 5.7380710 secs] [Times: user=31.98 sys=42.34, real=5.74 secs] 
559.491: [Full GC (System) [PSYoungGen: 5537670K->0K(22287232K)] [PSOldGen: 17919995K->23447315K(28232960K)] 23457665K->23447315K(50520192K) [PSPermGen: 25400K->25400K(53568K)], 52.2078090 secs] [Times: user=48.37 sys=3.73, real=52.21 secs] 
Java using 23447315 KB of 50520192 KB.
Heap
 PSYoungGen      total 22287232K, used 1182945K [0x00007f4a1cd60000, 0x00007f5194b70000, 0x00007f5255000000)
  eden space 14788160K, 7% used [0x00007f4a1cd60000,0x00007f4a65098420,0x00007f4da36f0000)
  from space 7499072K, 0% used [0x00007f4f8c6e0000,0x00007f4f8c6e0000,0x00007f5156230000)
  to   space 8011712K, 0% used [0x00007f4da36f0000,0x00007f4da36f0000,0x00007f4f8c6e0000)
 PSOldGen        total 28232960K, used 23447315K [0x00007f39ac800000, 0x00007f4067b40000, 0x00007f4a1cd60000)
  object space 28232960K, 83% used [0x00007f39ac800000,0x00007f3f439c4c30,0x00007f4067b40000)
 PSPermGen       total 53568K, used 25416K [0x00007f39a2200000, 0x00007f39a5650000, 0x00007f39ac800000)
  object space 53568K, 47% used [0x00007f39a2200000,0x00007f39a3ad22e8,0x00007f39a5650000)

real	10m16.742s
user	13m46.868s
sys	2m52.727s



Mon Jun  3 16:24:34 CEST 2013



Java maximum available memory: 91932480 KB.
Reading content roads-nolinks
7.474: [GC [PSYoungGen: 2815808K->469219K(3285056K)] 2815808K->1223977K(10793728K), 1.0799720 secs] [Times: user=13.00 sys=0.85, real=1.08 secs] 
Jun 3, 2013 4:24:43 PM org.geotools.data.shapefile.ng.files.ShpFiles logCurrentLockers
SEVERE: The following locker still has a lock: read on file:/home/arne/git/project/../../data/de/roads-nolinks.shp by org.geotools.data.shapefile.ng.shp.ShapefileReader
Jun 3, 2013 4:24:43 PM org.geotools.data.shapefile.ng.files.ShpFiles logCurrentLockers
SEVERE: The following locker still has a lock: read on file:/home/arne/git/project/../../data/de/roads-nolinks.shx by org.geotools.data.shapefile.ng.shp.IndexFile
Jun 3, 2013 4:24:43 PM org.geotools.data.shapefile.ng.files.ShpFiles logCurrentLockers
SEVERE: The following locker still has a lock: read on file:/home/arne/git/project/../../data/de/roads-nolinks.dbf by org.geotools.data.shapefile.ng.dbf.DbaseFileReader
12.031: [GC [PSYoungGen: 3285027K->469240K(6100864K)] 4039785K->2445134K(13609536K), 1.4341070 secs] [Times: user=17.34 sys=1.22, real=1.43 secs] 
21.750: [GC [PSYoungGen: 6100856K->469219K(6100864K)] 8076750K->4906313K(13609536K), 2.6302190 secs] [Times: user=31.91 sys=2.08, real=2.62 secs] 
Features read from Shapefile: 3386908
30.357: [GC [PSYoungGen: 6100835K->469235K(11732480K)] 10537929K->8260121K(19523392K), 2.0452940 secs] [Times: user=23.88 sys=2.46, real=2.05 secs] 
32.402: [Full GC [PSYoungGen: 469235K->468397K(11732480K)] [PSOldGen: 7790886K->7790911K(16126336K)] 8260121K->8259309K(27858816K) [PSPermGen: 23957K->23957K(48192K)], 14.1957530 secs] [Times: user=14.13 sys=0.05, real=14.20 secs] 
64.750: [GC [PSYoungGen: 11263232K->469248K(11732480K)] 19054143K->15128326K(27858816K), 3.5598540 secs] [Times: user=41.22 sys=4.70, real=3.56 secs] 
68.310: [Full GC [PSYoungGen: 469248K->0K(11732480K)] [PSOldGen: 14659078K->15127521K(29452800K)] 15128326K->15127521K(41185280K) [PSPermGen: 23957K->23957K(53952K)], 26.6452950 secs] [Times: user=26.36 sys=0.24, real=26.64 secs] 
114.109: [GC [PSYoungGen: 11263232K->6874272K(21633856K)] 26390753K->22001793K(51086656K), 2.0766020 secs] [Times: user=21.89 sys=4.99, real=2.07 secs] 
141.961: [GC [PSYoungGen: 21173600K->8662464K(22961792K)] 36301121K->30421673K(52414592K), 6.1159190 secs] [Times: user=66.66 sys=12.52, real=6.11 secs] 
148.077: [Full GC [PSYoungGen: 8662464K->952388K(22961792K)] [PSOldGen: 21759209K->29452799K(48132224K)] 30421673K->30405188K(71094016K) [PSPermGen: 23957K->23957K(52224K)], 57.2740760 secs] [Times: user=54.25 sys=2.92, real=57.28 secs] 
Java using 32132779 KB of 71094016 KB.
Total segment count: 19132158
334.316: [GC [PSYoungGen: 14299328K->7366784K(22983104K)] 43752127K->36819583K(71115328K), 9.6799030 secs] [Times: user=73.79 sys=51.61, real=9.68 secs] 
476.105: [GC [PSYoungGen: 18858368K->11491520K(22983104K)] 48311167K->42229047K(71115328K), 10.5520690 secs] [Times: user=61.07 sys=75.57, real=10.55 secs] 
Regionalisation done; on average 19 close segments, 6 close false parallels.
Java using 48972445 KB of 71115328 KB.
576.768: [GC [PSYoungGen: 22983104K->11491520K(22983104K)] 53720631K->45524922K(71115328K), 17.4896250 secs] [Times: user=85.81 sys=140.74, real=17.49 secs] 
628.331: [GC [PSYoungGen: 22983104K->6687488K(22983104K)] 57016506K->46584063K(71115328K), 5.3073950 secs] [Times: user=64.26 sys=4.51, real=5.31 secs] 
667.654: [GC [PSYoungGen: 18179072K->1975232K(22983104K)] 58075647K->47591351K(71115328K), 4.6112980 secs] [Times: user=55.48 sys=4.24, real=4.61 secs] 
672.265: [Full GC [PSYoungGen: 1975232K->0K(22983104K)] [PSOldGen: 45616119K->46343080K(68949376K)] 47591351K->46343080K(91932480K) [PSPermGen: 24148K->24127K(50112K)], 121.2270350 secs] [Times: user=118.30 sys=2.66, real=121.23 secs] 
827.697: [GC [PSYoungGen: 11491584K->831744K(22983104K)] 57834664K->47174824K(91932480K), 1.1632590 secs] [Times: user=15.06 sys=0.00, real=1.16 secs] 
863.546: [GC [PSYoungGen: 12323328K->842464K(22983104K)] 58666408K->48018488K(91932480K), 2.2667180 secs] [Times: user=28.70 sys=0.60, real=2.26 secs] 
900.495: [GC [PSYoungGen: 12334048K->727552K(22983104K)] 59510072K->48747528K(91932480K), 2.1384030 secs] [Times: user=27.06 sys=0.64, real=2.14 secs] 
937.737: [GC [PSYoungGen: 12219136K->602400K(22983104K)] 60239112K->49351304K(91932480K), 1.7798630 secs] [Times: user=22.39 sys=0.61, real=1.78 secs] 
974.328: [GC [PSYoungGen: 12093984K->203104K(22983104K)] 60842888K->49556224K(91932480K), 1.0867000 secs] [Times: user=13.59 sys=0.45, real=1.09 secs] 
1010.173: [GC [PSYoungGen: 11694688K->225376K(22983104K)] 61047808K->49782056K(91932480K), 0.6304060 secs] [Times: user=7.91 sys=0.20, real=0.63 secs] 
1045.652: [GC [PSYoungGen: 11716960K->235552K(22983104K)] 61273640K->50018200K(91932480K), 0.6575790 secs] [Times: user=8.34 sys=0.16, real=0.66 secs] 
1081.468: [GC [PSYoungGen: 11727136K->233216K(22983104K)] 61509784K->50252032K(91932480K), 0.7115580 secs] [Times: user=9.05 sys=0.15, real=0.71 secs] 
1117.351: [GC [PSYoungGen: 11724800K->222496K(22983104K)] 61743616K->50475088K(91932480K), 0.6408110 secs] [Times: user=8.05 sys=0.21, real=0.64 secs] 
1153.231: [GC [PSYoungGen: 11714080K->221504K(22983104K)] 61966672K->50697088K(91932480K), 0.6644060 secs] [Times: user=8.43 sys=0.16, real=0.66 secs] 
1189.062: [GC [PSYoungGen: 11713088K->213888K(22983104K)] 62188672K->50911520K(91932480K), 0.6886420 secs] [Times: user=8.73 sys=0.15, real=0.69 secs] 
1224.845: [GC [PSYoungGen: 11705472K->185792K(22983104K)] 62403104K->51097880K(91932480K), 0.5952010 secs] [Times: user=7.57 sys=0.12, real=0.60 secs] 
1260.577: [GC [PSYoungGen: 11677376K->173376K(11664960K)] 62589464K->51271672K(80614336K), 0.6367440 secs] [Times: user=7.03 sys=0.26, real=0.64 secs] 
1296.199: [GC [PSYoungGen: 11664960K->354784K(21564864K)] 62763256K->51453080K(90514240K), 0.6727780 secs] [Times: user=7.40 sys=0.19, real=0.68 secs] 
1332.484: [GC [PSYoungGen: 12016928K->517824K(12179968K)] 63115224K->51616120K(81129344K), 0.8397720 secs] [Times: user=9.63 sys=0.09, real=0.84 secs] 
1369.097: [GC [PSYoungGen: 12179968K->669984K(20305088K)] 63278264K->51768280K(89254464K), 1.0613470 secs] [Times: user=12.38 sys=0.11, real=1.07 secs] 
1406.446: [GC [PSYoungGen: 12516000K->840192K(12686208K)] 63614296K->51938488K(81635584K), 1.1897860 secs] [Times: user=14.30 sys=0.10, real=1.19 secs] 
1444.037: [GC [PSYoungGen: 12686208K->986752K(19311936K)] 63784504K->52085048K(88261312K), 1.2731670 secs] [Times: user=15.36 sys=0.09, real=1.28 secs] 
1482.152: [GC [PSYoungGen: 13050240K->1125888K(13189376K)] 64148536K->52224184K(82138752K), 1.5604130 secs] [Times: user=19.30 sys=0.06, real=1.56 secs] 
1522.215: [GC [PSYoungGen: 13189376K->1323232K(18471424K)] 64287672K->52421528K(87420800K), 1.7035160 secs] [Times: user=20.99 sys=0.09, real=1.71 secs] 
1563.266: [GC [PSYoungGen: 13656800K->1550976K(13884544K)] 64755096K->52649272K(82833920K), 2.0320000 secs] [Times: user=25.73 sys=0.05, real=2.03 secs] 
1604.674: [GC [PSYoungGen: 13884544K->1783552K(18175616K)] 64982840K->52881848K(87124992K), 2.2755600 secs] [Times: user=28.91 sys=0.05, real=2.28 secs] 
1647.251: [GC [PSYoungGen: 14402752K->2017312K(18489984K)] 65501048K->53115608K(87439360K), 2.3368710 secs] [Times: user=30.14 sys=0.01, real=2.33 secs] 
1689.974: [GC [PSYoungGen: 14636512K->2250784K(18347584K)] 65734808K->53349080K(87296960K), 2.5819470 secs] [Times: user=33.17 sys=0.02, real=2.58 secs] 
1733.975: [GC [PSYoungGen: 15210720K->2455552K(18460352K)] 66309016K->53553848K(87409728K), 2.9074010 secs] [Times: user=37.67 sys=0.00, real=2.91 secs] 
1778.152: [GC [PSYoungGen: 15415488K->2578688K(18735104K)] 66513784K->53676984K(87684480K), 2.9202130 secs] [Times: user=37.85 sys=0.00, real=2.92 secs] 
1823.764: [GC [PSYoungGen: 15939264K->2688640K(18752768K)] 67037560K->53786936K(87702144K), 2.7499050 secs] [Times: user=35.62 sys=0.01, real=2.75 secs] 
1868.763: [GC [PSYoungGen: 16049216K->2684704K(19084672K)] 67147512K->53904288K(88034048K), 2.8323770 secs] [Times: user=36.50 sys=0.20, real=2.84 secs] 
1915.270: [GC [PSYoungGen: 16475616K->2657088K(19119296K)] 67695200K->54003912K(88068672K), 2.8920680 secs] [Times: user=37.30 sys=0.17, real=2.90 secs] 
1962.099: [GC [PSYoungGen: 16448000K->2656832K(19273216K)] 67794824K->54118296K(88222592K), 2.7619470 secs] [Times: user=35.60 sys=0.18, real=2.76 secs] 
2010.208: [GC [PSYoungGen: 16843840K->2680448K(19358208K)] 68305304K->54248760K(88307584K), 2.7088300 secs] [Times: user=34.94 sys=0.14, real=2.70 secs] 
2058.303: [GC [PSYoungGen: 16867456K->2690496K(19478080K)] 68435768K->54378248K(88427456K), 2.4907470 secs] [Times: user=32.07 sys=0.18, real=2.49 secs] 
2107.536: [GC [PSYoungGen: 17270784K->2718848K(19577152K)] 68958536K->54509912K(88526528K), 2.5220330 secs] [Times: user=32.49 sys=0.16, real=2.52 secs] 
2156.788: [GC [PSYoungGen: 17299136K->2742304K(19698944K)] 69090200K->54631720K(88648320K), 2.3365400 secs] [Times: user=30.13 sys=0.13, real=2.33 secs] 
2207.088: [GC [PSYoungGen: 17705568K->2717024K(19793280K)] 69594984K->54745672K(88742656K), 2.2364170 secs] [Times: user=28.80 sys=0.16, real=2.24 secs] 
2257.301: [GC [PSYoungGen: 17680288K->2665472K(19821760K)] 69708936K->54855304K(88771136K), 2.2955130 secs] [Times: user=29.44 sys=0.23, real=2.30 secs] 
2309.144: [GC [PSYoungGen: 17998016K->2612640K(19948416K)] 70187848K->54967416K(88897792K), 2.0919920 secs] [Times: user=26.91 sys=0.18, real=2.09 secs] 
2360.868: [GC [PSYoungGen: 17945184K->2573056K(19853888K)] 70299960K->55087672K(88803264K), 2.1053790 secs] [Times: user=27.06 sys=0.20, real=2.11 secs] 
2413.817: [GC [PSYoungGen: 18240512K->2532512K(20007040K)] 70755128K->55205840K(88956416K), 2.1167400 secs] [Times: user=27.21 sys=0.19, real=2.12 secs] 
2466.771: [GC [PSYoungGen: 18199968K->2492896K(19862784K)] 70873296K->55317000K(88812160K), 1.9177640 secs] [Times: user=24.66 sys=0.15, real=1.92 secs] 
2520.644: [GC [PSYoungGen: 18479200K->2455456K(20027200K)] 71303304K->55424280K(88976576K), 1.8105160 secs] [Times: user=23.23 sys=0.21, real=1.82 secs] 
2574.676: [GC [PSYoungGen: 18441760K->2447072K(19871744K)] 71410584K->55548440K(88821120K), 1.6619870 secs] [Times: user=21.15 sys=0.21, real=1.66 secs] 
2629.742: [GC [PSYoungGen: 18726752K->2436864K(20028800K)] 71828120K->55677872K(88978176K), 1.7042850 secs] [Times: user=21.95 sys=0.11, real=1.71 secs] 
2684.792: [GC [PSYoungGen: 18716544K->2430048K(19921088K)] 71957552K->55790048K(88870464K), 1.5783750 secs] [Times: user=20.05 sys=0.15, real=1.58 secs] 
2740.995: [GC [PSYoungGen: 18981984K->2429888K(20052864K)] 72341984K->55918488K(89002240K), 1.5584170 secs] [Times: user=20.05 sys=0.12, real=1.56 secs] 
2797.287: [GC [PSYoungGen: 18981824K->2412096K(19996544K)] 72470424K->56047184K(88945920K), 1.5756070 secs] [Times: user=20.00 sys=0.21, real=1.57 secs] 
2854.638: [GC [PSYoungGen: 19207552K->2408800K(20097728K)] 72842640K->56190984K(89047104K), 1.5536220 secs] [Times: user=20.01 sys=0.10, real=1.55 secs] 
2912.109: [GC [PSYoungGen: 19204256K->2395488K(20095168K)] 72986440K->56328592K(89044544K), 1.5595590 secs] [Times: user=19.96 sys=0.15, real=1.56 secs] 
2970.633: [GC [PSYoungGen: 19424288K->2404032K(20174464K)] 73357392K->56478880K(89123840K), 1.5519680 secs] [Times: user=19.78 sys=0.31, real=1.56 secs] 
3029.410: [GC [PSYoungGen: 19432832K->2419744K(20200128K)] 73507680K->56629200K(89149504K), 1.5753680 secs] [Times: user=20.23 sys=0.14, real=1.58 secs] 
3089.428: [GC [PSYoungGen: 19675872K->2449120K(20268672K)] 73885328K->56789120K(89218048K), 1.5714300 secs] [Times: user=20.22 sys=0.13, real=1.58 secs] 
3149.758: [GC [PSYoungGen: 19705248K->2478080K(20371264K)] 74045248K->56950464K(89320640K), 1.5801320 secs] [Times: user=20.23 sys=0.23, real=1.58 secs] 
3211.298: [GC [PSYoungGen: 19957760K->2486784K(20408576K)] 74430144K->57108792K(89357952K), 1.5796760 secs] [Times: user=20.26 sys=0.19, real=1.58 secs] 
Splitting done.
Java using 69062638 KB of 89357952 KB.
3279.758: [GC [PSYoungGen: 19966464K->2440416K(20647552K)] 74588472K->57218472K(89596928K), 6.4502230 secs] [Times: user=31.45 sys=52.13, real=6.45 secs] 
3362.862: [GC [PSYoungGen: 20188192K->2377376K(20602688K)] 74966248K->57304184K(89552064K), 1.5734510 secs] [Times: user=19.79 sys=0.58, real=1.57 secs] 
3438.846: [GC [PSYoungGen: 20125152K->2320224K(20773120K)] 75051960K->57386560K(89722496K), 1.6126250 secs] [Times: user=20.49 sys=0.39, real=1.61 secs] 
3516.520: [GC [PSYoungGen: 20340320K->2249952K(20822912K)] 75406656K->57472272K(89772288K), 1.7155090 secs] [Times: user=21.80 sys=0.39, real=1.72 secs] 
3594.352: [GC [PSYoungGen: 20270048K->2170112K(21032000K)] 75492368K->57557296K(89981376K), 1.5957790 secs] [Times: user=20.43 sys=0.23, real=1.60 secs] 
Jun 3, 2013 5:24:36 PM org.geotools.referencing.factory.DeferredAuthorityFactory disposeBackingStore
INFO: Disposing class org.geotools.referencing.factory.epsg.ThreadedHsqlEpsgFactory backing store
3601.618: [GC [PSYoungGen: 4004011K->2031904K(21050496K)] 59391196K->57564136K(89999872K), 1.4221480 secs] [Times: user=18.19 sys=0.22, real=1.42 secs] 
3603.041: [Full GC (System) [PSYoungGen: 2031904K->0K(21050496K)] [PSOldGen: 55532232K->57561079K(68949376K)] 57564136K->57561079K(89999872K) [PSPermGen: 24168K->24168K(48000K)], 148.4341500 secs] [Times: user=141.15 sys=6.91, real=148.44 secs] 
3827.773: [GC [PSYoungGen: 18256576K->89120K(20731328K)] 75817655K->57650199K(89680704K), 0.4504000 secs] [Times: user=5.79 sys=0.00, real=0.45 secs] 
3905.241: [GC [PSYoungGen: 18008864K->182688K(21068160K)] 75569943K->57743767K(90017536K), 0.9098320 secs] [Times: user=11.77 sys=0.01, real=0.91 secs] 
3983.317: [GC [PSYoungGen: 18102432K->277664K(21322880K)] 75663511K->57838743K(90272256K), 1.2868980 secs] [Times: user=16.66 sys=0.00, real=1.29 secs] 
4063.027: [GC [PSYoungGen: 18225824K->381920K(21458112K)] 75786903K->57942999K(90407488K), 1.7125860 secs] [Times: user=22.19 sys=0.00, real=1.72 secs] 
4143.004: [GC [PSYoungGen: 18330080K->489920K(21684864K)] 75891159K->58050999K(90634240K), 2.3483320 secs] [Times: user=30.43 sys=0.00, real=2.34 secs] 
4224.973: [GC [PSYoungGen: 18605312K->603328K(21682816K)] 76166391K->58164407K(90632192K), 2.9382960 secs] [Times: user=38.06 sys=0.02, real=2.94 secs] 
4307.978: [GC [PSYoungGen: 18718720K->722752K(21730368K)] 76279799K->58283831K(90679744K), 3.4572150 secs] [Times: user=44.83 sys=0.00, real=3.46 secs] 
4392.315: [GC [PSYoungGen: 19087296K->832896K(21788928K)] 76648375K->58393975K(90738304K), 3.7564650 secs] [Times: user=48.70 sys=0.01, real=3.76 secs] 
4476.638: [GC [PSYoungGen: 19197440K->940320K(21742400K)] 76758519K->58501399K(90691776K), 4.3131040 secs] [Times: user=55.90 sys=0.01, real=4.32 secs] 
4563.943: [GC [PSYoungGen: 19622944K->1065600K(21847360K)] 77184023K->58626679K(90796736K), 5.2849650 secs] [Times: user=68.53 sys=0.00, real=5.29 secs] 
Analysis done.
Java using 70650445 KB of 90796736 KB.
Node Correlation done.
4703.259: [GC [PSYoungGen: 19748224K->3007866K(21104320K)] 77309303K->61857634K(90053696K), 10.2999550 secs] [Times: user=116.27 sys=17.16, real=10.30 secs] 
Java using 66194505 KB of 90053696 KB.
4756.667: [GC [PSYoungGen: 21104314K->3961338K(22057792K)] 79954082K->69030258K(91007168K), 12.6168140 secs] [Times: user=82.94 sys=80.50, real=12.62 secs] 
4784.907: [GC [PSYoungGen: 22057786K->6914106K(23007552K)] 87126706K->74849578K(91956928K), 4.9760940 secs] [Times: user=56.76 sys=7.67, real=4.98 secs] 
4789.883: [Full GC [PSYoungGen: 6914106K->5887456K(23007552K)] [PSOldGen: 67935471K->68949376K(68949376K)] 74849578K->74836832K(91956928K) [PSPermGen: 25305K->25305K(46464K)], 188.0762340 secs] [Times: user=181.73 sys=5.91, real=188.08 secs] 
4986.084: [Full GC [PSYoungGen: 16093440K->9948188K(23007552K)] [PSOldGen: 68949376K->68949376K(68949376K)] 85042816K->78897564K(91956928K) [PSPermGen: 25359K->25359K(44352K)], 188.3954770 secs] [Times: user=187.73 sys=0.20, real=188.41 secs] 
5196.663: [Full GC [PSYoungGen: 16093440K->8016243K(23007552K)] [PSOldGen: 68949376K->68949375K(68949376K)] 85042816K->76965619K(91956928K) [PSPermGen: 25376K->25280K(41664K)], 212.4155010 secs] [Times: user=211.48 sys=0.39, real=212.43 secs] 
Done.
Processing time: 5200362 ms
Java using 77193049 KB of 91956928 KB.
Writing results...
Skipped writeAllNodes (Writer creation failed for path: ).
Skipped writeAllSegments (Writer creation failed for path: ).
Skipped writeMidPointConnectors (Writer creation failed for path: ).
5443.557: [Full GC [PSYoungGen: 16093440K->8243690K(23007552K)] [PSOldGen: 68949375K->68949375K(68949376K)] 85042815K->77193066K(91956928K) [PSPermGen: 25353K->25353K(40000K)], 205.1784920 secs] [Times: user=192.23 sys=12.52, real=205.19 secs] 
Output: 5785563 lines.
Java using 81467614 KB of 91956928 KB.
5667.952: [Full GC (System) [PSYoungGen: 12840115K->8128035K(23007552K)] [PSOldGen: 68949375K->68949375K(68949376K)] 81789491K->77077411K(91956928K) [PSPermGen: 25354K->25354K(37888K)], 205.8982290 secs] [Times: user=193.08 sys=12.43, real=205.91 secs] 
Java using 77077411 KB of 91956928 KB.
Heap
 PSYoungGen      total 23007552K, used 9263460K [0x00007faf54d60000, 0x00007fb78d000000, 0x00007fb78d000000)
  eden space 16093440K, 57% used [0x00007faf54d60000,0x00007fb18a3b9308,0x00007fb32b1a0000)
  from space 6914112K, 0% used [0x00007fb575e80000,0x00007fb575e80000,0x00007fb71be90000)
  to   space 9190592K, 0% used [0x00007fb32b1a0000,0x00007fb32b1a0000,0x00007fb55c0d0000)
 PSOldGen        total 68949376K, used 68949375K [0x00007f9ee4800000, 0x00007faf54d60000, 0x00007faf54d60000)
  object space 68949376K, 99% used [0x00007f9ee4800000,0x00007faf54d5fff0,0x00007faf54d60000)
 PSPermGen       total 37888K, used 25365K [0x00007f9eda200000, 0x00007f9edc700000, 0x00007f9ee4800000)
  object space 37888K, 66% used [0x00007f9eda200000,0x00007f9edbac5678,0x00007f9edc700000)

real	98m5.971s
user	133m25.608s
sys	9m40.764s



Mon Jun  3 18:02:40 CEST 2013



Java maximum available memory: 91932480 KB.
Reading content roads-network-nolinks
Features read from Shapefile: 114232
Java using 2815808 KB of 10793728 KB.
7.257: [GC [PSYoungGen: 2815808K->469247K(3285056K)] 2815808K->1710013K(10793728K), 1.3097910 secs] [Times: user=9.46 sys=7.18, real=1.30 secs] 
Jun 3, 2013 6:02:49 PM org.geotools.data.shapefile.ng.files.ShpFiles logCurrentLockers
SEVERE: The following locker still has a lock: read on file:/home/arne/git/project/../../data/bw/roads-network-nolinks.shp by org.geotools.data.shapefile.ng.shp.ShapefileReader
Jun 3, 2013 6:02:49 PM org.geotools.data.shapefile.ng.files.ShpFiles logCurrentLockers
SEVERE: The following locker still has a lock: read on file:/home/arne/git/project/../../data/bw/roads-network-nolinks.shx by org.geotools.data.shapefile.ng.shp.IndexFile
Jun 3, 2013 6:02:49 PM org.geotools.data.shapefile.ng.files.ShpFiles logCurrentLockers
SEVERE: The following locker still has a lock: read on file:/home/arne/git/project/../../data/bw/roads-network-nolinks.dbf by org.geotools.data.shapefile.ng.dbf.DbaseFileReader
Total segment count: 1089204
Regionalisation done; on average 11 close segments, 4 close false parallels.
Java using 2929991 KB of 10793728 KB.
25.230: [GC [PSYoungGen: 3285055K->469248K(6100864K)] 4525821K->2353367K(13609536K), 1.0975000 secs] [Times: user=8.73 sys=5.47, real=1.10 secs] 
44.389: [GC [PSYoungGen: 6100864K->469248K(6100864K)] 7984983K->2431559K(13609536K), 0.2485400 secs] [Times: user=2.71 sys=0.43, real=0.25 secs] 
Splitting done.
Java using 4891397 KB of 13609536 KB.
67.778: [GC [PSYoungGen: 6100864K->469248K(11732480K)] 8063175K->2487767K(19241152K), 0.8597130 secs] [Times: user=6.10 sys=5.02, real=0.86 secs] 
Analysis done.
Java using 3382254 KB of 19241152 KB.
Node Correlation done.
Java using 4054770 KB of 19241152 KB.
Done.
Processing time: 70370 ms
Java using 6963501 KB of 19241152 KB.
Writing results...
Skipped writeAllNodes (Writer creation failed for path: ).
Skipped writeAllSegments (Writer creation failed for path: ).
Skipped writeMidPointConnectors (Writer creation failed for path: ).
Output: 94411 lines.
Java using 7636017 KB of 19241152 KB.
82.121: [GC [PSYoungGen: 5842770K->469222K(11732480K)] 7861290K->3549838K(19241152K), 2.0551590 secs] [Times: user=10.69 sys=15.92, real=2.06 secs] 
84.177: [Full GC (System) [PSYoungGen: 469222K->0K(11732480K)] [PSOldGen: 3080615K->3548973K(7508672K)] 3549838K->3548973K(19241152K) [PSPermGen: 24655K->24655K(49344K)], 7.6358370 secs] [Times: user=7.40 sys=0.22, real=7.64 secs] 
Java using 3548973 KB of 19241152 KB.
Heap
 PSYoungGen      total 11732480K, used 899424K [0x00007f7fe8d60000, 0x00007f82d1920000, 0x00007f8821000000)
  eden space 11263232K, 7% used [0x00007f7fe8d60000,0x00007f801fbb8078,0x00007f82984a0000)
  from space 469248K, 0% used [0x00007f82984a0000,0x00007f82984a0000,0x00007f82b4ee0000)
  to   space 469248K, 0% used [0x00007f82b4ee0000,0x00007f82b4ee0000,0x00007f82d1920000)
 PSOldGen        total 7508672K, used 3548973K [0x00007f6f78800000, 0x00007f7142cb0000, 0x00007f7fe8d60000)
  object space 7508672K, 47% used [0x00007f6f78800000,0x00007f70511cb5a8,0x00007f7142cb0000)
 PSPermGen       total 49344K, used 24671K [0x00007f6f6e200000, 0x00007f6f71230000, 0x00007f6f78800000)
  object space 49344K, 49% used [0x00007f6f6e200000,0x00007f6f6fa17e60,0x00007f6f71230000)

real	1m33.654s
user	2m2.160s
sys	0m43.347s



Mon Jun  3 18:04:14 CEST 2013



Java maximum available memory: 91932480 KB.
Reading content roads-network-nolinks
Features read from Shapefile: 541358
8.068: [GC [PSYoungGen: 2815808K->469240K(3285056K)] 2815808K->1427658K(10793728K), 0.9902610 secs] [Times: user=11.53 sys=1.02, real=0.99 secs] 
11.866: [GC [PSYoungGen: 3285048K->469235K(6100864K)] 4243466K->3268977K(13609536K), 1.0157430 secs] [Times: user=11.41 sys=1.72, real=1.01 secs] 
21.167: [GC [PSYoungGen: 6100851K->469248K(6100864K)] 8900593K->6910709K(13609536K), 1.9854510 secs] [Times: user=22.69 sys=2.90, real=1.98 secs] 
23.153: [Full GC [PSYoungGen: 469248K->0K(6100864K)] [PSOldGen: 6441461K->6909826K(15610688K)] 6910709K->6909826K(21711552K) [PSPermGen: 23814K->23814K(47680K)], 12.0779610 secs] [Times: user=11.86 sys=0.20, real=12.08 secs] 
Java using 9500244 KB of 21711552 KB.
Total segment count: 5489304
69.118: [GC [PSYoungGen: 5631616K->469248K(7830656K)] 12541442K->10056680K(23441344K), 1.9391620 secs] [Times: user=21.69 sys=3.41, real=1.94 secs] 
Regionalisation done; on average 12 close segments, 4 close false parallels.
Java using 13105038 KB of 23441344 KB.
120.807: [GC [PSYoungGen: 7830656K->469248K(9809728K)] 17418088K->12039386K(25420416K), 2.5291960 secs] [Times: user=17.74 sys=14.97, real=2.53 secs] 
148.985: [GC [PSYoungGen: 9809728K->747680K(13341312K)] 21379866K->12317818K(28952000K), 0.5511710 secs] [Times: user=6.57 sys=0.52, real=0.55 secs] 
176.527: [GC [PSYoungGen: 9863456K->807424K(13566016K)] 21433594K->12377562K(29176704K), 0.4841410 secs] [Times: user=5.87 sys=0.36, real=0.48 secs] 
205.473: [GC [PSYoungGen: 9923200K->892672K(14667520K)] 21493338K->12462810K(30278208K), 0.3926930 secs] [Times: user=4.44 sys=0.62, real=0.40 secs] 
239.777: [GC [PSYoungGen: 11420288K->985280K(15000576K)] 22990426K->12555418K(30611264K), 0.3775830 secs] [Times: user=4.47 sys=0.39, real=0.38 secs] 
274.577: [GC [PSYoungGen: 11512896K->1075040K(15217536K)] 23083034K->12645178K(30828224K), 0.3860770 secs] [Times: user=4.59 sys=0.40, real=0.39 secs] 
Splitting done.
Java using 21658185 KB of 30828224 KB.
314.919: [GC [PSYoungGen: 12265184K->1158208K(15467904K)] 23835322K->12728346K(31078592K), 2.0771860 secs] [Times: user=9.38 sys=17.51, real=2.07 secs] 
366.389: [GC [PSYoungGen: 12348352K->1247424K(15540160K)] 23918490K->12817562K(31150848K), 0.7201390 secs] [Times: user=8.95 sys=0.36, real=0.72 secs] 
Analysis done.
Java using 24636954 KB of 31150848 KB.
418.892: [GC [PSYoungGen: 13066816K->1333312K(15806208K)] 24636954K->12903450K(31416896K), 3.7007360 secs] [Times: user=27.79 sys=20.15, real=3.70 secs] 
Node Correlation done.
Java using 15043727 KB of 31416896 KB.
445.573: [GC [PSYoungGen: 13152704K->3819180K(15302912K)] 24722842K->16867983K(30913600K), 3.9463740 secs] [Times: user=30.98 sys=20.09, real=3.95 secs] 
Done.
Processing time: 414528 ms
Java using 21427743 KB of 30913600 KB.
Writing results...
Skipped writeAllNodes (Writer creation failed for path: ).
Skipped writeAllSegments (Writer creation failed for path: ).
Skipped writeMidPointConnectors (Writer creation failed for path: ).
Output: 699493 lines.
Java using 24393281 KB of 30913600 KB.
466.684: [GC [PSYoungGen: 11574161K->4949548K(16433280K)] 24622964K->18233031K(32043968K), 7.6181870 secs] [Times: user=31.24 sys=67.41, real=7.62 secs] 
474.302: [Full GC (System) [PSYoungGen: 4949548K->2612725K(16433280K)] [PSOldGen: 13283482K->15610687K(15610688K)] 18233031K->18223413K(32043968K) [PSPermGen: 24762K->24762K(54336K)], 41.1336680 secs] [Times: user=39.02 sys=2.02, real=41.14 secs] 
Java using 18223413 KB of 32043968 KB.
Heap
 PSYoungGen      total 16433280K, used 3525572K [0x00007f9f04d60000, 0x00007fa4e6100000, 0x00007fa73d000000)
  eden space 11483712K, 30% used [0x00007f9f04d60000,0x00007f9fdc0513a8,0x00007fa1c1bf0000)
  from space 4949568K, 0% used [0x00007fa1c1bf0000,0x00007fa1c1bf0000,0x00007fa2efd80000)
  to   space 5826560K, 0% used [0x00007fa382700000,0x00007fa382700000,0x00007fa4e6100000)
 PSOldGen        total 15610688K, used 15610687K [0x00007f8e94800000, 0x00007f924d4d0000, 0x00007f9f04d60000)
  object space 15610688K, 99% used [0x00007f8e94800000,0x00007f924d4cffd0,0x00007f924d4d0000)
 PSPermGen       total 54336K, used 24778K [0x00007f8e8a200000, 0x00007f8e8d710000, 0x00007f8e94800000)
  object space 54336K, 45% used [0x00007f8e8a200000,0x00007f8e8ba32ae0,0x00007f8e8d710000)

real	8m39.869s
user	11m29.839s
sys	2m57.803s



Mon Jun  3 18:12:54 CEST 2013



Java maximum available memory: 91932480 KB.
Reading content roads-network-nolinks






15.508: [GC [PSYoungGen: 2815808K->469247K(3285056K)] 2815808K->1299498K(10793728K), 0.9392380 secs] [Times: user=11.06 sys=0.96, real=0.94 secs] 
Jun 3, 2013 6:13:10 PM org.geotools.data.shapefile.ShpFiles logCurrentLockers
SEVERE: The following locker still has a lock: read on file:/home/arne/git/project/../../data/it/roads-network-nolinks.dbf by org.geotools.data.shapefile.dbf.IndexedDbaseFileReader
Jun 3, 2013 6:13:10 PM org.geotools.data.shapefile.ShpFiles logCurrentLockers
SEVERE: The following locker still has a lock: read on file:/home/arne/git/project/../../data/it/roads-network-nolinks.shp by org.geotools.data.shapefile.shp.ShapefileReader
Jun 3, 2013 6:13:10 PM org.geotools.data.shapefile.ShpFiles logCurrentLockers
SEVERE: The following locker still has a lock: read on file:/home/arne/git/project/../../data/it/roads-network-nolinks.shx by org.geotools.data.shapefile.shp.IndexFile
Features read from Shapefile: 675329
19.036: [GC [PSYoungGen: 3285055K->469240K(6100864K)] 4115306K->3030303K(13609536K), 1.1033260 secs] [Times: user=12.60 sys=1.68, real=1.10 secs] 
26.176: [GC [PSYoungGen: 6100856K->469248K(6100864K)] 8661919K->6711459K(13609536K), 1.9759850 secs] [Times: user=22.50 sys=3.01, real=1.98 secs] 
28.152: [Full GC [PSYoungGen: 469248K->0K(6100864K)] [PSOldGen: 6242211K->6710524K(15280192K)] 6711459K->6710524K(21381056K) [PSPermGen: 23987K->23987K(48256K)], 10.8387720 secs] [Times: user=10.60 sys=0.22, real=10.84 secs] 
45.101: [GC [PSYoungGen: 5631616K->469248K(8247488K)] 12342140K->10397319K(23527680K), 1.5476050 secs] [Times: user=17.42 sys=2.59, real=1.54 secs] 
Java using 17397393 KB of 23527680 KB.
Total segment count: 9847693
57.804: [GC [PSYoungGen: 8247114K->469248K(11660608K)] 18175186K->15362947K(26940800K), 6.1721470 secs] [Times: user=57.19 sys=22.64, real=6.17 secs] 
63.977: [Full GC [PSYoungGen: 469248K->81851K(11660608K)] [PSOldGen: 14893699K->15280192K(28498624K)] 15362947K->15362043K(40159232K) [PSPermGen: 24113K->24113K(54592K)], 28.0256400 secs] [Times: user=26.47 sys=1.49, real=28.03 secs] 
Regionalisation done; on average 14 close segments, 4 close false parallels.
Java using 26471552 KB of 40159232 KB.
220.058: [GC [PSYoungGen: 11191360K->5825173K(16618880K)] 26471552K->21105365K(45117504K), 6.6416310 secs] [Times: user=45.20 sys=40.79, real=6.65 secs] 
253.934: [GC [PSYoungGen: 16101205K->6379349K(17534208K)] 31381397K->21659541K(46032832K), 2.6554790 secs] [Times: user=23.03 sys=11.33, real=2.66 secs] 
283.903: [GC [PSYoungGen: 16655381K->6846517K(20460544K)] 31935573K->22126709K(48959168K), 2.1721070 secs] [Times: user=25.12 sys=3.00, real=2.17 secs] 
321.599: [GC [PSYoungGen: 19220597K->7043989K(21177344K)] 34500789K->22324181K(49675968K), 2.3368740 secs] [Times: user=29.58 sys=0.65, real=2.34 secs] 
360.241: [GC [PSYoungGen: 19418069K->7099093K(22980608K)] 34698261K->22379285K(51479232K), 2.1291870 secs] [Times: user=25.91 sys=1.63, real=2.13 secs] 
402.621: [GC [PSYoungGen: 20705813K->7155413K(23393216K)] 35986005K->22435605K(51891840K), 2.0699630 secs] [Times: user=26.79 sys=0.00, real=2.07 secs] 
446.904: [GC [PSYoungGen: 20762133K->7293845K(23785088K)] 36042325K->22574037K(52283712K), 2.1545510 secs] [Times: user=27.14 sys=0.76, real=2.15 secs] 
491.849: [GC [PSYoungGen: 20964245K->7401749K(21072192K)] 36244437K->22681941K(49570816K), 2.1807630 secs] [Times: user=28.24 sys=0.00, real=2.18 secs] 
536.621: [GC [PSYoungGen: 21072149K->7503029K(23429184K)] 36352341K->22783221K(51927808K), 2.1991080 secs] [Times: user=28.46 sys=0.00, real=2.20 secs] 
579.271: [GC [PSYoungGen: 20288437K->7591317K(20376768K)] 35568629K->22871509K(48875392K), 2.2504500 secs] [Times: user=29.15 sys=0.00, real=2.25 secs] 
622.185: [GC [PSYoungGen: 20376725K->7672501K(23214016K)] 35656917K->22952693K(51712640K), 2.2366400 secs] [Times: user=28.97 sys=0.00, real=2.23 secs] 
663.391: [GC [PSYoungGen: 19879989K->7748917K(19956416K)] 35160181K->23029109K(48455040K), 2.2171270 secs] [Times: user=28.72 sys=0.00, real=2.21 secs] 
704.892: [GC [PSYoungGen: 19956405K->7825045K(23101376K)] 35236597K->23105237K(51600000K), 2.2951630 secs] [Times: user=29.72 sys=0.00, real=2.30 secs] 
745.715: [GC [PSYoungGen: 19696277K->7901525K(19772800K)] 34976469K->23181717K(48271424K), 2.1776110 secs] [Times: user=28.20 sys=0.00, real=2.17 secs] 
786.707: [GC [PSYoungGen: 19772757K->7979285K(23049472K)] 35052949K->23259477K(51548096K), 2.3155230 secs] [Times: user=29.98 sys=0.00, real=2.32 secs] 
827.514: [GC [PSYoungGen: 19675541K->2227072K(13923328K)] 34955733K->23373169K(42421952K), 3.8753130 secs] [Times: user=45.99 sys=4.21, real=3.87 secs] 
870.189: [GC [PSYoungGen: 13923328K->1625984K(22983104K)] 35069425K->23440841K(51481728K), 0.9969020 secs] [Times: user=12.36 sys=0.54, real=1.00 secs] 
Splitting done.
Java using 28531868 KB of 51481728 KB.
917.012: [GC [PSYoungGen: 13117568K->1355136K(22983104K)] 34932425K->23497625K(51481728K), 2.7840500 secs] [Times: user=17.34 sys=18.70, real=2.79 secs] 
968.391: [GC [PSYoungGen: 12846720K->1119712K(22983104K)] 34989209K->23566769K(51481728K), 0.7659920 secs] [Times: user=9.72 sys=0.20, real=0.76 secs] 
1017.269: [GC [PSYoungGen: 12611296K->920832K(22983104K)] 35058353K->23631353K(51481728K), 0.6722420 secs] [Times: user=8.52 sys=0.16, real=0.68 secs] 
1066.379: [GC [PSYoungGen: 12412416K->778400K(22983104K)] 35122937K->23702385K(51481728K), 0.8245070 secs] [Times: user=10.53 sys=0.14, real=0.82 secs] 
1116.246: [GC [PSYoungGen: 12269984K->661440K(22983104K)] 35193969K->23774049K(51481728K), 0.8232090 secs] [Times: user=10.49 sys=0.16, real=0.82 secs] 
1164.850: [GC [PSYoungGen: 12153024K->539712K(22983104K)] 35265633K->23833217K(51481728K), 1.4073820 secs] [Times: user=18.09 sys=0.14, real=1.41 secs] 
1214.723: [GC [PSYoungGen: 12031296K->455456K(11947072K)] 35324801K->23902409K(40445696K), 1.7132800 secs] [Times: user=22.09 sys=0.11, real=1.72 secs] 
Analysis done.
Java using 26447797 KB of 40445696 KB.
Node Correlation done.
Java using 30842818 KB of 40445696 KB.
1264.461: [GC [PSYoungGen: 11947040K->4104789K(22616128K)] 35393993K->27551743K(51114752K), 6.5170310 secs] [Times: user=32.26 sys=52.17, real=6.52 secs] 
1278.146: [GC [PSYoungGen: 15992277K->7849589K(22688576K)] 39439231K->31296543K(51187200K), 7.7686610 secs] [Times: user=33.71 sys=66.87, real=7.77 secs] 
Done.
Processing time: 1238161 ms
Java using 39615061 KB of 51187200 KB.
Writing results...
Skipped writeAllNodes (Writer creation failed for path: ).
Skipped writeAllSegments (Writer creation failed for path: ).
Skipped writeMidPointConnectors (Writer creation failed for path: ).
1308.208: [GC [PSYoungGen: 19737077K->10240261K(22983104K)] 43184031K->33811823K(51481728K), 15.7470210 secs] [Times: user=55.18 sys=148.82, real=15.75 secs] 
Output: 1289336 lines.
Java using 35649874 KB of 51481728 KB.
1331.495: [GC [PSYoungGen: 12308153K->10106741K(22983104K)] 35879714K->33812343K(51481728K), 15.1321990 secs] [Times: user=54.70 sys=141.35, real=15.14 secs] 
1346.627: [Full GC (System) [PSYoungGen: 10106741K->5293654K(22983104K)] [PSOldGen: 23705601K->28498623K(28498624K)] 33812343K->33792278K(51481728K) [PSPermGen: 24628K->24628K(53056K)], 78.0590600 secs] [Times: user=72.98 sys=4.95, real=78.06 secs] 
Java using 33792278 KB of 51481728 KB.
Heap
 PSYoungGen      total 22983104K, used 6212914K [0x00007fb868d60000, 0x00007fc0a1000000, 0x00007fc0a1000000)
  eden space 11491584K, 54% used [0x00007fb868d60000,0x00007fb9e40ac8a0,0x00007fbb263a0000)
  from space 11491520K, 0% used [0x00007fbb263a0000,0x00007fbb263a0000,0x00007fbde39d0000)
  to   space 11491520K, 0% used [0x00007fbde39d0000,0x00007fbde39d0000,0x00007fc0a1000000)
 PSOldGen        total 28498624K, used 28498623K [0x00007fa7f8800000, 0x00007faec3eb0000, 0x00007fb868d60000)
  object space 28498624K, 99% used [0x00007fa7f8800000,0x00007faec3eafff0,0x00007faec3eb0000)
 PSPermGen       total 53056K, used 24645K [0x00007fa7ee200000, 0x00007fa7f15d0000, 0x00007fa7f8800000)
  object space 53056K, 46% used [0x00007fa7ee200000,0x00007fa7efa11588,0x00007fa7f15d0000)

real	23m51.701s
user	36m8.976s
sys	9m27.535s



Mon Jun  3 18:36:46 CEST 2013



Java maximum available memory: 91932480 KB.
Reading content roads-network-nolinks
7.267: [GC [PSYoungGen: 2815808K->469240K(3285056K)] 2815808K->1125126K(10793728K), 1.0495910 secs] [Times: user=12.48 sys=0.87, real=1.04 secs] 
Jun 3, 2013 6:36:54 PM org.geotools.data.shapefile.ShpFiles logCurrentLockers
SEVERE: The following locker still has a lock: read on file:/home/arne/git/project/../../data/nl/roads-network-nolinks.dbf by org.geotools.data.shapefile.dbf.IndexedDbaseFileReader
Jun 3, 2013 6:36:54 PM org.geotools.data.shapefile.ShpFiles logCurrentLockers
SEVERE: The following locker still has a lock: read on file:/home/arne/git/project/../../data/nl/roads-network-nolinks.shp by org.geotools.data.shapefile.shp.ShapefileReader
Jun 3, 2013 6:36:54 PM org.geotools.data.shapefile.ShpFiles logCurrentLockers
SEVERE: The following locker still has a lock: read on file:/home/arne/git/project/../../data/nl/roads-network-nolinks.shx by org.geotools.data.shapefile.shp.IndexFile
Features read from Shapefile: 803392
10.665: [GC [PSYoungGen: 3285048K->469235K(6100864K)] 3940934K->2793297K(13609536K), 1.0091450 secs] [Times: user=11.60 sys=1.44, real=1.01 secs] 
Java using 5646838 KB of 13609536 KB.
Total segment count: 2395813
44.912: [GC [PSYoungGen: 6100851K->469248K(6100864K)] 8424913K->5772192K(13609536K), 2.2454910 secs] [Times: user=22.80 sys=6.12, real=2.25 secs] 
47.157: [Full GC [PSYoungGen: 469248K->0K(6100864K)] [PSOldGen: 5302944K->5771293K(13655552K)] 5772192K->5771293K(19756416K) [PSPermGen: 23999K->23999K(48256K)], 12.7898340 secs] [Times: user=12.54 sys=0.23, real=12.79 secs] 
Regionalisation done; on average 18 close segments, 5 close false parallels.
Java using 6659782 KB of 19756416 KB.
83.924: [GC [PSYoungGen: 5631616K->469248K(8238848K)] 11402909K->6602685K(21894400K), 1.1729630 secs] [Times: user=11.30 sys=3.88, real=1.17 secs] 
108.461: [GC [PSYoungGen: 8238848K->469248K(10819584K)] 14372285K->7025917K(24475136K), 0.7969330 secs] [Times: user=9.47 sys=0.77, real=0.80 secs] 
140.920: [GC [PSYoungGen: 10819584K->665312K(14259776K)] 17376253K->7221981K(27915328K), 0.4425820 secs] [Times: user=5.15 sys=0.52, real=0.44 secs] 
172.224: [GC [PSYoungGen: 11109280K->844768K(14166144K)] 17665949K->7401437K(27821696K), 0.6325820 secs] [Times: user=7.63 sys=0.54, real=0.63 secs] 
204.667: [GC [PSYoungGen: 11288736K->969824K(15492416K)] 17845405K->7526493K(29147968K), 0.6773500 secs] [Times: user=8.12 sys=0.63, real=0.67 secs] 
244.106: [GC [PSYoungGen: 13575008K->1087232K(16001792K)] 20131677K->7643901K(29657344K), 0.7107250 secs] [Times: user=8.60 sys=0.58, real=0.71 secs] 
283.937: [GC [PSYoungGen: 13692416K->1182624K(16487488K)] 20249085K->7739293K(30143040K), 0.6542480 secs] [Times: user=7.91 sys=0.54, real=0.66 secs] 
327.542: [GC [PSYoungGen: 14951584K->1264416K(16833024K)] 21508253K->7821085K(30488576K), 0.5707230 secs] [Times: user=6.91 sys=0.46, real=0.57 secs] 
371.484: [GC [PSYoungGen: 15033376K->1343360K(17171648K)] 21590045K->7900029K(30827200K), 0.5722390 secs] [Times: user=6.94 sys=0.46, real=0.58 secs] 
418.533: [GC [PSYoungGen: 16056640K->1423488K(17464640K)] 22613309K->7980157K(31120192K), 0.5248000 secs] [Times: user=6.14 sys=0.64, real=0.53 secs] 
465.903: [GC [PSYoungGen: 16136768K->1503808K(17889088K)] 22693437K->8060477K(31544640K), 0.5280870 secs] [Times: user=6.47 sys=0.35, real=0.53 secs] 
516.194: [GC [PSYoungGen: 16986304K->1596832K(18061248K)] 23542973K->8153501K(31716800K), 0.5516810 secs] [Times: user=6.89 sys=0.22, real=0.55 secs] 
567.655: [GC [PSYoungGen: 17079328K->1693120K(18628480K)] 23635997K->8249789K(32284032K), 0.5772650 secs] [Times: user=7.01 sys=0.44, real=0.58 secs] 
Splitting done.
Java using 15726477 KB of 32284032 KB.
632.981: [GC [PSYoungGen: 17835392K->1761952K(18690880K)] 24392061K->8318621K(32346432K), 2.8272730 secs] [Times: user=13.17 sys=23.44, real=2.82 secs] 
707.560: [GC [PSYoungGen: 17904224K->1831072K(19254144K)] 24460893K->8387741K(32909696K), 0.8417270 secs] [Times: user=10.45 sys=0.43, real=0.84 secs] 
779.382: [GC [PSYoungGen: 18524704K->1578400K(19291776K)] 25081373K->8459453K(32947328K), 1.5464640 secs] [Times: user=18.20 sys=1.82, real=1.54 secs] 
Analysis done.
Java using 22914342 KB of 32947328 KB.
Node Correlation done.
Java using 24592864 KB of 32947328 KB.
856.704: [GC [PSYoungGen: 18272032K->2469421K(19536640K)] 25153085K->9483067K(33192192K), 5.7934440 secs] [Times: user=45.25 sys=29.83, real=5.80 secs] 
Done.
Processing time: 854652 ms
Java using 15225861 KB of 33192192 KB.
Writing results...
Skipped writeAllNodes (Writer creation failed for path: ).
Skipped writeAllSegments (Writer creation failed for path: ).
Skipped writeMidPointConnectors (Writer creation failed for path: ).
Output: 755055 lines.
Java using 16917391 KB of 33192192 KB.
877.925: [GC [PSYoungGen: 10244030K->2781997K(19795840K)] 17257676K->11216507K(33451392K), 6.5294940 secs] [Times: user=35.57 sys=49.02, real=6.52 secs] 
884.454: [Full GC (System) [PSYoungGen: 2781997K->0K(19795840K)] [PSOldGen: 8434509K->11212048K(13655552K)] 11216507K->11212048K(33451392K) [PSPermGen: 24295K->24295K(54528K)], 27.7911480 secs] [Times: user=26.39 sys=1.36, real=27.80 secs] 
Java using 11212048 KB of 33451392 KB.
Heap
 PSYoungGen      total 19795840K, used 1358649K [0x00007f3894d60000, 0x00007f3e816a0000, 0x00007f40cd000000)
  eden space 17013824K, 7% used [0x00007f3894d60000,0x00007f38e7c2e5c0,0x00007f3ca3470000)
  from space 2782016K, 0% used [0x00007f3ca3470000,0x00007f3ca3470000,0x00007f3d4d140000)
  to   space 3630208K, 0% used [0x00007f3da3d80000,0x00007f3da3d80000,0x00007f3e816a0000)
 PSOldGen        total 13655552K, used 11212048K [0x00007f2824800000, 0x00007f2b65f80000, 0x00007f3894d60000)
  object space 13655552K, 82% used [0x00007f2824800000,0x00007f2ad0d44230,0x00007f2b65f80000)
 PSPermGen       total 54528K, used 24311K [0x00007f281a200000, 0x00007f281d740000, 0x00007f2824800000)
  object space 54528K, 44% used [0x00007f281a200000,0x00007f281b9bded0,0x00007f281d740000)

real	15m16.302s
user	18m55.699s
sys	2m26.793s



Mon Jun  3 18:52:02 CEST 2013



Java maximum available memory: 91932480 KB.
Reading content roads-network-nolinks
Features read from Shapefile: 162997
6.694: [GC [PSYoungGen: 2815808K->469224K(3285056K)] 2815808K->1662982K(10793728K), 0.7301300 secs] [Times: user=8.05 sys=1.20, real=0.73 secs] 
Java using 2057196 KB of 10793728 KB.
Total segment count: 1146686
Regionalisation done; on average 11 close segments, 4 close false parallels.
Java using 3265642 KB of 10793728 KB.
24.558: [GC [PSYoungGen: 3285032K->469248K(6100864K)] 4478790K->2526391K(13609536K), 1.2789560 secs] [Times: user=10.25 sys=6.26, real=1.28 secs] 
43.138: [GC [PSYoungGen: 6100864K->469248K(6100864K)] 8158007K->2611287K(13609536K), 0.2725060 secs] [Times: user=2.97 sys=0.46, real=0.27 secs] 
61.801: [GC [PSYoungGen: 6100864K->469248K(11732480K)] 8242903K->2663863K(19241152K), 0.2761060 secs] [Times: user=3.14 sys=0.41, real=0.28 secs] 
Splitting done.
Java using 3339424 KB of 19241152 KB.
Analysis done.
Java using 8969183 KB of 19241152 KB.
Node Correlation done.
Java using 9644830 KB of 19241152 KB.
Done.
Processing time: 88229 ms
Java using 12572346 KB of 19241152 KB.
Writing results...
Skipped writeAllNodes (Writer creation failed for path: ).
Skipped writeAllSegments (Writer creation failed for path: ).
Skipped writeMidPointConnectors (Writer creation failed for path: ).
Output: 140683 lines.
Java using 13473179 KB of 19241152 KB.
99.729: [GC [PSYoungGen: 11503837K->469246K(11732480K)] 13698452K->3840374K(19241152K), 2.5451540 secs] [Times: user=14.00 sys=18.97, real=2.55 secs] 
102.275: [Full GC (System) [PSYoungGen: 469246K->0K(11732480K)] [PSOldGen: 3371127K->3839512K(7508672K)] 3840374K->3839512K(19241152K) [PSPermGen: 24301K->24301K(48896K)], 8.4825900 secs] [Times: user=8.23 sys=0.24, real=8.48 secs] 
Java using 3839512 KB of 19241152 KB.
Heap
 PSYoungGen      total 11732480K, used 892968K [0x00007fda07ed0000, 0x00007fdcf0a90000, 0x00007fe240170000)
  eden space 11263232K, 7% used [0x00007fda07ed0000,0x00007fda3e6da2f0,0x00007fdcb7610000)
  from space 469248K, 0% used [0x00007fdcb7610000,0x00007fdcb7610000,0x00007fdcd4050000)
  to   space 469248K, 0% used [0x00007fdcd4050000,0x00007fdcd4050000,0x00007fdcf0a90000)
 PSOldGen        total 7508672K, used 3839512K [0x00007fc997970000, 0x00007fcb61e20000, 0x00007fda07ed0000)
  object space 7508672K, 51% used [0x00007fc997970000,0x00007fca81ef61b8,0x00007fcb61e20000)
 PSPermGen       total 48896K, used 24318K [0x00007fc98d370000, 0x00007fc990330000, 0x00007fc997970000)
  object space 48896K, 49% used [0x00007fc98d370000,0x00007fc98eb2f808,0x00007fc990330000)

real	1m52.751s
user	2m21.261s
sys	0m38.322s



Mon Jun  3 18:53:55 CEST 2013



Java maximum available memory: 91932480 KB.
Reading content roads-mtp
Features read from Shapefile: 213458
6.632: [GC [PSYoungGen: 2815808K->469235K(3285056K)] 2815808K->1637025K(10793728K), 0.7377210 secs] [Times: user=8.22 sys=1.18, real=0.74 secs] 
Jun 3, 2013 6:54:02 PM org.geotools.data.shapefile.ng.files.ShpFiles logCurrentLockers
SEVERE: The following locker still has a lock: read on file:/home/arne/git/project/../../data/de/roads-mtp.shp by org.geotools.data.shapefile.ng.shp.ShapefileReader
Jun 3, 2013 6:54:02 PM org.geotools.data.shapefile.ng.files.ShpFiles logCurrentLockers
SEVERE: The following locker still has a lock: read on file:/home/arne/git/project/../../data/de/roads-mtp.shx by org.geotools.data.shapefile.ng.shp.IndexFile
Jun 3, 2013 6:54:02 PM org.geotools.data.shapefile.ng.files.ShpFiles logCurrentLockers
SEVERE: The following locker still has a lock: read on file:/home/arne/git/project/../../data/de/roads-mtp.dbf by org.geotools.data.shapefile.ng.dbf.DbaseFileReader
Java using 2538084 KB of 10793728 KB.
Total segment count: 1313684
27.380: [GC [PSYoungGen: 3285043K->469248K(6100864K)] 4452833K->3103935K(13609536K), 1.2585500 secs] [Times: user=13.33 sys=2.96, real=1.26 secs] 
Regionalisation done; on average 16 close segments, 7 close false parallels.
Java using 3214991 KB of 13609536 KB.
46.234: [GC [PSYoungGen: 6100864K->469248K(6100864K)] 8735551K->3442399K(13609536K), 1.0160390 secs] [Times: user=9.28 sys=3.79, real=1.01 secs] 
63.625: [GC [PSYoungGen: 6100864K->469248K(11732480K)] 9074015K->3484447K(19241152K), 0.3134970 secs] [Times: user=3.68 sys=0.36, real=0.31 secs] 
99.015: [GC [PSYoungGen: 11732480K->469248K(11732480K)] 14747679K->3565439K(19241152K), 0.3871000 secs] [Times: user=4.41 sys=0.35, real=0.39 secs] 
133.904: [GC [PSYoungGen: 11732480K->552352K(24716736K)] 14828671K->3648543K(32225408K), 0.3088470 secs] [Times: user=3.60 sys=0.39, real=0.31 secs] 
Splitting done.
Java using 18617871 KB of 32225408 KB.
219.129: [GC [PSYoungGen: 23078816K->289408K(24783040K)] 26175007K->3793183K(32291712K), 1.2789740 secs] [Times: user=8.43 sys=7.99, real=1.28 secs] 
Analysis done.
Java using 17306404 KB of 32291712 KB.
Node Correlation done.
Java using 19108264 KB of 32291712 KB.
Done.
Processing time: 287623 ms
Java using 21811005 KB of 32291712 KB.
Writing results...
Skipped writeAllNodes (Writer creation failed for path: ).
Skipped writeAllSegments (Writer creation failed for path: ).
Skipped writeMidPointConnectors (Writer creation failed for path: ).
Output: 141542 lines.
Java using 22711983 KB of 32291712 KB.
300.309: [GC [PSYoungGen: 19658745K->1769190K(31800064K)] 23162520K->5324221K(39308736K), 4.4808800 secs] [Times: user=34.31 sys=23.77, real=4.48 secs] 
304.790: [Full GC (System) [PSYoungGen: 1769190K->0K(31800064K)] [PSOldGen: 3555031K->5320270K(7508672K)] 5324221K->5320270K(39308736K) [PSPermGen: 24521K->24521K(49344K)], 13.2695840 secs] [Times: user=12.30 sys=0.94, real=13.27 secs] 
Java using 5320270 KB of 39308736 KB.
Heap
 PSYoungGen      total 31800064K, used 2345536K [0x00007f1c00d60000, 0x00007f2439000000, 0x00007f2439000000)
  eden space 29560704K, 7% used [0x00007f1c00d60000,0x00007f1c8fff02e0,0x00007f230d140000)
  from space 2239360K, 0% used [0x00007f23b0520000,0x00007f23b0520000,0x00007f2439000000)
  to   space 2456960K, 0% used [0x00007f230d140000,0x00007f230d140000,0x00007f23a30a0000)
 PSOldGen        total 7508672K, used 5320270K [0x00007f0b90800000, 0x00007f0d5acb0000, 0x00007f1c00d60000)
  object space 7508672K, 70% used [0x00007f0b90800000,0x00007f0cd5393bc8,0x00007f0d5acb0000)
 PSPermGen       total 49344K, used 24537K [0x00007f0b86200000, 0x00007f0b89230000, 0x00007f0b90800000)
  object space 49344K, 49% used [0x00007f0b86200000,0x00007f0b879f66e8,0x00007f0b89230000)

real	5m21.566s
user	6m21.268s
sys	1m3.048s



Mon Jun  3 18:59:16 CEST 2013



Java maximum available memory: 91932480 KB.
Reading content roads-classified
Features read from Shapefile: 663037
8.042: [GC [PSYoungGen: 2815808K->469235K(3285056K)] 2815808K->1278873K(10793728K), 1.0236050 secs] [Times: user=12.22 sys=0.91, real=1.02 secs] 
Jun 3, 2013 6:59:25 PM org.geotools.data.shapefile.ng.files.ShpFiles logCurrentLockers
SEVERE: The following locker still has a lock: read on file:/home/arne/git/project/../../data/de/roads-classified.shp by org.geotools.data.shapefile.ng.shp.ShapefileReader
Jun 3, 2013 6:59:25 PM org.geotools.data.shapefile.ng.files.ShpFiles logCurrentLockers
SEVERE: The following locker still has a lock: read on file:/home/arne/git/project/../../data/de/roads-classified.shx by org.geotools.data.shapefile.ng.shp.IndexFile
Jun 3, 2013 6:59:25 PM org.geotools.data.shapefile.ng.files.ShpFiles logCurrentLockers
SEVERE: The following locker still has a lock: read on file:/home/arne/git/project/../../data/de/roads-classified.dbf by org.geotools.data.shapefile.ng.dbf.DbaseFileReader
11.733: [GC [PSYoungGen: 3285043K->469240K(6100864K)] 4094681K->3158518K(13609536K), 1.0571240 secs] [Times: user=11.99 sys=1.70, real=1.06 secs] 
21.175: [GC [PSYoungGen: 6100856K->469248K(6100864K)] 8790134K->6818497K(13609536K), 1.9848220 secs] [Times: user=22.85 sys=2.75, real=1.98 secs] 
23.160: [Full GC [PSYoungGen: 469248K->0K(6100864K)] [PSOldGen: 6349249K->6817630K(15606400K)] 6818497K->6817630K(21707264K) [PSPermGen: 23969K->23969K(48256K)], 12.0419360 secs] [Times: user=11.82 sys=0.21, real=12.04 secs] 
Java using 9295420 KB of 21707264 KB.
Total segment count: 5272233
69.184: [GC [PSYoungGen: 5631616K->469248K(7872256K)] 12449246K->9973742K(23478656K), 1.9399540 secs] [Times: user=21.77 sys=3.35, real=1.94 secs] 
Regionalisation done; on average 12 close segments, 5 close false parallels.
Java using 12747366 KB of 23478656 KB.
117.119: [GC [PSYoungGen: 7872256K->469248K(9915776K)] 17376750K->11915054K(25522176K), 2.4674900 secs] [Times: user=17.73 sys=14.17, real=2.47 secs] 
145.668: [GC [PSYoungGen: 9915776K->741920K(13558784K)] 21361582K->12187726K(29165184K), 0.5495910 secs] [Times: user=6.51 sys=0.57, real=0.54 secs] 
173.282: [GC [PSYoungGen: 9986592K->813952K(13760640K)] 21432398K->12259758K(29367040K), 0.6036610 secs] [Times: user=7.32 sys=0.47, real=0.60 secs] 
201.052: [GC [PSYoungGen: 10058624K->814976K(14942080K)] 21504430K->12260782K(30548480K), 0.4770990 secs] [Times: user=5.62 sys=0.53, real=0.48 secs] 
234.651: [GC [PSYoungGen: 11560832K->878240K(15269888K)] 23006638K->12324046K(30876288K), 0.4346800 secs] [Times: user=5.25 sys=0.36, real=0.44 secs] 
268.308: [GC [PSYoungGen: 11624096K->929920K(15555840K)] 23069902K->12375726K(31162240K), 0.3970110 secs] [Times: user=4.76 sys=0.36, real=0.40 secs] 
304.772: [GC [PSYoungGen: 12390976K->996576K(15806272K)] 23836782K->12442382K(31412672K), 0.3751980 secs] [Times: user=4.66 sys=0.16, real=0.37 secs] 
341.963: [GC [PSYoungGen: 12457632K->1067744K(15810816K)] 23903438K->12513550K(31417216K), 0.3835020 secs] [Times: user=4.71 sys=0.24, real=0.38 secs] 
Splitting done.
Java using 16617929 KB of 31417216 KB.
392.906: [GC [PSYoungGen: 13057888K->1159136K(16060544K)] 24503694K->12604942K(31666944K), 1.7468780 secs] [Times: user=9.62 sys=12.99, real=1.75 secs] 
448.249: [GC [PSYoungGen: 13149280K->1265216K(15999232K)] 24595086K->12711022K(31605632K), 0.9334830 secs] [Times: user=11.81 sys=0.26, real=0.93 secs] 
504.437: [GC [PSYoungGen: 13774016K->1366304K(16235008K)] 25219822K->12812110K(31841408K), 1.5073600 secs] [Times: user=18.99 sys=0.53, real=1.50 secs] 
Analysis done.
Java using 15078898 KB of 31841408 KB.
Node Correlation done.
Java using 17595870 KB of 31841408 KB.
544.285: [GC [PSYoungGen: 13875104K->3539306K(15517632K)] 25320910K->16414736K(31124032K), 4.2996440 secs] [Times: user=29.97 sys=25.67, real=4.30 secs] 
Done.
Processing time: 515982 ms
Java using 21646494 KB of 31124032 KB.
Writing results...
Skipped writeAllNodes (Writer creation failed for path: ).
Skipped writeAllSegments (Writer creation failed for path: ).
Skipped writeMidPointConnectors (Writer creation failed for path: ).
Output: 426308 lines.
Java using 24501947 KB of 31124032 KB.
566.610: [GC [PSYoungGen: 11866092K->4610794K(16589120K)] 24741522K->17989232K(32195520K), 7.6672030 secs] [Times: user=31.83 sys=67.48, real=7.67 secs] 
574.278: [Full GC (System) [PSYoungGen: 4610794K->2373648K(16589120K)] [PSOldGen: 13378438K->15606399K(15606400K)] 17989232K->17980048K(32195520K) [PSPermGen: 25401K->25401K(55552K)], 41.4580010 secs] [Times: user=39.49 sys=1.88, real=41.46 secs] 
Java using 17980048 KB of 32195520 KB.
Heap
 PSYoungGen      total 16589120K, used 3325953K [0x00007f6ae8d60000, 0x00007f70bd780000, 0x00007f7321000000)
  eden space 11978304K, 27% used [0x00007f6ae8d60000,0x00007f6bb3d60450,0x00007f6dc3ef0000)
  from space 4610816K, 0% used [0x00007f6dc3ef0000,0x00007f6dc3ef0000,0x00007f6edd5b0000)
  to   space 5535936K, 0% used [0x00007f6f6b950000,0x00007f6f6b950000,0x00007f70bd780000)
 PSOldGen        total 15606400K, used 15606399K [0x00007f5a78800000, 0x00007f5e310a0000, 0x00007f6ae8d60000)
  object space 15606400K, 99% used [0x00007f5a78800000,0x00007f5e3109fff8,0x00007f5e310a0000)
 PSPermGen       total 55552K, used 25417K [0x00007f5a6e200000, 0x00007f5a71840000, 0x00007f5a78800000)
  object space 55552K, 45% used [0x00007f5a6e200000,0x00007f5a6fad2688,0x00007f5a71840000)

real	10m19.998s
user	13m18.646s
sys	2m38.918s



Mon Jun  3 19:09:36 CEST 2013



Java maximum available memory: 91932480 KB.
Reading content roads-network
7.950: [GC [PSYoungGen: 2815808K->469231K(3285056K)] 2815808K->1283709K(10793728K), 1.0451960 secs] [Times: user=12.50 sys=0.86, real=1.04 secs] 
Jun 3, 2013 7:09:45 PM org.geotools.data.shapefile.ShpFiles logCurrentLockers
SEVERE: The following locker still has a lock: read on file:/home/arne/git/project/../../data/de/roads-network.dbf by org.geotools.data.shapefile.dbf.IndexedDbaseFileReader
Jun 3, 2013 7:09:45 PM org.geotools.data.shapefile.ShpFiles logCurrentLockers
SEVERE: The following locker still has a lock: read on file:/home/arne/git/project/../../data/de/roads-network.shp by org.geotools.data.shapefile.shp.ShapefileReader
Jun 3, 2013 7:09:45 PM org.geotools.data.shapefile.ShpFiles logCurrentLockers
SEVERE: The following locker still has a lock: read on file:/home/arne/git/project/../../data/de/roads-network.shx by org.geotools.data.shapefile.shp.IndexFile
Features read from Shapefile: 929130
11.990: [GC [PSYoungGen: 3285039K->469235K(6100864K)] 4099517K->2934977K(13609536K), 1.1292600 secs] [Times: user=13.10 sys=1.51, real=1.12 secs] 
21.005: [GC [PSYoungGen: 6100851K->469248K(6100864K)] 8566593K->6657533K(13609536K), 1.9966600 secs] [Times: user=23.11 sys=2.64, real=2.00 secs] 
23.001: [Full GC [PSYoungGen: 469248K->0K(6100864K)] [PSOldGen: 6188285K->6656667K(15375744K)] 6657533K->6656667K(21476608K) [PSPermGen: 23829K->23829K(47680K)], 11.6945250 secs] [Times: user=11.48 sys=0.19, real=11.69 secs] 
43.116: [GC [PSYoungGen: 5631616K->469248K(7957824K)] 12288283K->10259259K(23333568K), 1.5619640 secs] [Times: user=17.84 sys=2.39, real=1.57 secs] 
Java using 13104778 KB of 23333568 KB.
Total segment count: 7606864
95.865: [GC [PSYoungGen: 7957824K->469248K(10122816K)] 17747835K->14516523K(25498560K), 2.7507740 secs] [Times: user=30.96 sys=4.58, real=2.75 secs] 
98.616: [Full GC [PSYoungGen: 469248K->0K(10122816K)] [PSOldGen: 14047275K->14515653K(27727360K)] 14516523K->14515653K(37850176K) [PSPermGen: 23988K->23988K(54016K)], 31.1785720 secs] [Times: user=30.03 sys=1.10, real=31.18 secs] 
Regionalisation done; on average 11 close segments, 4 close false parallels.
Java using 17942117 KB of 37850176 KB.
189.633: [GC [PSYoungGen: 9653568K->2386144K(15722176K)] 24169221K->16901797K(43449536K), 2.6385540 secs] [Times: user=17.75 sys=16.40, real=2.64 secs] 
218.447: [GC [PSYoungGen: 12271712K->2665440K(15490176K)] 26787365K->17181093K(43217536K), 1.8870900 secs] [Times: user=15.23 sys=9.20, real=1.88 secs] 
248.694: [GC [PSYoungGen: 12551008K->2731904K(16475328K)] 27066661K->17247557K(44202688K), 1.1178870 secs] [Times: user=12.90 sys=1.56, real=1.11 secs] 
284.647: [GC [PSYoungGen: 14609472K->2744704K(16983104K)] 29125125K->17260357K(44710464K), 0.9313310 secs] [Times: user=10.82 sys=1.23, real=0.93 secs] 
321.191: [GC [PSYoungGen: 14622272K->2792832K(17336512K)] 29137925K->17308485K(45063872K), 0.8877570 secs] [Times: user=11.12 sys=0.36, real=0.88 secs] 
362.039: [GC [PSYoungGen: 15731392K->2882464K(17678144K)] 30247045K->17398117K(45405504K), 0.9343660 secs] [Times: user=11.49 sys=0.59, real=0.93 secs] 
403.452: [GC [PSYoungGen: 15821024K->2971360K(17975168K)] 30336677K->17487013K(45702528K), 0.9414110 secs] [Times: user=11.69 sys=0.48, real=0.95 secs] 
448.113: [GC [PSYoungGen: 16793056K->3064704K(18241344K)] 31308709K->17580357K(45968704K), 0.9835120 secs] [Times: user=12.72 sys=0.00, real=0.98 secs] 
493.599: [GC [PSYoungGen: 16886400K->3162112K(18711296K)] 31402053K->17677765K(46438656K), 0.9925820 secs] [Times: user=12.37 sys=0.47, real=1.00 secs] 
Splitting done.
Java using 32065908 KB of 46438656 KB.
544.257: [GC [PSYoungGen: 17744704K->3254080K(18847424K)] 32260357K->17769733K(46574784K), 5.2643290 secs] [Times: user=21.85 sys=46.34, real=5.26 secs] 
616.052: [GC [PSYoungGen: 17836672K->3372448K(19677696K)] 32352325K->17888101K(47405056K), 1.3017940 secs] [Times: user=16.14 sys=0.70, real=1.31 secs] 
684.434: [GC [PSYoungGen: 18929376K->3479872K(19814720K)] 33445029K->17995525K(47542080K), 2.0159870 secs] [Times: user=17.22 sys=8.87, real=2.02 secs] 
754.665: [GC [PSYoungGen: 19036800K->3588416K(20433088K)] 33552453K->18104069K(48160448K), 1.3728490 secs] [Times: user=17.29 sys=0.49, real=1.37 secs] 
Analysis done.
Java using 20377768 KB of 48160448 KB.
Node Correlation done.
Java using 23298924 KB of 48160448 KB.
800.870: [GC [PSYoungGen: 19720192K->4368569K(20500352K)] 34235845K->22944462K(48227712K), 8.2636380 secs] [Times: user=51.36 sys=55.66, real=8.26 secs] 
Done.
Processing time: 768219 ms
Java using 31271397 KB of 48227712 KB.
Writing results...
Skipped writeAllNodes (Writer creation failed for path: ).
Skipped writeAllSegments (Writer creation failed for path: ).
Skipped writeMidPointConnectors (Writer creation failed for path: ).
Output: 788672 lines.
Java using 35437242 KB of 48227712 KB.
834.690: [GC [PSYoungGen: 17183992K->5212729K(23062720K)] 35759885K->25513406K(50790080K), 8.5986830 secs] [Times: user=47.06 sys=64.37, real=8.60 secs] 
843.289: [Full GC (System) [PSYoungGen: 5212729K->0K(23062720K)] [PSOldGen: 20300677K->25503818K(27727360K)] 25513406K->25503818K(50790080K) [PSPermGen: 25281K->25281K(52800K)], 60.1344300 secs] [Times: user=56.55 sys=3.49, real=60.13 secs] 
Java using 25503818 KB of 50790080 KB.
Heap
 PSYoungGen      total 23062720K, used 1340984K [0x00007f953cd60000, 0x00007f9c71fd0000, 0x00007f9d75000000)
  eden space 16856576K, 7% used [0x00007f953cd60000,0x00007f958eaee190,0x00007f9941ae0000)
  from space 6206144K, 0% used [0x00007f9ad00c0000,0x00007f9ad00c0000,0x00007f9c4ad70000)
  to   space 6526848K, 0% used [0x00007f9941ae0000,0x00007f9941ae0000,0x00007f9ad00c0000)
 PSOldGen        total 27727360K, used 25503818K [0x00007f84cc800000, 0x00007f8b68d80000, 0x00007f953cd60000)
  object space 27727360K, 91% used [0x00007f84cc800000,0x00007f8ae1212a98,0x00007f8b68d80000)
 PSPermGen       total 52800K, used 25298K [0x00007f84c2200000, 0x00007f84c5590000, 0x00007f84cc800000)
  object space 52800K, 47% used [0x00007f84c2200000,0x00007f84c3ab48c8,0x00007f84c5590000)

real	15m9.660s
user	20m17.396s
sys	4m13.764s



Mon Jun  3 19:24:46 CEST 2013



